Component: ARM Compiler 6.16 Tool: armlink [5dfeaa00]

==============================================================================

Section Cross References

    startup_stm32l471xx.o(STACK) refers (Special) to heapauxi.o(.text) for __use_two_region_memory
    startup_stm32l471xx.o(HEAP) refers (Special) to heapauxi.o(.text) for __use_two_region_memory
    startup_stm32l471xx.o(RESET) refers (Special) to heapauxi.o(.text) for __use_two_region_memory
    startup_stm32l471xx.o(RESET) refers to startup_stm32l471xx.o(STACK) for __initial_sp
    startup_stm32l471xx.o(RESET) refers to startup_stm32l471xx.o(.text) for Reset_Handler
    startup_stm32l471xx.o(RESET) refers to stm32l4xx_it.o(.text.NMI_Handler) for NMI_Handler
    startup_stm32l471xx.o(RESET) refers to stm32l4xx_it.o(.text.HardFault_Handler) for HardFault_Handler
    startup_stm32l471xx.o(RESET) refers to stm32l4xx_it.o(.text.MemManage_Handler) for MemManage_Handler
    startup_stm32l471xx.o(RESET) refers to stm32l4xx_it.o(.text.BusFault_Handler) for BusFault_Handler
    startup_stm32l471xx.o(RESET) refers to stm32l4xx_it.o(.text.UsageFault_Handler) for UsageFault_Handler
    startup_stm32l471xx.o(RESET) refers to stm32l4xx_it.o(.text.SVC_Handler) for SVC_Handler
    startup_stm32l471xx.o(RESET) refers to stm32l4xx_it.o(.text.DebugMon_Handler) for DebugMon_Handler
    startup_stm32l471xx.o(RESET) refers to stm32l4xx_it.o(.text.PendSV_Handler) for PendSV_Handler
    startup_stm32l471xx.o(RESET) refers to stm32l4xx_it.o(.text.SysTick_Handler) for SysTick_Handler
    startup_stm32l471xx.o(RESET) refers to stm32l4xx_it.o(.text.DMA1_Channel4_IRQHandler) for DMA1_Channel4_IRQHandler
    startup_stm32l471xx.o(RESET) refers to stm32l4xx_it.o(.text.DMA1_Channel5_IRQHandler) for DMA1_Channel5_IRQHandler
    startup_stm32l471xx.o(RESET) refers to stm32l4xx_it.o(.text.USART1_IRQHandler) for USART1_IRQHandler
    startup_stm32l471xx.o(.text) refers (Special) to heapauxi.o(.text) for __use_two_region_memory
    startup_stm32l471xx.o(.text) refers to system_stm32l4xx.o(.text.SystemInit) for SystemInit
    startup_stm32l471xx.o(.text) refers to __main.o(!!!main) for __main
    startup_stm32l471xx.o(.text) refers to startup_stm32l471xx.o(HEAP) for Heap_Mem
    startup_stm32l471xx.o(.text) refers to startup_stm32l471xx.o(STACK) for Stack_Mem
    atoi_itoa.o(.text.my_atoi) refers to ram_mgmt.o(.text.my_free) for my_free
    atoi_itoa.o(.ARM.exidx.text.my_atoi) refers to atoi_itoa.o(.text.my_atoi) for [Anonymous Symbol]
    atoi_itoa.o(.text.my_atoi_ll) refers to ram_mgmt.o(.text.my_free) for my_free
    atoi_itoa.o(.ARM.exidx.text.my_atoi_ll) refers to atoi_itoa.o(.text.my_atoi_ll) for [Anonymous Symbol]
    atoi_itoa.o(.ARM.exidx.text.my_strlen) refers to atoi_itoa.o(.text.my_strlen) for [Anonymous Symbol]
    atoi_itoa.o(.text.my_strcpy) refers to ram_mgmt.o(.text.my_malloc) for my_malloc
    atoi_itoa.o(.text.my_strcpy) refers to ram_mgmt.o(.text.my_memclear) for my_memclear
    atoi_itoa.o(.text.my_strcpy) refers to ram_mgmt.o(.text.my_memcpy) for my_memcpy
    atoi_itoa.o(.ARM.exidx.text.my_strcpy) refers to atoi_itoa.o(.text.my_strcpy) for [Anonymous Symbol]
    atoi_itoa.o(.ARM.exidx.text.reverseCharArray) refers to atoi_itoa.o(.text.reverseCharArray) for [Anonymous Symbol]
    atoi_itoa.o(.text.reverseStr) refers to ram_mgmt.o(.text.my_malloc) for my_malloc
    atoi_itoa.o(.text.reverseStr) refers to ram_mgmt.o(.text.my_free) for my_free
    atoi_itoa.o(.ARM.exidx.text.reverseStr) refers to atoi_itoa.o(.text.reverseStr) for [Anonymous Symbol]
    atoi_itoa.o(.text.my_itoa) refers to ram_mgmt.o(.text.my_malloc) for my_malloc
    atoi_itoa.o(.ARM.exidx.text.my_itoa) refers to atoi_itoa.o(.text.my_itoa) for [Anonymous Symbol]
    atoi_itoa.o(.text.float2string) refers to atoi_itoa.o(.bss.float2string.string) for float2string.string
    atoi_itoa.o(.text.float2string) refers to atoi_itoa.o(.rodata.num2char) for num2char
    atoi_itoa.o(.ARM.exidx.text.float2string) refers to atoi_itoa.o(.text.float2string) for [Anonymous Symbol]
    delay.o(.text.delay_us) refers to main.o(.bss.htim17) for htim17
    delay.o(.text.delay_us) refers to stm32l4xx_hal_tim.o(.text.HAL_TIM_Base_Start) for HAL_TIM_Base_Start
    delay.o(.ARM.exidx.text.delay_us) refers to delay.o(.text.delay_us) for [Anonymous Symbol]
    delay.o(.text.delay_ms) refers to main.o(.bss.htim17) for htim17
    delay.o(.text.delay_ms) refers to stm32l4xx_hal_tim.o(.text.HAL_TIM_Base_Start) for HAL_TIM_Base_Start
    delay.o(.ARM.exidx.text.delay_ms) refers to delay.o(.text.delay_ms) for [Anonymous Symbol]
    my_list.o(.text.CreatList) refers to ram_mgmt.o(.text.my_malloc) for my_malloc
    my_list.o(.ARM.exidx.text.CreatList) refers to my_list.o(.text.CreatList) for [Anonymous Symbol]
    my_list.o(.ARM.exidx.text.isLast) refers to my_list.o(.text.isLast) for [Anonymous Symbol]
    my_list.o(.ARM.exidx.text.SearchList) refers to my_list.o(.text.SearchList) for [Anonymous Symbol]
[...]
    !!!scatter                               0x08000190   Section       52  __scatter.o(!!!scatter)
    !!handler_copy                           0x080001c4   Section       26  __scatter_copy.o(!!handler_copy)
    !!handler_zi                             0x080001e0   Section       28  __scatter_zi.o(!!handler_zi)
    .ARM.Collect$$libinit$$00000000          0x080001fc   Section        2  libinit.o(.ARM.Collect$$libinit$$00000000)
    .ARM.Collect$$libinit$$00000001          0x080001fe   Section        4  libinit2.o(.ARM.Collect$$libinit$$00000001)
    .ARM.Collect$$libinit$$00000004          0x08000202   Section        0  libinit2.o(.ARM.Collect$$libinit$$00000004)
    .ARM.Collect$$libinit$$00000005          0x08000202   Section        8  libinit2.o(.ARM.Collect$$libinit$$00000005)
    .ARM.Collect$$libinit$$0000000A          0x0800020a   Section        0  libinit2.o(.ARM.Collect$$libinit$$0000000A)
    .ARM.Collect$$libinit$$0000000C          0x0800020a   Section        0  libinit2.o(.ARM.Collect$$libinit$$0000000C)
    .ARM.Collect$$libinit$$0000000E          0x0800020a   Section        0  libinit2.o(.ARM.Collect$$libinit$$0000000E)
    .ARM.Collect$$libinit$$00000011          0x0800020a   Section        0  libinit2.o(.ARM.Collect$$libinit$$00000011)
    .ARM.Collect$$libinit$$00000013          0x0800020a   Section        0  libinit2.o(.ARM.Collect$$libinit$$00000013)
    .ARM.Collect$$libinit$$00000015          0x0800020a   Section        0  libinit2.o(.ARM.Collect$$libinit$$00000015)
    .ARM.Collect$$libinit$$00000017          0x0800020a   Section        0  libinit2.o(.ARM.Collect$$libinit$$00000017)
    .ARM.Collect$$libinit$$00000019          0x0800020a   Section        0  libinit2.o(.ARM.Collect$$libinit$$00000019)
    .ARM.Collect$$libinit$$0000001B          0x0800020a   Section        0  libinit2.o(.ARM.Collect$$libinit$$0000001B)
    .ARM.Collect$$libinit$$0000001D          0x0800020a   Section        0  libinit2.o(.ARM.Collect$$libinit$$0000001D)
    .ARM.Collect$$libinit$$0000001F          0x0800020a   Section        0  libinit2.o(.ARM.Collect$$libinit$$0000001F)
    .ARM.Collect$$libinit$$00000021          0x0800020a   Section        0  libinit2.o(.ARM.Collect$$libinit$$00000021)
    .ARM.Collect$$libinit$$00000023          0x0800020a   Section        0  libinit2.o(.ARM.Collect$$libinit$$00000023)
    .ARM.Collect$$libinit$$00000025          0x0800020a   Section        0  libinit2.o(.ARM.Collect$$libinit$$00000025)
    .ARM.Collect$$libinit$$0000002C          0x0800020a   Section        0  libinit2.o(.ARM.Collect$$libinit$$0000002C)
    .ARM.Collect$$libinit$$0000002E          0x0800020a   Section        0  libinit2.o(.ARM.Collect$$libinit$$0000002E)
    .ARM.Collect$$libinit$$00000030          0x0800020a   Section        0  libinit2.o(.ARM.Collect$$libinit$$00000030)
    .ARM.Collect$$libinit$$00000032          0x0800020a   Section        0  libinit2.o(.ARM.Collect$$libinit$$00000032)
    .ARM.Collect$$libinit$$00000033          0x0800020a   Section        2  libinit2.o(.ARM.Collect$$libinit$$00000033)
    .ARM.Collect$$libshutdown$$00000000      0x0800020c   Section        2  libshutdown.o(.ARM.Collect$$libshutdown$$00000000)
    .ARM.Collect$$libshutdown$$00000002      0x0800020e   Section        0  libshutdown2.o(.ARM.Collect$$libshutdown$$00000002)
    .ARM.Collect$$libshutdown$$00000004      0x0800020e   Section        0  libshutdown2.o(.ARM.Collect$$libshutdown$$00000004)
    .ARM.Collect$$libshutdown$$00000007      0x0800020e   Section        0  libshutdown2.o(.ARM.Collect$$libshutdown$$00000007)
    .ARM.Collect$$libshutdown$$0000000A      0x0800020e   Section        0  libshutdown2.o(.ARM.Collect$$libshutdown$$0000000A)
    .ARM.Collect$$libshutdown$$0000000C      0x0800020e   Section        0  libshutdown2.o(.ARM.Collect$$libshutdown$$0000000C)
    .ARM.Collect$$libshutdown$$0000000F      0x0800020e   Section        0  libshutdown2.o(.ARM.Collect$$libshutdown$$0000000F)
    .ARM.Collect$$libshutdown$$00000010      0x0800020e   Section        2  libshutdown2.o(.ARM.Collect$$libshutdown$$00000010)
    .ARM.Collect$$rtentry$$00000000          0x08000210   Section        0  __rtentry.o(.ARM.Collect$$rtentry$$00000000)
    .ARM.Collect$$rtentry$$00000002          0x08000210   Section        0  __rtentry2.o(.ARM.Collect$$rtentry$$00000002)
    .ARM.Collect$$rtentry$$00000004          0x08000210   Section        6  __rtentry4.o(.ARM.Collect$$rtentry$$00000004)
    .ARM.Collect$$rtentry$$00000009          0x08000216   Section        0  __rtentry2.o(.ARM.Collect$$rtentry$$00000009)
    .ARM.Collect$$rtentry$$0000000A          0x08000216   Section        4  __rtentry2.o(.ARM.Collect$$rtentry$$0000000A)
    .ARM.Collect$$rtentry$$0000000C          0x0800021a   Section        0  __rtentry2.o(.ARM.Collect$$rtentry$$0000000C)
    .ARM.Collect$$rtentry$$0000000D          0x0800021a   Section        8  __rtentry2.o(.ARM.Collect$$rtentry$$0000000D)
    .ARM.Collect$$rtexit$$00000000           0x08000222   Section        2  rtexit.o(.ARM.Collect$$rtexit$$00000000)
    .ARM.Collect$$rtexit$$00000002           0x08000224   Section        0  rtexit2.o(.ARM.Collect$$rtexit$$00000002)
    .ARM.Collect$$rtexit$$00000003           0x08000224   Section        4  rtexit2.o(.ARM.Collect$$rtexit$$00000003)
    .ARM.Collect$$rtexit$$00000004           0x08000228   Section        6  rtexit2.o(.ARM.Collect$$rtexit$$00000004)
    $v0                                      0x08000230   Number         0  startup_stm32l471xx.o(.text)
    .text                                    0x08000230   Section       64  startup_stm32l471xx.o(.text)
    .text                                    0x08000270   Section        0  calloc.o(.text)
    .text                                    0x08000298   Section        0  h1_free.o(.text)
    .text                                    0x080002e6   Section      240  lludivv7m.o(.text)
    .text                                    0x080003d6   Section      138  rt_memcpy_v6.o(.text)
    .text                                    0x08000460   Section      100  rt_memcpy_w.o(.text)
    .text                                    0x080004c4   Section       22  memset.o(.text)
    .text                                    0x080004da   Section       16  aeabi_memset.o(.text)
    .text                                    0x080004ea   Section       68  rt_memclr.o(.text)
    .text                                    0x0800052e   Section       78  rt_memclr_w.o(.text)
    .text                                    0x0800057c   Section        0  heapauxi.o(.text)
    .text                                    0x08000584   Section        8  rt_heap_descriptor_intlibspace.o(.text)
    .text                                    0x0800058c   Section        0  hguard.o(.text)
    .text                                    0x08000590   Section        0  init_alloc.o(.text)
    .text                                    0x0800061a   Section        0  h1_alloc.o(.text)
    .text                                    0x08000678   Section        8  libspace.o(.text)
    .text                                    0x08000680   Section        0  maybetermalloc1.o(.text)
    .text                                    0x08000680   Section        0  h1_init.o(.text)
    .text                                    0x0800068e   Section        0  h1_extend.o(.text)
    .text                                    0x080006c2   Section        0  defsig_rtmem_outer.o(.text)
    .text                                    0x080006d0   Section       74  sys_stackheap_outer.o(.text)
    .text                                    0x0800071a   Section        0  exit.o(.text)
    .text                                    0x0800072c   Section        0  defsig_exit.o(.text)
    .text                                    0x08000738   Section        0  defsig_rtmem_inner.o(.text)
    .text                                    0x08000788   Section        0  sys_exit.o(.text)
    .text                                    0x08000794   Section        2  use_no_semi.o(.text)
    .text                                    0x08000796   Section        0  indicate_semi.o(.text)
    .text                                    0x08000796   Section        0  defsig_general.o(.text)
    .text                                    0x080007c8   Section        0  sys_wrch.o(.text)
    [Anonymous Symbol]                       0x080007d8   Section        0  my_list.o(.text.AppendList)
    [Anonymous Symbol]                       0x08000834   Section        0  stm32l4xx_it.o(.text.BusFault_Handler)
    [Anonymous Symbol]                       0x08000838   Section        0  stm32l4xx_it.o(.text.DMA1_Channel4_IRQHandler)
    [Anonymous Symbol]                       0x08000844   Section        0  stm32l4xx_it.o(.text.DMA1_Channel5_IRQHandler)
    [Anonymous Symbol]                       0x08000850   Section        0  stm32l4xx_it.o(.text.DebugMon_Handler)
    [Anonymous Symbol]                       0x08000854   Section        0  main.o(.text.Error_Handler)
    GetContent                               0x08000861   Thumb Code     6  uart.o(.text.GetContent)
    [Anonymous Symbol]                       0x08000860   Section        0  uart.o(.text.GetContent)
    [Anonymous Symbol]                       0x08000868   Section        0  stm32l4xx_hal_dma.o(.text.HAL_DMA_Abort)
    [Anonymous Symbol]                       0x080008b4   Section        0  stm32l4xx_hal_dma.o(.text.HAL_DMA_Abort_IT)
    [Anonymous Symbol]                       0x08000910   Section        0  stm32l4xx_hal_dma.o(.text.HAL_DMA_GetError)
    [Anonymous Symbol]                       0x08000914   Section        0  stm32l4xx_hal_dma.o(.text.HAL_DMA_IRQHandler)
    [Anonymous Symbol]                       0x080009c8   Section        0  stm32l4xx_hal_dma.o(.text.HAL_DMA_Init)
    [Anonymous Symbol]                       0x08000a94   Section        0  stm32l4xx_hal_dma.o(.text.HAL_DMA_Start_IT)
    [Anonymous Symbol]                       0x08000b38   Section        0  stm32l4xx_hal_gpio.o(.text.HAL_GPIO_Init)
    [Anonymous Symbol]                       0x08000d38   Section        0  stm32l4xx_hal.o(.text.HAL_GetTick)
    [Anonymous Symbol]                       0x08000d44   Section        0  stm32l4xx_hal.o(.text.HAL_IncTick)
    [Anonymous Symbol]                       0x08000d60   Section        0  stm32l4xx_hal.o(.text.HAL_Init)
    [Anonymous Symbol]                       0x08000d80   Section        0  stm32l4xx_hal.o(.text.HAL_InitTick)
    [Anonymous Symbol]                       0x08000dd0   Section        0  stm32l4xx_hal_msp.o(.text.HAL_MspInit)
    [Anonymous Symbol]                       0x08000e04   Section        0  stm32l4xx_hal_cortex.o(.text.HAL_NVIC_EnableIRQ)
    [Anonymous Symbol]                       0x08000e24   Section        0  stm32l4xx_hal_cortex.o(.text.HAL_NVIC_SetPriority)
    [Anonymous Symbol]                       0x08000e7c   Section        0  stm32l4xx_hal_cortex.o(.text.HAL_NVIC_SetPriorityGrouping)
    [Anonymous Symbol]                       0x08000e9c   Section        0  stm32l4xx_hal_pwr_ex.o(.text.HAL_PWREx_ControlVoltageScaling)
    [Anonymous Symbol]                       0x08000f34   Section        0  stm32l4xx_hal_pwr_ex.o(.text.HAL_PWREx_GetVoltageRange)
    [Anonymous Symbol]                       0x08000f44   Section        0  stm32l4xx_hal_rcc_ex.o(.text.HAL_RCCEx_PeriphCLKConfig)
    [Anonymous Symbol]                       0x080012e4   Section        0  stm32l4xx_hal_rcc.o(.text.HAL_RCC_ClockConfig)
    [Anonymous Symbol]                       0x08001560   Section        0  stm32l4xx_hal_rcc.o(.text.HAL_RCC_GetPCLK1Freq)
    [Anonymous Symbol]                       0x0800158c   Section        0  stm32l4xx_hal_rcc.o(.text.HAL_RCC_GetPCLK2Freq)
    [Anonymous Symbol]                       0x080015b8   Section        0  stm32l4xx_hal_rcc.o(.text.HAL_RCC_GetSysClockFreq)
    [Anonymous Symbol]                       0x0800167c   Section        0  stm32l4xx_hal_rcc.o(.text.HAL_RCC_OscConfig)
    [Anonymous Symbol]                       0x08001df0   Section        0  stm32l4xx_hal_cortex.o(.text.HAL_SYSTICK_Config)
    [Anonymous Symbol]                       0x08001e1c   Section        0  stm32l4xx_hal_tim.o(.text.HAL_TIM_Base_Init)
    [Anonymous Symbol]                       0x08001e80   Section        0  stm32l4xx_hal_msp.o(.text.HAL_TIM_Base_MspInit)
    [Anonymous Symbol]                       0x08001eb4   Section        0  stm32l4xx_hal_tim.o(.text.HAL_TIM_Base_Start)
    [Anonymous Symbol]                       0x08001f60   Section        0  stm32l4xx_hal_uart.o(.text.HAL_UARTEx_RxEventCallback)
    [Anonymous Symbol]                       0x08001f64   Section        0  stm32l4xx_hal_uart_ex.o(.text.HAL_UARTEx_WakeupCallback)
    [Anonymous Symbol]                       0x08001f68   Section        0  stm32l4xx_hal_uart.o(.text.HAL_UART_DMAStop)
    [Anonymous Symbol]                       0x080021ac   Section        0  stm32l4xx_hal_uart.o(.text.HAL_UART_ErrorCallback)
    [Anonymous Symbol]                       0x080021b0   Section        0  stm32l4xx_hal_uart.o(.text.HAL_UART_IRQHandler)
    [Anonymous Symbol]                       0x08002794   Section        0  stm32l4xx_hal_uart.o(.text.HAL_UART_Init)
    [Anonymous Symbol]                       0x08002858   Section        0  stm32l4xx_hal_msp.o(.text.HAL_UART_MspInit)
    [Anonymous Symbol]                       0x08002970   Section        0  stm32l4xx_hal_uart.o(.text.HAL_UART_Receive_DMA)
    [Anonymous Symbol]                       0x08002b6c   Section        0  stm32l4xx_hal_uart.o(.text.HAL_UART_RxCpltCallback)
    [Anonymous Symbol]                       0x08002b70   Section        0  stm32l4xx_hal_uart.o(.text.HAL_UART_RxHalfCpltCallback)
    [Anonymous Symbol]                       0x08002b74   Section        0  stm32l4xx_hal_uart.o(.text.HAL_UART_Transmit_DMA)
    [Anonymous Symbol]                       0x08002c6c   Section        0  uart.o(.text.HAL_UART_TxCpltCallback)
    [Anonymous Symbol]                       0x08002c94   Section        0  stm32l4xx_hal_uart.o(.text.HAL_UART_TxHalfCpltCallback)
    [Anonymous Symbol]                       0x08002c98   Section        0  stm32l4xx_it.o(.text.HardFault_Handler)
    [Anonymous Symbol]                       0x08002c9c   Section        0  stm32l4xx_it.o(.text.MemManage_Handler)
    [Anonymous Symbol]                       0x08002ca0   Section        0  stm32l4xx_it.o(.text.NMI_Handler)
    [Anonymous Symbol]                       0x08002ca4   Section        0  stm32l4xx_it.o(.text.PendSV_Handler)
    RCCEx_PLLSAI1_Config                     0x08002ca9   Thumb Code   366  stm32l4xx_hal_rcc_ex.o(.text.RCCEx_PLLSAI1_Config)
    [Anonymous Symbol]                       0x08002ca8   Section        0  stm32l4xx_hal_rcc_ex.o(.text.RCCEx_PLLSAI1_Config)
    RCCEx_PLLSAI2_Config                     0x08002e19   Thumb Code   326  stm32l4xx_hal_rcc_ex.o(.text.RCCEx_PLLSAI2_Config)
    [Anonymous Symbol]                       0x08002e18   Section        0  stm32l4xx_hal_rcc_ex.o(.text.RCCEx_PLLSAI2_Config)
    [Anonymous Symbol]                       0x08002f60   Section        0  stm32l4xx_it.o(.text.SVC_Handler)
    [Anonymous Symbol]                       0x08002f64   Section        0  my_list.o(.text.SearchList)
    [Anonymous Symbol]                       0x08002f88   Section        0  stm32l4xx_it.o(.text.SysTick_Handler)
    [Anonymous Symbol]                       0x08002f8c   Section        0  system_stm32l4xx.o(.text.SystemInit)
    [Anonymous Symbol]                       0x08002fa0   Section        0  stm32l4xx_hal_tim.o(.text.TIM_Base_SetConfig)
    [Anonymous Symbol]                       0x080030e0   Section        0  stm32l4xx_hal_uart.o(.text.UART_AdvFeatureConfig)
    UART_DMAAbortOnError                     0x080031c9   Thumb Code    16  stm32l4xx_hal_uart.o(.text.UART_DMAAbortOnError)
    [Anonymous Symbol]                       0x080031c8   Section        0  stm32l4xx_hal_uart.o(.text.UART_DMAAbortOnError)
    UART_DMAError                            0x080031d9   Thumb Code   396  stm32l4xx_hal_uart.o(.text.UART_DMAError)
    [Anonymous Symbol]                       0x080031d8   Section        0  stm32l4xx_hal_uart.o(.text.UART_DMAError)
    UART_DMAReceiveCplt                      0x08003365   Thumb Code   348  stm32l4xx_hal_uart.o(.text.UART_DMAReceiveCplt)
    [Anonymous Symbol]                       0x08003364   Section        0  stm32l4xx_hal_uart.o(.text.UART_DMAReceiveCplt)
    UART_DMARxHalfCplt                       0x080034c1   Thumb Code    22  stm32l4xx_hal_uart.o(.text.UART_DMARxHalfCplt)
    [Anonymous Symbol]                       0x080034c0   Section        0  stm32l4xx_hal_uart.o(.text.UART_DMARxHalfCplt)
    UART_DMATransmitCplt                     0x080034d9   Thumb Code   176  stm32l4xx_hal_uart.o(.text.UART_DMATransmitCplt)
    [Anonymous Symbol]                       0x080034d8   Section        0  stm32l4xx_hal_uart.o(.text.UART_DMATransmitCplt)
    UART_DMATxHalfCplt                       0x08003589   Thumb Code     6  stm32l4xx_hal_uart.o(.text.UART_DMATxHalfCplt)
    [Anonymous Symbol]                       0x08003588   Section        0  stm32l4xx_hal_uart.o(.text.UART_DMATxHalfCplt)
    [Anonymous Symbol]                       0x08003590   Section        0  uart.o(.text.UART_SendNumData)
    [Anonymous Symbol]                       0x080035c8   Section        0  stm32l4xx_hal_uart.o(.text.UART_SetConfig)
    [Anonymous Symbol]                       0x0800383c   Section        0  uart.o(.text.UART_StaInit)
    [Anonymous Symbol]                       0x080038a8   Section        0  stm32l4xx_hal_uart.o(.text.UART_WaitOnFlagUntilTimeout)
    [Anonymous Symbol]                       0x08003ab4   Section        0  uart.o(.text.UART_WaitOnRevNumData)
    [Anonymous Symbol]                       0x08003b14   Section        0  stm32l4xx_it.o(.text.USART1_IRQHandler)
    [Anonymous Symbol]                       0x08003b34   Section        0  stm32l4xx_it.o(.text.UsageFault_Handler)
    [Anonymous Symbol]                       0x08003b38   Section        0  delay.o(.text.delay_ms)
    [Anonymous Symbol]                       0x08003b94   Section        0  main.o(.text.main)
    [Anonymous Symbol]                       0x08003e3c   Section        0  sha1.o(.text.mbedtls_internal_sha1_process)
    [Anonymous Symbol]                       0x08004e7c   Section        0  sha256.o(.text.mbedtls_internal_sha256_process)
    [Anonymous Symbol]                       0x08005638   Section        0  md.o(.text.mbedtls_md_free)
    [Anonymous Symbol]                       0x08005690   Section        0  md.o(.text.mbedtls_md_hmac_finish)
    [Anonymous Symbol]                       0x080057a0   Section        0  md.o(.text.mbedtls_md_hmac_starts)
    [Anonymous Symbol]                       0x08005a10   Section        0  md.o(.text.mbedtls_md_hmac_update)
    [Anonymous Symbol]                       0x08005a4c   Section        0  md.o(.text.mbedtls_md_info_from_type)
    [Anonymous Symbol]                       0x08005a6c   Section        0  md.o(.text.mbedtls_md_init)
    [Anonymous Symbol]                       0x08005a78   Section        0  md.o(.text.mbedtls_md_setup)
    [Anonymous Symbol]                       0x08005afc   Section        0  platform_util.o(.text.mbedtls_platform_zeroize)
    [Anonymous Symbol]                       0x08005b14   Section        0  sha1.o(.text.mbedtls_sha1_finish)
    [Anonymous Symbol]                       0x08005bf8   Section        0  sha1.o(.text.mbedtls_sha1_free)
    [Anonymous Symbol]                       0x08005c04   Section        0  sha1.o(.text.mbedtls_sha1_init)
    [Anonymous Symbol]                       0x08005c10   Section        0  sha1.o(.text.mbedtls_sha1_starts)
    [Anonymous Symbol]                       0x08005c50   Section        0  sha1.o(.text.mbedtls_sha1_update)
    [Anonymous Symbol]                       0x08005cd0   Section        0  sha256.o(.text.mbedtls_sha256_finish)
    [Anonymous Symbol]                       0x08005dfc   Section        0  sha256.o(.text.mbedtls_sha256_free)
    [Anonymous Symbol]                       0x08005e08   Section        0  sha256.o(.text.mbedtls_sha256_init)
    [Anonymous Symbol]                       0x08005e14   Section        0  sha256.o(.text.mbedtls_sha256_starts)
    [Anonymous Symbol]                       0x08005ebc   Section        0  sha256.o(.text.mbedtls_sha256_update)
    [Anonymous Symbol]                       0x08005f3c   Section        0  uart.o(.text.myUART_IRQ_Handler)
    [Anonymous Symbol]                       0x08005f7c   Section        0  ram_mgmt.o(.text.my_free)
    [Anonymous Symbol]                       0x08006044   Section        0  ram_mgmt.o(.text.my_malloc)
    [Anonymous Symbol]                       0x0800616c   Section        0  ram_mgmt.o(.text.my_mem_init)
    [Anonymous Symbol]                       0x080061a0   Section        0  ram_mgmt.o(.text.my_mem_perused)
    [Anonymous Symbol]                       0x08006248   Section        0  ram_mgmt.o(.text.my_memclear)
    [Anonymous Symbol]                       0x0800625c   Section        0  ram_mgmt.o(.text.my_memcpy)
    $v0                                      0x080062ce   Number         0  fpinit.o(x$fpl$fpinit)
    x$fpl$fpinit                             0x080062ce   Section       26  fpinit.o(x$fpl$fpinit)
    K                                        0x08006300   Data         256  sha256.o(.rodata.K)
    [Anonymous Symbol]                       0x08006300   Section        0  sha256.o(.rodata.K)
    .Lswitch.table.UART_SetConfig.5          0x08006430   Data          16  stm32l4xx_hal_uart.o(.rodata.cst16)
    memset_func                              0x08006460   Data           4  platform_util.o(.rodata.memset_func)
    [Anonymous Symbol]                       0x08006460   Section        0  platform_util.o(.rodata.memset_func)
    .L.str                                   0x08006474   Data           5  md.o(.rodata.str1.1)
    [Anonymous Symbol]                       0x08006474   Section        0  md.o(.rodata.str1.1)
    .L.str.1                                 0x08006479   Data           7  md.o(.rodata.str1.1)
    .L.str.2                                 0x08006480   Data           7  md.o(.rodata.str1.1)
    .L_MergedGlobals                         0x20000000   Data           8  stm32l4xx_hal.o(.data..L_MergedGlobals)
    [Anonymous Symbol]                       0x20000000   Section        0  stm32l4xx_hal.o(.data..L_MergedGlobals)
    .bss                                     0x20000040   Section       96  libspace.o(.bss)
    .L_MergedGlobals                         0x200000a0   Data          84  main.o(.bss..L_MergedGlobals)
    [Anonymous Symbol]                       0x200000a0   Section        0  main.o(.bss..L_MergedGlobals)
    uartList                                 0x20010180   Data           4  uart.o(.bss.uartList)
    [Anonymous Symbol]                       0x20010180   Section        0  uart.o(.bss.uartList)
    Heap_Mem                                 0x20010188   Data        4096  startup_stm32l471xx.o(HEAP)
    HEAP                                     0x20010188   Section     4096  startup_stm32l471xx.o(HEAP)
    Stack_Mem                                0x20011188   Data        4096  startup_stm32l471xx.o(STACK)
    STACK                                    0x20011188   Section     4096  startup_stm32l471xx.o(STACK)
    __initial_sp                             0x20012188   Data           0  startup_stm32l471xx.o(STACK)

    Global Symbols

    Symbol Name                              Value     Ov Type        Size  Object(Section)

    BuildAttributes$$THM_ISAv4$E$P$D$K$B$S$7EM$VFPi3$EXTD16$VFPS$VFMA$PE$A:L22UL41UL21$X:L11$S22US41US21$IEEE1$IW$~IW$USESV6$~STKCKD$USESV7$~SHL$OTIME$ROPI$EBA8$UX$STANDARDLIB$REQ8$PRES8$EABIv2 0x00000000   Number         0  anon$$obj.o ABSOLUTE
    __ARM_exceptions_init                     - Undefined Weak Reference
    __alloca_initialize                       - Undefined Weak Reference
    __arm_preinit_                            - Undefined Weak Reference
    __cpp_initialize__aeabi_                  - Undefined Weak Reference
    __cxa_finalize                            - Undefined Weak Reference
    __rt_locale                               - Undefined Weak Reference
    __sigvec_lookup                           - Undefined Weak Reference
    __user_heap_extent                        - Undefined Weak Reference
    _atexit_init                              - Undefined Weak Reference
    _call_atexit_fns                          - Undefined Weak Reference
    _clock_init                               - Undefined Weak Reference
    _fp_trap_init                             - Undefined Weak Reference
    _fp_trap_shutdown                         - Undefined Weak Reference
    _get_lc_collate                           - Undefined Weak Reference
    _get_lc_ctype                             - Undefined Weak Reference
    _get_lc_monetary                          - Undefined Weak Reference
    _get_lc_numeric                           - Undefined Weak Reference
    _get_lc_time                              - Undefined Weak Reference
    _getenv_init                              - Undefined Weak Reference
    _handle_redirection                       - Undefined Weak Reference
    _initio                                   - Undefined Weak Reference
    _mutex_acquire                            - Undefined Weak Reference
    _mutex_free                               - Undefined Weak Reference
    _mutex_release                            - Undefined Weak Reference
    _rand_init                                - Undefined Weak Reference
    _signal_finish                            - Undefined Weak Reference
    _signal_init                              - Undefined Weak Reference
    _terminateio                              - Undefined Weak Reference
    __Vectors_Size                           0x00000188   Number         0  startup_stm32l471xx.o ABSOLUTE
    __Vectors                                0x08000000   Data           4  startup_stm32l471xx.o(RESET)
    __Vectors_End                            0x08000188   Data           0  startup_stm32l471xx.o(RESET)
    __main                                   0x08000189   Thumb Code     8  __main.o(!!!main)
    __scatterload                            0x08000191   Thumb Code     0  __scatter.o(!!!scatter)
    __scatterload_rt2                        0x08000191   Thumb Code    44  __scatter.o(!!!scatter)
    __scatterload_rt2_thumb_only             0x08000191   Thumb Code     0  __scatter.o(!!!scatter)
    __scatterload_null                       0x0800019f   Thumb Code     0  __scatter.o(!!!scatter)
    __scatterload_copy                       0x080001c5   Thumb Code    26  __scatter_copy.o(!!handler_copy)
    __scatterload_zeroinit                   0x080001e1   Thumb Code    28  __scatter_zi.o(!!handler_zi)
    __rt_lib_init                            0x080001fd   Thumb Code     0  libinit.o(.ARM.Collect$$libinit$$00000000)
    __rt_lib_init_fp_1                       0x080001ff   Thumb Code     0  libinit2.o(.ARM.Collect$$libinit$$00000001)
    __rt_lib_init_heap_2                     0x08000203   Thumb Code     0  libinit2.o(.ARM.Collect$$libinit$$00000005)
    __rt_lib_init_preinit_1                  0x08000203   Thumb Code     0  libinit2.o(.ARM.Collect$$libinit$$00000004)
    __rt_lib_init_alloca_1                   0x0800020b   Thumb Code     0  libinit2.o(.ARM.Collect$$libinit$$0000002E)
    __rt_lib_init_argv_1                     0x0800020b   Thumb Code     0  libinit2.o(.ARM.Collect$$libinit$$0000002C)
    __rt_lib_init_atexit_1                   0x0800020b   Thumb Code     0  libinit2.o(.ARM.Collect$$libinit$$0000001B)
    __rt_lib_init_clock_1                    0x0800020b   Thumb Code     0  libinit2.o(.ARM.Collect$$libinit$$00000021)
    __rt_lib_init_cpp_1                      0x0800020b   Thumb Code     0  libinit2.o(.ARM.Collect$$libinit$$00000032)
    __rt_lib_init_exceptions_1               0x0800020b   Thumb Code     0  libinit2.o(.ARM.Collect$$libinit$$00000030)
    __rt_lib_init_fp_trap_1                  0x0800020b   Thumb Code     0  libinit2.o(.ARM.Collect$$libinit$$0000001F)
    __rt_lib_init_getenv_1                   0x0800020b   Thumb Code     0  libinit2.o(.ARM.Collect$$libinit$$00000023)
    __rt_lib_init_heap_1                     0x0800020b   Thumb Code     0  libinit2.o(.ARM.Collect$$libinit$$0000000A)
    __rt_lib_init_lc_collate_1               0x0800020b   Thumb Code     0  libinit2.o(.ARM.Collect$$libinit$$00000011)
    __rt_lib_init_lc_ctype_1                 0x0800020b   Thumb Code     0  libinit2.o(.ARM.Collect$$libinit$$00000013)
    __rt_lib_init_lc_monetary_1              0x0800020b   Thumb Code     0  libinit2.o(.ARM.Collect$$libinit$$00000015)
    __rt_lib_init_lc_numeric_1               0x0800020b   Thumb Code     0  libinit2.o(.ARM.Collect$$libinit$$00000017)
    __rt_lib_init_lc_time_1                  0x0800020b   Thumb Code     0  libinit2.o(.ARM.Collect$$libinit$$00000019)
    __rt_lib_init_rand_1                     0x0800020b   Thumb Code     0  libinit2.o(.ARM.Collect$$libinit$$0000000E)
    __rt_lib_init_return                     0x0800020b   Thumb Code     0  libinit2.o(.ARM.Collect$$libinit$$00000033)
    __rt_lib_init_signal_1                   0x0800020b   Thumb Code     0  libinit2.o(.ARM.Collect$$libinit$$0000001D)
    __rt_lib_init_stdio_1                    0x0800020b   Thumb Code     0  libinit2.o(.ARM.Collect$$libinit$$00000025)
    __rt_lib_init_user_alloc_1               0x0800020b   Thumb Code     0  libinit2.o(.ARM.Collect$$libinit$$0000000C)
    __rt_lib_shutdown                        0x0800020d   Thumb Code     0  libshutdown.o(.ARM.Collect$$libshutdown$$00000000)
    __rt_lib_shutdown_cpp_1                  0x0800020f   Thumb Code     0  libshutdown2.o(.ARM.Collect$$libshutdown$$00000002)
    __rt_lib_shutdown_fp_trap_1              0x0800020f   Thumb Code     0  libshutdown2.o(.ARM.Collect$$libshutdown$$00000007)
    __rt_lib_shutdown_heap_1                 0x0800020f   Thumb Code     0  libshutdown2.o(.ARM.Collect$$libshutdown$$0000000F)
    __rt_lib_shutdown_return                 0x0800020f   Thumb Code     0  libshutdown2.o(.ARM.Collect$$libshutdown$$00000010)
    __rt_lib_shutdown_signal_1               0x0800020f   Thumb Code     0  libshutdown2.o(.ARM.Collect$$libshutdown$$0000000A)
    __rt_lib_shutdown_stdio_1                0x0800020f   Thumb Code     0  libshutdown2.o(.ARM.Collect$$libshutdown$$00000004)
    __rt_lib_shutdown_user_alloc_1           0x0800020f   Thumb Code     0  libshutdown2.o(.ARM.Collect$$libshutdown$$0000000C)
    __rt_entry                               0x08000211   Thumb Code     0  __rtentry.o(.ARM.Collect$$rtentry$$00000000)
    __rt_entry_presh_1                       0x08000211   Thumb Code     0  __rtentry2.o(.ARM.Collect$$rtentry$$00000002)
    __rt_entry_sh                            0x08000211   Thumb Code     0  __rtentry4.o(.ARM.Collect$$rtentry$$00000004)
    __rt_entry_li                            0x08000217   Thumb Code     0  __rtentry2.o(.ARM.Collect$$rtentry$$0000000A)
    __rt_entry_postsh_1                      0x08000217   Thumb Code     0  __rtentry2.o(.ARM.Collect$$rtentry$$00000009)
    __rt_entry_main                          0x0800021b   Thumb Code     0  __rtentry2.o(.ARM.Collect$$rtentry$$0000000D)
    __rt_entry_postli_1                      0x0800021b   Thumb Code     0  __rtentry2.o(.ARM.Collect$$rtentry$$0000000C)
    __rt_exit                                0x08000223   Thumb Code     0  rtexit.o(.ARM.Collect$$rtexit$$00000000)
    __rt_exit_ls                             0x08000225   Thumb Code     0  rtexit2.o(.ARM.Collect$$rtexit$$00000003)
    __rt_exit_prels_1                        0x08000225   Thumb Code     0  rtexit2.o(.ARM.Collect$$rtexit$$00000002)
    __rt_exit_exit                           0x08000229   Thumb Code     0  rtexit2.o(.ARM.Collect$$rtexit$$00000004)
    Reset_Handler                            0x08000231   Thumb Code     8  startup_stm32l471xx.o(.text)
    ADC1_2_IRQHandler                        0x0800024b   Thumb Code     0  startup_stm32l471xx.o(.text)
    ADC3_IRQHandler                          0x0800024b   Thumb Code     0  startup_stm32l471xx.o(.text)
    CAN1_RX0_IRQHandler                      0x0800024b   Thumb Code     0  startup_stm32l471xx.o(.text)
    CAN1_RX1_IRQHandler                      0x0800024b   Thumb Code     0  startup_stm32l471xx.o(.text)
    CAN1_SCE_IRQHandler                      0x0800024b   Thumb Code     0  startup_stm32l471xx.o(.text)
    CAN1_TX_IRQHandler                       0x0800024b   Thumb Code     0  startup_stm32l471xx.o(.text)
    COMP_IRQHandler                          0x0800024b   Thumb Code     0  startup_stm32l471xx.o(.text)
    DFSDM1_FLT0_IRQHandler                   0x0800024b   Thumb Code     0  startup_stm32l471xx.o(.text)
    DFSDM1_FLT1_IRQHandler                   0x0800024b   Thumb Code     0  startup_stm32l471xx.o(.text)
    DFSDM1_FLT2_IRQHandler                   0x0800024b   Thumb Code     0  startup_stm32l471xx.o(.text)
    DFSDM1_FLT3_IRQHandler                   0x0800024b   Thumb Code     0  startup_stm32l471xx.o(.text)
    DMA1_Channel1_IRQHandler                 0x0800024b   Thumb Code     0  startup_stm32l471xx.o(.text)
    DMA1_Channel2_IRQHandler                 0x0800024b   Thumb Code     0  startup_stm32l471xx.o(.text)
    DMA1_Channel3_IRQHandler                 0x0800024b   Thumb Code     0  startup_stm32l471xx.o(.text)
    DMA1_Channel6_IRQHandler                 0x0800024b   Thumb Code     0  startup_stm32l471xx.o(.text)
    DMA1_Channel7_IRQHandler                 0x0800024b   Thumb Code     0  startup_stm32l471xx.o(.text)
    DMA2_Channel1_IRQHandler                 0x0800024b   Thumb Code     0  startup_stm32l471xx.o(.text)
    DMA2_Channel2_IRQHandler                 0x0800024b   Thumb Code     0  startup_stm32l471xx.o(.text)
    DMA2_Channel3_IRQHandler                 0x0800024b   Thumb Code     0  startup_stm32l471xx.o(.text)
    DMA2_Channel4_IRQHandler                 0x0800024b   Thumb Code     0  startup_stm32l471xx.o(.text)
    DMA2_Channel5_IRQHandler                 0x0800024b   Thumb Code     0  startup_stm32l471xx.o(.text)
    DMA2_Channel6_IRQHandler                 0x0800024b   Thumb Code     0  startup_stm32l471xx.o(.text)
    DMA2_Channel7_IRQHandler                 0x0800024b   Thumb Code     0  startup_stm32l471xx.o(.text)
    EXTI0_IRQHandler                         0x0800024b   Thumb Code     0  startup_stm32l471xx.o(.text)
    EXTI15_10_IRQHandler                     0x0800024b   Thumb Code     0  startup_stm32l471xx.o(.text)
    EXTI1_IRQHandler                         0x0800024b   Thumb Code     0  startup_stm32l471xx.o(.text)
    EXTI2_IRQHandler                         0x0800024b   Thumb Code     0  startup_stm32l471xx.o(.text)
    EXTI3_IRQHandler                         0x0800024b   Thumb Code     0  startup_stm32l471xx.o(.text)
    EXTI4_IRQHandler                         0x0800024b   Thumb Code     0  startup_stm32l471xx.o(.text)
    EXTI9_5_IRQHandler                       0x0800024b   Thumb Code     0  startup_stm32l471xx.o(.text)
    FLASH_IRQHandler                         0x0800024b   Thumb Code     0  startup_stm32l471xx.o(.text)
    FMC_IRQHandler                           0x0800024b   Thumb Code     0  startup_stm32l471xx.o(.text)
    FPU_IRQHandler                           0x0800024b   Thumb Code     0  startup_stm32l471xx.o(.text)
    I2C1_ER_IRQHandler                       0x0800024b   Thumb Code     0  startup_stm32l471xx.o(.text)
    I2C1_EV_IRQHandler                       0x0800024b   Thumb Code     0  startup_stm32l471xx.o(.text)
    I2C2_ER_IRQHandler                       0x0800024b   Thumb Code     0  startup_stm32l471xx.o(.text)
    I2C2_EV_IRQHandler                       0x0800024b   Thumb Code     0  startup_stm32l471xx.o(.text)
    I2C3_ER_IRQHandler                       0x0800024b   Thumb Code     0  startup_stm32l471xx.o(.text)
    I2C3_EV_IRQHandler                       0x0800024b   Thumb Code     0  startup_stm32l471xx.o(.text)
    LPTIM1_IRQHandler                        0x0800024b   Thumb Code     0  startup_stm32l471xx.o(.text)
    LPTIM2_IRQHandler                        0x0800024b   Thumb Code     0  startup_stm32l471xx.o(.text)
    LPUART1_IRQHandler                       0x0800024b   Thumb Code     0  startup_stm32l471xx.o(.text)
    PVD_PVM_IRQHandler                       0x0800024b   Thumb Code     0  startup_stm32l471xx.o(.text)
    QUADSPI_IRQHandler                       0x0800024b   Thumb Code     0  startup_stm32l471xx.o(.text)
    RCC_IRQHandler                           0x0800024b   Thumb Code     0  startup_stm32l471xx.o(.text)
    RNG_IRQHandler                           0x0800024b   Thumb Code     0  startup_stm32l471xx.o(.text)
    RTC_Alarm_IRQHandler                     0x0800024b   Thumb Code     0  startup_stm32l471xx.o(.text)
    RTC_WKUP_IRQHandler                      0x0800024b   Thumb Code     0  startup_stm32l471xx.o(.text)
    SAI1_IRQHandler                          0x0800024b   Thumb Code     0  startup_stm32l471xx.o(.text)
    SAI2_IRQHandler                          0x0800024b   Thumb Code     0  startup_stm32l471xx.o(.text)
    SDMMC1_IRQHandler                        0x0800024b   Thumb Code     0  startup_stm32l471xx.o(.text)
    SPI1_IRQHandler                          0x0800024b   Thumb Code     0  startup_stm32l471xx.o(.text)
    SPI2_IRQHandler                          0x0800024b   Thumb Code     0  startup_stm32l471xx.o(.text)
    SPI3_IRQHandler                          0x0800024b   Thumb Code     0  startup_stm32l471xx.o(.text)
    SWPMI1_IRQHandler                        0x0800024b   Thumb Code     0  startup_stm32l471xx.o(.text)
    TAMP_STAMP_IRQHandler                    0x0800024b   Thumb Code     0  startup_stm32l471xx.o(.text)
    TIM1_BRK_TIM15_IRQHandler                0x0800024b   Thumb Code     0  startup_stm32l471xx.o(.text)
    TIM1_CC_IRQHandler                       0x0800024b   Thumb Code     0  startup_stm32l471xx.o(.text)
    TIM1_TRG_COM_TIM17_IRQHandler            0x0800024b   Thumb Code     0  startup_stm32l471xx.o(.text)
    TIM1_UP_TIM16_IRQHandler                 0x0800024b   Thumb Code     0  startup_stm32l471xx.o(.text)
    TIM2_IRQHandler                          0x0800024b   Thumb Code     0  startup_stm32l471xx.o(.text)
    TIM3_IRQHandler                          0x0800024b   Thumb Code     0  startup_stm32l471xx.o(.text)
    TIM4_IRQHandler                          0x0800024b   Thumb Code     0  startup_stm32l471xx.o(.text)
    TIM5_IRQHandler                          0x0800024b   Thumb Code     0  startup_stm32l471xx.o(.text)
    TIM6_DAC_IRQHandler                      0x0800024b   Thumb Code     0  startup_stm32l471xx.o(.text)
    TIM7_IRQHandler                          0x0800024b   Thumb Code     0  startup_stm32l471xx.o(.text)
    TIM8_BRK_IRQHandler                      0x0800024b   Thumb Code     0  startup_stm32l471xx.o(.text)
    TIM8_CC_IRQHandler                       0x0800024b   Thumb Code     0  startup_stm32l471xx.o(.text)
    TIM8_TRG_COM_IRQHandler                  0x0800024b   Thumb Code     0  startup_stm32l471xx.o(.text)
    TIM8_UP_IRQHandler                       0x0800024b   Thumb Code     0  startup_stm32l471xx.o(.text)
    TSC_IRQHandler                           0x0800024b   Thumb Code     0  startup_stm32l471xx.o(.text)
    UART4_IRQHandler                         0x0800024b   Thumb Code     0  startup_stm32l471xx.o(.text)
    UART5_IRQHandler                         0x0800024b   Thumb Code     0  startup_stm32l471xx.o(.text)
    USART2_IRQHandler                        0x0800024b   Thumb Code     0  startup_stm32l471xx.o(.text)
    USART3_IRQHandler                        0x0800024b   Thumb Code     0  startup_stm32l471xx.o(.text)
    WWDG_IRQHandler                          0x0800024b   Thumb Code     0  startup_stm32l471xx.o(.text)
    __user_initial_stackheap                 0x0800024d   Thumb Code     0  startup_stm32l471xx.o(.text)
    calloc                                   0x08000271   Thumb Code    40  calloc.o(.text)
    free                                     0x08000299   Thumb Code    78  h1_free.o(.text)
    __aeabi_uldivmod                         0x080002e7   Thumb Code     0  lludivv7m.o(.text)
    _ll_udiv                                 0x080002e7   Thumb Code   240  lludivv7m.o(.text)
    __aeabi_memcpy                           0x080003d7   Thumb Code     0  rt_memcpy_v6.o(.text)
    __rt_memcpy                              0x080003d7   Thumb Code   138  rt_memcpy_v6.o(.text)
    _memcpy_lastbytes                        0x0800043d   Thumb Code     0  rt_memcpy_v6.o(.text)
    __aeabi_memcpy4                          0x08000461   Thumb Code     0  rt_memcpy_w.o(.text)
    __aeabi_memcpy8                          0x08000461   Thumb Code     0  rt_memcpy_w.o(.text)
    __rt_memcpy_w                            0x08000461   Thumb Code   100  rt_memcpy_w.o(.text)
    _memcpy_lastbytes_aligned                0x080004a9   Thumb Code     0  rt_memcpy_w.o(.text)
    memset                                   0x080004c5   Thumb Code    22  memset.o(.text)
    __aeabi_memset                           0x080004db   Thumb Code    16  aeabi_memset.o(.text)
    __aeabi_memclr                           0x080004eb   Thumb Code     0  rt_memclr.o(.text)
    __rt_memclr                              0x080004eb   Thumb Code     0  rt_memclr.o(.text)
    _memset                                  0x080004ef   Thumb Code    64  rt_memclr.o(.text)
    __aeabi_memclr4                          0x0800052f   Thumb Code     0  rt_memclr_w.o(.text)
    __aeabi_memclr8                          0x0800052f   Thumb Code     0  rt_memclr_w.o(.text)
    __rt_memclr_w                            0x0800052f   Thumb Code     0  rt_memclr_w.o(.text)
    _memset_w                                0x08000533   Thumb Code    74  rt_memclr_w.o(.text)
    __use_two_region_memory                  0x0800057d   Thumb Code     2  heapauxi.o(.text)
    __rt_heap_escrow                         0x0800057f   Thumb Code     2  heapauxi.o(.text)
    __rt_heap_expand                         0x08000581   Thumb Code     2  heapauxi.o(.text)
    __rt_heap_descriptor                     0x08000585   Thumb Code     8  rt_heap_descriptor_intlibspace.o(.text)
    __use_no_heap                            0x0800058d   Thumb Code     2  hguard.o(.text)
    __heap$guard                             0x0800058f   Thumb Code     2  hguard.o(.text)
    _terminate_user_alloc                    0x08000591   Thumb Code     2  init_alloc.o(.text)
    _init_user_alloc                         0x08000593   Thumb Code     2  init_alloc.o(.text)
    __Heap_Full                              0x08000595   Thumb Code    34  init_alloc.o(.text)
    __Heap_Broken                            0x080005b7   Thumb Code     6  init_alloc.o(.text)
    _init_alloc                              0x080005bd   Thumb Code    94  init_alloc.o(.text)
    malloc                                   0x0800061b   Thumb Code    94  h1_alloc.o(.text)
    __user_libspace                          0x08000679   Thumb Code     8  libspace.o(.text)
    __user_perproc_libspace                  0x08000679   Thumb Code     0  libspace.o(.text)
    __user_perthread_libspace                0x08000679   Thumb Code     0  libspace.o(.text)
    __Heap_Initialize                        0x08000681   Thumb Code    10  h1_init.o(.text)
    _maybe_terminate_alloc                   0x08000681   Thumb Code     0  maybetermalloc1.o(.text)
    __Heap_DescSize                          0x0800068b   Thumb Code     4  h1_init.o(.text)
    __Heap_ProvideMemory                     0x0800068f   Thumb Code    52  h1_extend.o(.text)
    __rt_SIGRTMEM                            0x080006c3   Thumb Code    14  defsig_rtmem_outer.o(.text)
    __user_setup_stackheap                   0x080006d1   Thumb Code    74  sys_stackheap_outer.o(.text)
    exit                                     0x0800071b   Thumb Code    18  exit.o(.text)
    __sig_exit                               0x0800072d   Thumb Code    10  defsig_exit.o(.text)
    __rt_SIGRTMEM_inner                      0x08000739   Thumb Code    22  defsig_rtmem_inner.o(.text)
    _sys_exit                                0x08000789   Thumb Code     8  sys_exit.o(.text)
    __I$use$semihosting                      0x08000795   Thumb Code     0  use_no_semi.o(.text)
    __use_no_semihosting_swi                 0x08000795   Thumb Code     2  use_no_semi.o(.text)
    __default_signal_display                 0x08000797   Thumb Code    50  defsig_general.o(.text)
    __semihosting_library_function           0x08000797   Thumb Code     0  indicate_semi.o(.text)
    _ttywrch                                 0x080007c9   Thumb Code    14  sys_wrch.o(.text)
    AppendList                               0x080007d9   Thumb Code    90  my_list.o(.text.AppendList)
    BusFault_Handler                         0x08000835   Thumb Code     2  stm32l4xx_it.o(.text.BusFault_Handler)
    DMA1_Channel4_IRQHandler                 0x08000839   Thumb Code    12  stm32l4xx_it.o(.text.DMA1_Channel4_IRQHandler)
    DMA1_Channel5_IRQHandler                 0x08000845   Thumb Code    12  stm32l4xx_it.o(.text.DMA1_Channel5_IRQHandler)
    DebugMon_Handler                         0x08000851   Thumb Code     2  stm32l4xx_it.o(.text.DebugMon_Handler)
    Error_Handler                            0x08000855   Thumb Code    10  main.o(.text.Error_Handler)
    HAL_DMA_Abort                            0x08000869   Thumb Code    74  stm32l4xx_hal_dma.o(.text.HAL_DMA_Abort)
    HAL_DMA_Abort_IT                         0x080008b5   Thumb Code    90  stm32l4xx_hal_dma.o(.text.HAL_DMA_Abort_IT)
    HAL_DMA_GetError                         0x08000911   Thumb Code     4  stm32l4xx_hal_dma.o(.text.HAL_DMA_GetError)
    HAL_DMA_IRQHandler                       0x08000915   Thumb Code   178  stm32l4xx_hal_dma.o(.text.HAL_DMA_IRQHandler)
    HAL_DMA_Init                             0x080009c9   Thumb Code   204  stm32l4xx_hal_dma.o(.text.HAL_DMA_Init)
    HAL_DMA_Start_IT                         0x08000a95   Thumb Code   164  stm32l4xx_hal_dma.o(.text.HAL_DMA_Start_IT)
    HAL_GPIO_Init                            0x08000b39   Thumb Code   506  stm32l4xx_hal_gpio.o(.text.HAL_GPIO_Init)
    HAL_GetTick                              0x08000d39   Thumb Code    12  stm32l4xx_hal.o(.text.HAL_GetTick)
    HAL_IncTick                              0x08000d45   Thumb Code    26  stm32l4xx_hal.o(.text.HAL_IncTick)
    HAL_Init                                 0x08000d61   Thumb Code    30  stm32l4xx_hal.o(.text.HAL_Init)
    HAL_InitTick                             0x08000d81   Thumb Code    78  stm32l4xx_hal.o(.text.HAL_InitTick)
    HAL_MspInit                              0x08000dd1   Thumb Code    50  stm32l4xx_hal_msp.o(.text.HAL_MspInit)
    HAL_NVIC_EnableIRQ                       0x08000e05   Thumb Code    32  stm32l4xx_hal_cortex.o(.text.HAL_NVIC_EnableIRQ)
    HAL_NVIC_SetPriority                     0x08000e25   Thumb Code    86  stm32l4xx_hal_cortex.o(.text.HAL_NVIC_SetPriority)
    HAL_NVIC_SetPriorityGrouping             0x08000e7d   Thumb Code    32  stm32l4xx_hal_cortex.o(.text.HAL_NVIC_SetPriorityGrouping)
    HAL_PWREx_ControlVoltageScaling          0x08000e9d   Thumb Code   152  stm32l4xx_hal_pwr_ex.o(.text.HAL_PWREx_ControlVoltageScaling)
    HAL_PWREx_GetVoltageRange                0x08000f35   Thumb Code    16  stm32l4xx_hal_pwr_ex.o(.text.HAL_PWREx_GetVoltageRange)
    HAL_RCCEx_PeriphCLKConfig                0x08000f45   Thumb Code   928  stm32l4xx_hal_rcc_ex.o(.text.HAL_RCCEx_PeriphCLKConfig)
    HAL_RCC_ClockConfig                      0x080012e5   Thumb Code   634  stm32l4xx_hal_rcc.o(.text.HAL_RCC_ClockConfig)
    HAL_RCC_GetPCLK1Freq                     0x08001561   Thumb Code    42  stm32l4xx_hal_rcc.o(.text.HAL_RCC_GetPCLK1Freq)
    HAL_RCC_GetPCLK2Freq                     0x0800158d   Thumb Code    42  stm32l4xx_hal_rcc.o(.text.HAL_RCC_GetPCLK2Freq)
    HAL_RCC_GetSysClockFreq                  0x080015b9   Thumb Code   194  stm32l4xx_hal_rcc.o(.text.HAL_RCC_GetSysClockFreq)
    HAL_RCC_OscConfig                        0x0800167d   Thumb Code  1908  stm32l4xx_hal_rcc.o(.text.HAL_RCC_OscConfig)
    HAL_SYSTICK_Config                       0x08001df1   Thumb Code    44  stm32l4xx_hal_cortex.o(.text.HAL_SYSTICK_Config)
    HAL_TIM_Base_Init                        0x08001e1d   Thumb Code    98  stm32l4xx_hal_tim.o(.text.HAL_TIM_Base_Init)
    HAL_TIM_Base_MspInit                     0x08001e81   Thumb Code    50  stm32l4xx_hal_msp.o(.text.HAL_TIM_Base_MspInit)
    HAL_TIM_Base_Start                       0x08001eb5   Thumb Code   172  stm32l4xx_hal_tim.o(.text.HAL_TIM_Base_Start)
    HAL_UARTEx_RxEventCallback               0x08001f61   Thumb Code     2  stm32l4xx_hal_uart.o(.text.HAL_UARTEx_RxEventCallback)
    HAL_UARTEx_WakeupCallback                0x08001f65   Thumb Code     2  stm32l4xx_hal_uart_ex.o(.text.HAL_UARTEx_WakeupCallback)
    HAL_UART_DMAStop                         0x08001f69   Thumb Code   578  stm32l4xx_hal_uart.o(.text.HAL_UART_DMAStop)
    HAL_UART_ErrorCallback                   0x080021ad   Thumb Code     2  stm32l4xx_hal_uart.o(.text.HAL_UART_ErrorCallback)
    HAL_UART_IRQHandler                      0x080021b1   Thumb Code  1506  stm32l4xx_hal_uart.o(.text.HAL_UART_IRQHandler)
    HAL_UART_Init                            0x08002795   Thumb Code   194  stm32l4xx_hal_uart.o(.text.HAL_UART_Init)
    HAL_UART_MspInit                         0x08002859   Thumb Code   278  stm32l4xx_hal_msp.o(.text.HAL_UART_MspInit)
    HAL_UART_Receive_DMA                     0x08002971   Thumb Code   508  stm32l4xx_hal_uart.o(.text.HAL_UART_Receive_DMA)
    HAL_UART_RxCpltCallback                  0x08002b6d   Thumb Code     2  stm32l4xx_hal_uart.o(.text.HAL_UART_RxCpltCallback)
    HAL_UART_RxHalfCpltCallback              0x08002b71   Thumb Code     2  stm32l4xx_hal_uart.o(.text.HAL_UART_RxHalfCpltCallback)
    HAL_UART_Transmit_DMA                    0x08002b75   Thumb Code   246  stm32l4xx_hal_uart.o(.text.HAL_UART_Transmit_DMA)
    HAL_UART_TxCpltCallback                  0x08002c6d   Thumb Code    38  uart.o(.text.HAL_UART_TxCpltCallback)
    HAL_UART_TxHalfCpltCallback              0x08002c95   Thumb Code     2  stm32l4xx_hal_uart.o(.text.HAL_UART_TxHalfCpltCallback)
    HardFault_Handler                        0x08002c99   Thumb Code     2  stm32l4xx_it.o(.text.HardFault_Handler)
    MemManage_Handler                        0x08002c9d   Thumb Code     2  stm32l4xx_it.o(.text.MemManage_Handler)
    NMI_Handler                              0x08002ca1   Thumb Code     2  stm32l4xx_it.o(.text.NMI_Handler)
    PendSV_Handler                           0x08002ca5   Thumb Code     2  stm32l4xx_it.o(.text.PendSV_Handler)
    SVC_Handler                              0x08002f61   Thumb Code     2  stm32l4xx_it.o(.text.SVC_Handler)
    SearchList                               0x08002f65   Thumb Code    36  my_list.o(.text.SearchList)
    SysTick_Handler                          0x08002f89   Thumb Code     4  stm32l4xx_it.o(.text.SysTick_Handler)
    SystemInit                               0x08002f8d   Thumb Code    18  system_stm32l4xx.o(.text.SystemInit)
    TIM_Base_SetConfig                       0x08002fa1   Thumb Code   318  stm32l4xx_hal_tim.o(.text.TIM_Base_SetConfig)
    UART_AdvFeatureConfig                    0x080030e1   Thumb Code   232  stm32l4xx_hal_uart.o(.text.UART_AdvFeatureConfig)
    UART_SendNumData                         0x08003591   Thumb Code    56  uart.o(.text.UART_SendNumData)
    UART_SetConfig                           0x080035c9   Thumb Code   612  stm32l4xx_hal_uart.o(.text.UART_SetConfig)
    UART_StaInit                             0x0800383d   Thumb Code   106  uart.o(.text.UART_StaInit)
    UART_WaitOnFlagUntilTimeout              0x080038a9   Thumb Code   524  stm32l4xx_hal_uart.o(.text.UART_WaitOnFlagUntilTimeout)
    UART_WaitOnRevNumData                    0x08003ab5   Thumb Code    94  uart.o(.text.UART_WaitOnRevNumData)
    USART1_IRQHandler                        0x08003b15   Thumb Code    30  stm32l4xx_it.o(.text.USART1_IRQHandler)
    UsageFault_Handler                       0x08003b35   Thumb Code     2  stm32l4xx_it.o(.text.UsageFault_Handler)
    delay_ms                                 0x08003b39   Thumb Code    90  delay.o(.text.delay_ms)
    main                                     0x08003b95   Thumb Code   676  main.o(.text.main)
    mbedtls_internal_sha1_process            0x08003e3d   Thumb Code  4154  sha1.o(.text.mbedtls_internal_sha1_process)
    mbedtls_internal_sha256_process          0x08004e7d   Thumb Code  1972  sha256.o(.text.mbedtls_internal_sha256_process)
    mbedtls_md_free                          0x08005639   Thumb Code    86  md.o(.text.mbedtls_md_free)
    mbedtls_md_hmac_finish                   0x08005691   Thumb Code   270  md.o(.text.mbedtls_md_hmac_finish)
    mbedtls_md_hmac_starts                   0x080057a1   Thumb Code   618  md.o(.text.mbedtls_md_hmac_starts)
    mbedtls_md_hmac_update                   0x08005a11   Thumb Code    58  md.o(.text.mbedtls_md_hmac_update)
    mbedtls_md_info_from_type                0x08005a4d   Thumb Code    20  md.o(.text.mbedtls_md_info_from_type)
    mbedtls_md_init                          0x08005a6d   Thumb Code    10  md.o(.text.mbedtls_md_init)
    mbedtls_md_setup                         0x08005a79   Thumb Code   132  md.o(.text.mbedtls_md_setup)
    mbedtls_platform_zeroize                 0x08005afd   Thumb Code    22  platform_util.o(.text.mbedtls_platform_zeroize)
    mbedtls_sha1_finish                      0x08005b15   Thumb Code   228  sha1.o(.text.mbedtls_sha1_finish)
    mbedtls_sha1_free                        0x08005bf9   Thumb Code    12  sha1.o(.text.mbedtls_sha1_free)
    mbedtls_sha1_init                        0x08005c05   Thumb Code    10  sha1.o(.text.mbedtls_sha1_init)
    mbedtls_sha1_starts                      0x08005c11   Thumb Code    64  sha1.o(.text.mbedtls_sha1_starts)
    mbedtls_sha1_update                      0x08005c51   Thumb Code   126  sha1.o(.text.mbedtls_sha1_update)
    mbedtls_sha256_finish                    0x08005cd1   Thumb Code   298  sha256.o(.text.mbedtls_sha256_finish)
    mbedtls_sha256_free                      0x08005dfd   Thumb Code    12  sha256.o(.text.mbedtls_sha256_free)
    mbedtls_sha256_init                      0x08005e09   Thumb Code    10  sha256.o(.text.mbedtls_sha256_init)
    mbedtls_sha256_starts                    0x08005e15   Thumb Code   166  sha256.o(.text.mbedtls_sha256_starts)
    mbedtls_sha256_update                    0x08005ebd   Thumb Code   126  sha256.o(.text.mbedtls_sha256_update)
    myUART_IRQ_Handler                       0x08005f3d   Thumb Code    64  uart.o(.text.myUART_IRQ_Handler)
    my_free                                  0x08005f7d   Thumb Code   198  ram_mgmt.o(.text.my_free)
    my_malloc                                0x08006045   Thumb Code   296  ram_mgmt.o(.text.my_malloc)
    my_mem_init                              0x0800616d   Thumb Code    52  ram_mgmt.o(.text.my_mem_init)
    my_mem_perused                           0x080061a1   Thumb Code   168  ram_mgmt.o(.text.my_mem_perused)
    my_memclear                              0x08006249   Thumb Code    20  ram_mgmt.o(.text.my_memclear)
    my_memcpy                                0x0800625d   Thumb Code   114  ram_mgmt.o(.text.my_memcpy)
    _fp_init                                 0x080062cf   Thumb Code    26  fpinit.o(x$fpl$fpinit)
    __fplib_config_fpu_vfp                   0x080062e7   Thumb Code     0  fpinit.o(x$fpl$fpinit)
    __fplib_config_pureend_doubles           0x080062e7   Thumb Code     0  fpinit.o(x$fpl$fpinit)
    AHBPrescTable                            0x080062e8   Data          16  system_stm32l4xx.o(.rodata.AHBPrescTable)
    APBPrescTable                            0x080062f8   Data           8  system_stm32l4xx.o(.rodata.APBPrescTable)
    MSIRangeTable                            0x08006400   Data          48  system_stm32l4xx.o(.rodata.MSIRangeTable)
    mbedtls_sha1_info                        0x08006440   Data           8  md.o(.rodata.mbedtls_sha1_info)
    mbedtls_sha224_info                      0x08006448   Data           8  md.o(.rodata.mbedtls_sha224_info)
    mbedtls_sha256_info                      0x08006450   Data           8  md.o(.rodata.mbedtls_sha256_info)
    memblksize                               0x08006458   Data           8  ram_mgmt.o(.rodata.memblksize)
    memsize                                  0x08006464   Data           8  ram_mgmt.o(.rodata.memsize)
    memtblsize                               0x0800646c   Data           8  ram_mgmt.o(.rodata.memtblsize)
    Region$$Table$$Base                      0x08006488   Number         0  anon$$obj.o(Region$$Table)
    Region$$Table$$Limit                     0x080064a8   Number         0  anon$$obj.o(Region$$Table)
    mem2base                                 0x10000000   Data       30720  ram_mgmt.o(.bss.ARM.__at_0x10000000)
    mem2mapbase                              0x10007800   Data        1920  ram_mgmt.o(.bss.ARM.__at_0x10000000)
    uwTickFreq                               0x20000000   Data           1  stm32l4xx_hal.o(.data..L_MergedGlobals)
    uwTickPrio                               0x20000004   Data           4  stm32l4xx_hal.o(.data..L_MergedGlobals)
    SystemCoreClock                          0x20000008   Data           4  system_stm32l4xx.o(.data.SystemCoreClock)
    mallco_dev                               0x2000000c   Data          28  ram_mgmt.o(.data.mallco_dev)
    __libspace_start                         0x20000040   Data          96  libspace.o(.bss)
    __temporary_stack_top$libspace           0x200000a0   Data           0  libspace.o(.bss)
    rcv_flag                                 0x200000a0   Data           1  main.o(.bss..L_MergedGlobals)
    rcv_data                                 0x200000a4   Data           4  main.o(.bss..L_MergedGlobals)
    key                                      0x200000a8   Data           4  main.o(.bss..L_MergedGlobals)
    msg                                      0x200000ac   Data           4  main.o(.bss..L_MergedGlobals)
    key_len                                  0x200000b0   Data           4  main.o(.bss..L_MergedGlobals)
    msg_len                                  0x200000b4   Data           4  main.o(.bss..L_MergedGlobals)
    data_pkg_len                             0x200000b8   Data           4  main.o(.bss..L_MergedGlobals)
    uart1_sta                                0x200000bc   Data          24  main.o(.bss..L_MergedGlobals)
    mac                                      0x200000d4   Data          32  main.o(.bss..L_MergedGlobals)
    hdma_usart1_rx                           0x200000f4   Data          72  main.o(.bss.hdma_usart1_rx)
    hdma_usart1_tx                           0x2000013c   Data          72  main.o(.bss.hdma_usart1_tx)
    htim17                                   0x20000184   Data          76  main.o(.bss.htim17)
    huart1                                   0x200001d0   Data         132  main.o(.bss.huart1)
    mem1base                                 0x20000280   Data       61440  ram_mgmt.o(.bss.mem1base)
    mem1mapbase                              0x2000f280   Data        3840  ram_mgmt.o(.bss.mem1mapbase)
    uwTick                                   0x20010184   Data           4  stm32l4xx_hal.o(.bss.uwTick)



==============================================================================

Memory Map of the image

  Image Entry point : 0x08000189

  Load Region LR_IROM1 (Base: 0x08000000, Size: 0x00006500, Max: 0x00100000, ABSOLUTE)

    Execution Region ER_IROM1 (Exec base: 0x08000000, Load base: 0x08000000, Size: 0x000064a8, Max: 0x00100000, ABSOLUTE)

    Exec Addr    Load Addr    Size         Type   Attr      Idx    E Section Name        Object

    0x08000000   0x08000000   0x00000188   Data   RO            3    RESET               startup_stm32l471xx.o
    0x08000188   0x08000188   0x00000008   Code   RO         1689  * !!!main             c_w.l(__main.o)
    0x08000190   0x08000190   0x00000034   Code   RO         1910    !!!scatter          c_w.l(__scatter.o)
    0x080001c4   0x080001c4   0x0000001a   Code   RO         1912    !!handler_copy      c_w.l(__scatter_copy.o)
    0x080001de   0x080001de   0x00000002   PAD
    0x080001e0   0x080001e0   0x0000001c   Code   RO         1914    !!handler_zi        c_w.l(__scatter_zi.o)
    0x080001fc   0x080001fc   0x00000002   Code   RO         1836    .ARM.Collect$$libinit$$00000000  c_w.l(libinit.o)
    0x080001fe   0x080001fe   0x00000004   Code   RO         1762    .ARM.Collect$$libinit$$00000001  c_w.l(libinit2.o)
    0x08000202   0x08000202   0x00000000   Code   RO         1765    .ARM.Collect$$libinit$$00000004  c_w.l(libinit2.o)
    0x08000202   0x08000202   0x00000008   Code   RO         1766    .ARM.Collect$$libinit$$00000005  c_w.l(libinit2.o)
    0x0800020a   0x0800020a   0x00000000   Code   RO         1768    .ARM.Collect$$libinit$$0000000A  c_w.l(libinit2.o)
    0x0800020a   0x0800020a   0x00000000   Code   RO         1770    .ARM.Collect$$libinit$$0000000C  c_w.l(libinit2.o)
    0x0800020a   0x0800020a   0x00000000   Code   RO         1772    .ARM.Collect$$libinit$$0000000E  c_w.l(libinit2.o)
    0x0800020a   0x0800020a   0x00000000   Code   RO         1775    .ARM.Collect$$libinit$$00000011  c_w.l(libinit2.o)
    0x0800020a   0x0800020a   0x00000000   Code   RO         1777    .ARM.Collect$$libinit$$00000013  c_w.l(libinit2.o)
    0x0800020a   0x0800020a   0x00000000   Code   RO         1779    .ARM.Collect$$libinit$$00000015  c_w.l(libinit2.o)
    0x0800020a   0x0800020a   0x00000000   Code   RO         1781    .ARM.Collect$$libinit$$00000017  c_w.l(libinit2.o)
    0x0800020a   0x0800020a   0x00000000   Code   RO         1783    .ARM.Collect$$libinit$$00000019  c_w.l(libinit2.o)
    0x0800020a   0x0800020a   0x00000000   Code   RO         1785    .ARM.Collect$$libinit$$0000001B  c_w.l(libinit2.o)
    0x0800020a   0x0800020a   0x00000000   Code   RO         1787    .ARM.Collect$$libinit$$0000001D  c_w.l(libinit2.o)
    0x0800020a   0x0800020a   0x00000000   Code   RO         1789    .ARM.Collect$$libinit$$0000001F  c_w.l(libinit2.o)
    0x0800020a   0x0800020a   0x00000000   Code   RO         1791    .ARM.Collect$$libinit$$00000021  c_w.l(libinit2.o)
    0x0800020a   0x0800020a   0x00000000   Code   RO         1793    .ARM.Collect$$libinit$$00000023  c_w.l(libinit2.o)
    0x0800020a   0x0800020a   0x00000000   Code   RO         1795    .ARM.Collect$$libinit$$00000025  c_w.l(libinit2.o)
    0x0800020a   0x0800020a   0x00000000   Code   RO         1799    .ARM.Collect$$libinit$$0000002C  c_w.l(libinit2.o)
    0x0800020a   0x0800020a   0x00000000   Code   RO         1801    .ARM.Collect$$libinit$$0000002E  c_w.l(libinit2.o)
    0x0800020a   0x0800020a   0x00000000   Code   RO         1803    .ARM.Collect$$libinit$$00000030  c_w.l(libinit2.o)
    0x0800020a   0x0800020a   0x00000000   Code   RO         1805    .ARM.Collect$$libinit$$00000032  c_w.l(libinit2.o)
    0x0800020a   0x0800020a   0x00000002   Code   RO         1806    .ARM.Collect$$libinit$$00000033  c_w.l(libinit2.o)
    0x0800020c   0x0800020c   0x00000002   Code   RO         1907    .ARM.Collect$$libshutdown$$00000000  c_w.l(libshutdown.o)
    0x0800020e   0x0800020e   0x00000000   Code   RO         1863    .ARM.Collect$$libshutdown$$00000002  c_w.l(libshutdown2.o)
    0x0800020e   0x0800020e   0x00000000   Code   RO         1865    .ARM.Collect$$libshutdown$$00000004  c_w.l(libshutdown2.o)
    0x0800020e   0x0800020e   0x00000000   Code   RO         1868    .ARM.Collect$$libshutdown$$00000007  c_w.l(libshutdown2.o)
    0x0800020e   0x0800020e   0x00000000   Code   RO         1871    .ARM.Collect$$libshutdown$$0000000A  c_w.l(libshutdown2.o)
    0x0800020e   0x0800020e   0x00000000   Code   RO         1873    .ARM.Collect$$libshutdown$$0000000C  c_w.l(libshutdown2.o)
    0x0800020e   0x0800020e   0x00000000   Code   RO         1876    .ARM.Collect$$libshutdown$$0000000F  c_w.l(libshutdown2.o)
    0x0800020e   0x0800020e   0x00000002   Code   RO         1877    .ARM.Collect$$libshutdown$$00000010  c_w.l(libshutdown2.o)
    0x08000210   0x08000210   0x00000000   Code   RO         1693    .ARM.Collect$$rtentry$$00000000  c_w.l(__rtentry.o)
    0x08000210   0x08000210   0x00000000   Code   RO         1727    .ARM.Collect$$rtentry$$00000002  c_w.l(__rtentry2.o)
    0x08000210   0x08000210   0x00000006   Code   RO         1739    .ARM.Collect$$rtentry$$00000004  c_w.l(__rtentry4.o)
    0x08000216   0x08000216   0x00000000   Code   RO         1729    .ARM.Collect$$rtentry$$00000009  c_w.l(__rtentry2.o)
    0x08000216   0x08000216   0x00000004   Code   RO         1730    .ARM.Collect$$rtentry$$0000000A  c_w.l(__rtentry2.o)
    0x0800021a   0x0800021a   0x00000000   Code   RO         1732    .ARM.Collect$$rtentry$$0000000C  c_w.l(__rtentry2.o)
    0x0800021a   0x0800021a   0x00000008   Code   RO         1733    .ARM.Collect$$rtentry$$0000000D  c_w.l(__rtentry2.o)
    0x08000222   0x08000222   0x00000002   Code   RO         1846    .ARM.Collect$$rtexit$$00000000  c_w.l(rtexit.o)
    0x08000224   0x08000224   0x00000000   Code   RO         1883    .ARM.Collect$$rtexit$$00000002  c_w.l(rtexit2.o)
    0x08000224   0x08000224   0x00000004   Code   RO         1884    .ARM.Collect$$rtexit$$00000003  c_w.l(rtexit2.o)
    0x08000228   0x08000228   0x00000006   Code   RO         1885    .ARM.Collect$$rtexit$$00000004  c_w.l(rtexit2.o)
    0x0800022e   0x0800022e   0x00000002   PAD
    0x08000230   0x08000230   0x00000040   Code   RO            4    .text               startup_stm32l471xx.o
    0x08000270   0x08000270   0x00000028   Code   RO         1613    .text               c_w.l(calloc.o)
    0x08000298   0x08000298   0x0000004e   Code   RO         1615    .text               c_w.l(h1_free.o)
    0x080002e6   0x080002e6   0x000000f0   Code   RO         1669    .text               c_w.l(lludivv7m.o)
    0x080003d6   0x080003d6   0x0000008a   Code   RO         1673    .text               c_w.l(rt_memcpy_v6.o)
    0x08000460   0x08000460   0x00000064   Code   RO         1675    .text               c_w.l(rt_memcpy_w.o)
    0x080004c4   0x080004c4   0x00000016   Code   RO         1677    .text               c_w.l(memset.o)
    0x080004da   0x080004da   0x00000010   Code   RO         1679    .text               c_w.l(aeabi_memset.o)
    0x080004ea   0x080004ea   0x00000044   Code   RO         1681    .text               c_w.l(rt_memclr.o)
    0x0800052e   0x0800052e   0x0000004e   Code   RO         1683    .text               c_w.l(rt_memclr_w.o)
    0x0800057c   0x0800057c   0x00000006   Code   RO         1687    .text               c_w.l(heapauxi.o)
    0x08000582   0x08000582   0x00000002   PAD
    0x08000584   0x08000584   0x00000008   Code   RO         1701    .text               c_w.l(rt_heap_descriptor_intlibspace.o)
    0x0800058c   0x0800058c   0x00000004   Code   RO         1703    .text               c_w.l(hguard.o)
    0x08000590   0x08000590   0x0000008a   Code   RO         1705    .text               c_w.l(init_alloc.o)
    0x0800061a   0x0800061a   0x0000005e   Code   RO         1711    .text               c_w.l(h1_alloc.o)
    0x08000678   0x08000678   0x00000008   Code   RO         1723    .text               c_w.l(libspace.o)
    0x08000680   0x08000680   0x00000000   Code   RO         1743    .text               c_w.l(maybetermalloc1.o)
    0x08000680   0x08000680   0x0000000e   Code   RO         1745    .text               c_w.l(h1_init.o)
    0x0800068e   0x0800068e   0x00000034   Code   RO         1747    .text               c_w.l(h1_extend.o)
    0x080006c2   0x080006c2   0x0000000e   Code   RO         1753    .text               c_w.l(defsig_rtmem_outer.o)
    0x080006d0   0x080006d0   0x0000004a   Code   RO         1811    .text               c_w.l(sys_stackheap_outer.o)
    0x0800071a   0x0800071a   0x00000012   Code   RO         1819    .text               c_w.l(exit.o)
    0x0800072c   0x0800072c   0x0000000a   Code   RO         1821    .text               c_w.l(defsig_exit.o)
    0x08000736   0x08000736   0x00000002   PAD
    0x08000738   0x08000738   0x00000050   Code   RO         1827    .text               c_w.l(defsig_rtmem_inner.o)
    0x08000788   0x08000788   0x0000000c   Code   RO         1839    .text               c_w.l(sys_exit.o)
    0x08000794   0x08000794   0x00000002   Code   RO         1843    .text               c_w.l(use_no_semi.o)
    0x08000796   0x08000796   0x00000000   Code   RO         1845    .text               c_w.l(indicate_semi.o)
    0x08000796   0x08000796   0x00000032   Code   RO         1854    .text               c_w.l(defsig_general.o)
    0x080007c8   0x080007c8   0x0000000e   Code   RO         1878    .text               c_w.l(sys_wrch.o)
    0x080007d6   0x080007d6   0x00000002   PAD
    0x080007d8   0x080007d8   0x0000005a   Code   RO           57    .text.AppendList    my_list.o
    0x08000832   0x08000832   0x00000002   PAD
    0x08000834   0x08000834   0x00000002   Code   RO          174    .text.BusFault_Handler  stm32l4xx_it.o
    0x08000836   0x08000836   0x00000002   PAD
    0x08000838   0x08000838   0x0000000c   Code   RO          186    .text.DMA1_Channel4_IRQHandler  stm32l4xx_it.o
    0x08000844   0x08000844   0x0000000c   Code   RO          188    .text.DMA1_Channel5_IRQHandler  stm32l4xx_it.o
    0x08000850   0x08000850   0x00000002   Code   RO          180    .text.DebugMon_Handler  stm32l4xx_it.o
    0x08000852   0x08000852   0x00000002   PAD
    0x08000854   0x08000854   0x0000000a   Code   RO          152    .text.Error_Handler  main.o
    0x0800085e   0x0800085e   0x00000002   PAD
    0x08000860   0x08000860   0x00000006   Code   RO          126    .text.GetContent    uart.o
    0x08000866   0x08000866   0x00000002   PAD
    0x08000868   0x08000868   0x0000004a   Code   RO          969    .text.HAL_DMA_Abort  stm32l4xx_hal_dma.o
    0x080008b2   0x080008b2   0x00000002   PAD
    0x080008b4   0x080008b4   0x0000005a   Code   RO          971    .text.HAL_DMA_Abort_IT  stm32l4xx_hal_dma.o
    0x0800090e   0x0800090e   0x00000002   PAD
    0x08000910   0x08000910   0x00000004   Code   RO          983    .text.HAL_DMA_GetError  stm32l4xx_hal_dma.o
    0x08000914   0x08000914   0x000000b2   Code   RO          975    .text.HAL_DMA_IRQHandler  stm32l4xx_hal_dma.o
    0x080009c6   0x080009c6   0x00000002   PAD
    0x080009c8   0x080009c8   0x000000cc   Code   RO          961    .text.HAL_DMA_Init  stm32l4xx_hal_dma.o
    0x08000a94   0x08000a94   0x000000a4   Code   RO          967    .text.HAL_DMA_Start_IT  stm32l4xx_hal_dma.o
    0x08000b38   0x08000b38   0x00000200   Code   RO          937    .text.HAL_GPIO_Init  stm32l4xx_hal_gpio.o
    0x08000d38   0x08000d38   0x0000000c   Code   RO          554    .text.HAL_GetTick   stm32l4xx_hal.o
    0x08000d44   0x08000d44   0x0000001a   Code   RO          552    .text.HAL_IncTick   stm32l4xx_hal.o
    0x08000d5e   0x08000d5e   0x00000002   PAD
    0x08000d60   0x08000d60   0x0000001e   Code   RO          542    .text.HAL_Init      stm32l4xx_hal.o
    0x08000d7e   0x08000d7e   0x00000002   PAD
    0x08000d80   0x08000d80   0x0000004e   Code   RO          544    .text.HAL_InitTick  stm32l4xx_hal.o
    0x08000dce   0x08000dce   0x00000002   PAD
    0x08000dd0   0x08000dd0   0x00000032   Code   RO          199    .text.HAL_MspInit   stm32l4xx_hal_msp.o
    0x08000e02   0x08000e02   0x00000002   PAD
    0x08000e04   0x08000e04   0x00000020   Code   RO         1114    .text.HAL_NVIC_EnableIRQ  stm32l4xx_hal_cortex.o
    0x08000e24   0x08000e24   0x00000056   Code   RO         1112    .text.HAL_NVIC_SetPriority  stm32l4xx_hal_cortex.o
    0x08000e7a   0x08000e7a   0x00000002   PAD
    0x08000e7c   0x08000e7c   0x00000020   Code   RO         1110    .text.HAL_NVIC_SetPriorityGrouping  stm32l4xx_hal_cortex.o
    0x08000e9c   0x08000e9c   0x00000098   Code   RO         1036    .text.HAL_PWREx_ControlVoltageScaling  stm32l4xx_hal_pwr_ex.o
    0x08000f34   0x08000f34   0x00000010   Code   RO         1034    .text.HAL_PWREx_GetVoltageRange  stm32l4xx_hal_pwr_ex.o
    0x08000f44   0x08000f44   0x000003a0   Code   RO          823    .text.HAL_RCCEx_PeriphCLKConfig  stm32l4xx_hal_rcc_ex.o
    0x080012e4   0x080012e4   0x0000027a   Code   RO          793    .text.HAL_RCC_ClockConfig  stm32l4xx_hal_rcc.o
    0x0800155e   0x0800155e   0x00000002   PAD
    0x08001560   0x08001560   0x0000002a   Code   RO          799    .text.HAL_RCC_GetPCLK1Freq  stm32l4xx_hal_rcc.o
    0x0800158a   0x0800158a   0x00000002   PAD
    0x0800158c   0x0800158c   0x0000002a   Code   RO          801    .text.HAL_RCC_GetPCLK2Freq  stm32l4xx_hal_rcc.o
    0x080015b6   0x080015b6   0x00000002   PAD
    0x080015b8   0x080015b8   0x000000c2   Code   RO          791    .text.HAL_RCC_GetSysClockFreq  stm32l4xx_hal_rcc.o
    0x0800167a   0x0800167a   0x00000002   PAD
    0x0800167c   0x0800167c   0x00000774   Code   RO          789    .text.HAL_RCC_OscConfig  stm32l4xx_hal_rcc.o
    0x08001df0   0x08001df0   0x0000002c   Code   RO         1122    .text.HAL_SYSTICK_Config  stm32l4xx_hal_cortex.o
    0x08001e1c   0x08001e1c   0x00000062   Code   RO          217    .text.HAL_TIM_Base_Init  stm32l4xx_hal_tim.o
    0x08001e7e   0x08001e7e   0x00000002   PAD
    0x08001e80   0x08001e80   0x00000032   Code   RO          201    .text.HAL_TIM_Base_MspInit  stm32l4xx_hal_msp.o
    0x08001eb2   0x08001eb2   0x00000002   PAD
    0x08001eb4   0x08001eb4   0x000000ac   Code   RO          227    .text.HAL_TIM_Base_Start  stm32l4xx_hal_tim.o
    0x08001f60   0x08001f60   0x00000002   Code   RO         1268    .text.HAL_UARTEx_RxEventCallback  stm32l4xx_hal_uart.o
    0x08001f62   0x08001f62   0x00000002   PAD
    0x08001f64   0x08001f64   0x00000002   Code   RO         1319    .text.HAL_UARTEx_WakeupCallback  stm32l4xx_hal_uart_ex.o
    0x08001f66   0x08001f66   0x00000002   PAD
    0x08001f68   0x08001f68   0x00000242   Code   RO         1234    .text.HAL_UART_DMAStop  stm32l4xx_hal_uart.o
    0x080021aa   0x080021aa   0x00000002   PAD
    0x080021ac   0x080021ac   0x00000002   Code   RO         1266    .text.HAL_UART_ErrorCallback  stm32l4xx_hal_uart.o
    0x080021ae   0x080021ae   0x00000002   PAD
    0x080021b0   0x080021b0   0x000005e2   Code   RO         1262    .text.HAL_UART_IRQHandler  stm32l4xx_hal_uart.o
    0x08002792   0x08002792   0x00000002   PAD
    0x08002794   0x08002794   0x000000c2   Code   RO         1182    .text.HAL_UART_Init  stm32l4xx_hal_uart.o
    0x08002856   0x08002856   0x00000002   PAD
    0x08002858   0x08002858   0x00000116   Code   RO          205    .text.HAL_UART_MspInit  stm32l4xx_hal_msp.o
    0x0800296e   0x0800296e   0x00000002   PAD
    0x08002970   0x08002970   0x000001fc   Code   RO         1226    .text.HAL_UART_Receive_DMA  stm32l4xx_hal_uart.o
    0x08002b6c   0x08002b6c   0x00000002   Code   RO         1274    .text.HAL_UART_RxCpltCallback  stm32l4xx_hal_uart.o
    0x08002b6e   0x08002b6e   0x00000002   PAD
    0x08002b70   0x08002b70   0x00000002   Code   RO         1276    .text.HAL_UART_RxHalfCpltCallback  stm32l4xx_hal_uart.o
    0x08002b72   0x08002b72   0x00000002   PAD
    0x08002b74   0x08002b74   0x000000f6   Code   RO         1218    .text.HAL_UART_Transmit_DMA  stm32l4xx_hal_uart.o
    0x08002c6a   0x08002c6a   0x00000002   PAD
    0x08002c6c   0x08002c6c   0x00000026   Code   RO          124    .text.HAL_UART_TxCpltCallback  uart.o
    0x08002c92   0x08002c92   0x00000002   PAD
    0x08002c94   0x08002c94   0x00000002   Code   RO         1272    .text.HAL_UART_TxHalfCpltCallback  stm32l4xx_hal_uart.o
    0x08002c96   0x08002c96   0x00000002   PAD
    0x08002c98   0x08002c98   0x00000002   Code   RO          170    .text.HardFault_Handler  stm32l4xx_it.o
    0x08002c9a   0x08002c9a   0x00000002   PAD
    0x08002c9c   0x08002c9c   0x00000002   Code   RO          172    .text.MemManage_Handler  stm32l4xx_it.o
    0x08002c9e   0x08002c9e   0x00000002   PAD
    0x08002ca0   0x08002ca0   0x00000002   Code   RO          168    .text.NMI_Handler   stm32l4xx_it.o
    0x08002ca2   0x08002ca2   0x00000002   PAD
    0x08002ca4   0x08002ca4   0x00000002   Code   RO          182    .text.PendSV_Handler  stm32l4xx_it.o
    0x08002ca6   0x08002ca6   0x00000002   PAD
    0x08002ca8   0x08002ca8   0x0000016e   Code   RO          825    .text.RCCEx_PLLSAI1_Config  stm32l4xx_hal_rcc_ex.o
    0x08002e16   0x08002e16   0x00000002   PAD
    0x08002e18   0x08002e18   0x00000146   Code   RO          827    .text.RCCEx_PLLSAI2_Config  stm32l4xx_hal_rcc_ex.o
    0x08002f5e   0x08002f5e   0x00000002   PAD
    0x08002f60   0x08002f60   0x00000002   Code   RO          178    .text.SVC_Handler   stm32l4xx_it.o
    0x08002f62   0x08002f62   0x00000002   PAD
    0x08002f64   0x08002f64   0x00000024   Code   RO           53    .text.SearchList    my_list.o
    0x08002f88   0x08002f88   0x00000004   Code   RO          184    .text.SysTick_Handler  stm32l4xx_it.o
    0x08002f8c   0x08002f8c   0x00000012   Code   RO         1347    .text.SystemInit    system_stm32l4xx.o
    0x08002f9e   0x08002f9e   0x00000002   PAD
    0x08002fa0   0x08002fa0   0x0000013e   Code   RO          221    .text.TIM_Base_SetConfig  stm32l4xx_hal_tim.o
    0x080030de   0x080030de   0x00000002   PAD
    0x080030e0   0x080030e0   0x000000e8   Code   RO         1188    .text.UART_AdvFeatureConfig  stm32l4xx_hal_uart.o
    0x080031c8   0x080031c8   0x00000010   Code   RO         1264    .text.UART_DMAAbortOnError  stm32l4xx_hal_uart.o
    0x080031d8   0x080031d8   0x0000018c   Code   RO         1224    .text.UART_DMAError  stm32l4xx_hal_uart.o
    0x08003364   0x08003364   0x0000015c   Code   RO         1304    .text.UART_DMAReceiveCplt  stm32l4xx_hal_uart.o
    0x080034c0   0x080034c0   0x00000016   Code   RO         1306    .text.UART_DMARxHalfCplt  stm32l4xx_hal_uart.o
    0x080034d6   0x080034d6   0x00000002   PAD
    0x080034d8   0x080034d8   0x000000b0   Code   RO         1220    .text.UART_DMATransmitCplt  stm32l4xx_hal_uart.o
    0x08003588   0x08003588   0x00000006   Code   RO         1222    .text.UART_DMATxHalfCplt  stm32l4xx_hal_uart.o
    0x0800358e   0x0800358e   0x00000002   PAD
    0x08003590   0x08003590   0x00000038   Code   RO          122    .text.UART_SendNumData  uart.o
    0x080035c8   0x080035c8   0x00000274   Code   RO         1186    .text.UART_SetConfig  stm32l4xx_hal_uart.o
    0x0800383c   0x0800383c   0x0000006a   Code   RO          114    .text.UART_StaInit  uart.o
    0x080038a6   0x080038a6   0x00000002   PAD
    0x080038a8   0x080038a8   0x0000020c   Code   RO         1204    .text.UART_WaitOnFlagUntilTimeout  stm32l4xx_hal_uart.o
    0x08003ab4   0x08003ab4   0x0000005e   Code   RO          132    .text.UART_WaitOnRevNumData  uart.o
    0x08003b12   0x08003b12   0x00000002   PAD
    0x08003b14   0x08003b14   0x0000001e   Code   RO          190    .text.USART1_IRQHandler  stm32l4xx_it.o
    0x08003b32   0x08003b32   0x00000002   PAD
    0x08003b34   0x08003b34   0x00000002   Code   RO          176    .text.UsageFault_Handler  stm32l4xx_it.o
    0x08003b36   0x08003b36   0x00000002   PAD
    0x08003b38   0x08003b38   0x0000005a   Code   RO           39    .text.delay_ms      delay.o
    0x08003b92   0x08003b92   0x00000002   PAD
    0x08003b94   0x08003b94   0x000002a8   Code   RO          148    .text.main          main.o
    0x08003e3c   0x08003e3c   0x00001040   Code   RO         1544    .text.mbedtls_internal_sha1_process  sha1.o
    0x08004e7c   0x08004e7c   0x000007ba   Code   RO         1568    .text.mbedtls_internal_sha256_process  sha256.o
    0x08005636   0x08005636   0x00000002   PAD
    0x08005638   0x08005638   0x00000056   Code   RO         1449    .text.mbedtls_md_free  md.o
    0x0800568e   0x0800568e   0x00000002   PAD
    0x08005690   0x08005690   0x0000010e   Code   RO         1467    .text.mbedtls_md_hmac_finish  md.o
    0x0800579e   0x0800579e   0x00000002   PAD
    0x080057a0   0x080057a0   0x00000270   Code   RO         1463    .text.mbedtls_md_hmac_starts  md.o
    0x08005a10   0x08005a10   0x0000003a   Code   RO         1465    .text.mbedtls_md_hmac_update  md.o
    0x08005a4a   0x08005a4a   0x00000002   PAD
    0x08005a4c   0x08005a4c   0x00000020   Code   RO         1445    .text.mbedtls_md_info_from_type  md.o
    0x08005a6c   0x08005a6c   0x0000000a   Code   RO         1447    .text.mbedtls_md_init  md.o
    0x08005a76   0x08005a76   0x00000002   PAD
    0x08005a78   0x08005a78   0x00000084   Code   RO         1453    .text.mbedtls_md_setup  md.o
    0x08005afc   0x08005afc   0x00000016   Code   RO         1509    .text.mbedtls_platform_zeroize  platform_util.o
    0x08005b12   0x08005b12   0x00000002   PAD
    0x08005b14   0x08005b14   0x000000e4   Code   RO         1548    .text.mbedtls_sha1_finish  sha1.o
    0x08005bf8   0x08005bf8   0x0000000c   Code   RO         1538    .text.mbedtls_sha1_free  sha1.o
    0x08005c04   0x08005c04   0x0000000a   Code   RO         1536    .text.mbedtls_sha1_init  sha1.o
    0x08005c0e   0x08005c0e   0x00000002   PAD
    0x08005c10   0x08005c10   0x00000040   Code   RO         1542    .text.mbedtls_sha1_starts  sha1.o
    0x08005c50   0x08005c50   0x0000007e   Code   RO         1546    .text.mbedtls_sha1_update  sha1.o
    0x08005cce   0x08005cce   0x00000002   PAD
    0x08005cd0   0x08005cd0   0x0000012a   Code   RO         1572    .text.mbedtls_sha256_finish  sha256.o
    0x08005dfa   0x08005dfa   0x00000002   PAD
    0x08005dfc   0x08005dfc   0x0000000c   Code   RO         1562    .text.mbedtls_sha256_free  sha256.o
    0x08005e08   0x08005e08   0x0000000a   Code   RO         1560    .text.mbedtls_sha256_init  sha256.o
    0x08005e12   0x08005e12   0x00000002   PAD
    0x08005e14   0x08005e14   0x000000a6   Code   RO         1566    .text.mbedtls_sha256_starts  sha256.o
    0x08005eba   0x08005eba   0x00000002   PAD
    0x08005ebc   0x08005ebc   0x0000007e   Code   RO         1570    .text.mbedtls_sha256_update  sha256.o
    0x08005f3a   0x08005f3a   0x00000002   PAD
    0x08005f3c   0x08005f3c   0x00000040   Code   RO          118    .text.myUART_IRQ_Handler  uart.o
    0x08005f7c   0x08005f7c   0x000000c6   Code   RO           89    .text.my_free       ram_mgmt.o
    0x08006042   0x08006042   0x00000002   PAD
    0x08006044   0x08006044   0x00000128   Code   RO           91    .text.my_malloc     ram_mgmt.o
    0x0800616c   0x0800616c   0x00000034   Code   RO           77    .text.my_mem_init   ram_mgmt.o
    0x080061a0   0x080061a0   0x000000a8   Code   RO           79    .text.my_mem_perused  ram_mgmt.o
    0x08006248   0x08006248   0x00000014   Code   RO           95    .text.my_memclear   ram_mgmt.o
    0x0800625c   0x0800625c   0x00000072   Code   RO           81    .text.my_memcpy     ram_mgmt.o
    0x080062ce   0x080062ce   0x0000001a   Code   RO         1837    x$fpl$fpinit        fz_wm.l(fpinit.o)
    0x080062e8   0x080062e8   0x00000010   Data   RO         1352    .rodata.AHBPrescTable  system_stm32l4xx.o
    0x080062f8   0x080062f8   0x00000008   Data   RO         1353    .rodata.APBPrescTable  system_stm32l4xx.o
    0x08006300   0x08006300   0x00000100   Data   RO         1576    .rodata.K           sha256.o
    0x08006400   0x08006400   0x00000030   Data   RO         1354    .rodata.MSIRangeTable  system_stm32l4xx.o
    0x08006430   0x08006430   0x00000010   Data   RO         1308    .rodata.cst16       stm32l4xx_hal_uart.o
    0x08006440   0x08006440   0x00000008   Data   RO         1482    .rodata.mbedtls_sha1_info  md.o
    0x08006448   0x08006448   0x00000008   Data   RO         1483    .rodata.mbedtls_sha224_info  md.o
    0x08006450   0x08006450   0x00000008   Data   RO         1484    .rodata.mbedtls_sha256_info  md.o
    0x08006458   0x08006458   0x00000008   Data   RO          100    .rodata.memblksize  ram_mgmt.o
    0x08006460   0x08006460   0x00000004   Data   RO         1511    .rodata.memset_func  platform_util.o
    0x08006464   0x08006464   0x00000008   Data   RO          101    .rodata.memsize     ram_mgmt.o
    0x0800646c   0x0800646c   0x00000008   Data   RO           99    .rodata.memtblsize  ram_mgmt.o
    0x08006474   0x08006474   0x00000013   Data   RO         1481    .rodata.str1.1      md.o
    0x08006487   0x08006487   0x00000001   PAD
    0x08006488   0x08006488   0x00000020   Data   RO         1909    Region$$Table       anon$$obj.o


    Execution Region RW_IRAM1 (Exec base: 0x20000000, Load base: 0x080064c0, Size: 0x00012188, Max: 0x00018000, ABSOLUTE)

    Exec Addr    Load Addr    Size         Type   Attr      Idx    E Section Name        Object

    0x20000000   0x080064c0   0x00000008   Data   RW          613    .data..L_MergedGlobals  stm32l4xx_hal.o
    0x20000008   0x080064c8   0x00000004   Data   RW         1351    .data.SystemCoreClock  system_stm32l4xx.o
    0x2000000c   0x080064cc   0x0000001c   Data   RW          105    .data.mallco_dev    ram_mgmt.o
    0x20000028   0x080064e8   0x00000018   PAD
    0x20000040        -       0x00000060   Zero   RW         1724    .bss                c_w.l(libspace.o)
    0x200000a0        -       0x00000054   Zero   RW          159    .bss..L_MergedGlobals  main.o
    0x200000f4        -       0x00000048   Zero   RW          155    .bss.hdma_usart1_rx  main.o
    0x2000013c        -       0x00000048   Zero   RW          157    .bss.hdma_usart1_tx  main.o
    0x20000184        -       0x0000004c   Zero   RW          156    .bss.htim17         main.o
    0x200001d0        -       0x00000084   Zero   RW          154    .bss.huart1         main.o
    0x20000254   0x080064e8   0x0000002c   PAD
    0x20000280        -       0x0000f000   Zero   RW          102    .bss.mem1base       ram_mgmt.o
    0x2000f280        -       0x00000f00   Zero   RW          104    .bss.mem1mapbase    ram_mgmt.o
    0x20010180        -       0x00000004   Zero   RW          134    .bss.uartList       uart.o
    0x20010184        -       0x00000004   Zero   RW          612    .bss.uwTick         stm32l4xx_hal.o
    0x20010188        -       0x00001000   Zero   RW            2    HEAP                startup_stm32l471xx.o
    0x20011188        -       0x00001000   Zero   RW            1    STACK               startup_stm32l471xx.o



  Load Region LR$$.bss.ARM.__at_0x10000000 (Base: 0x10000000, Size: 0x00000000, Max: 0x00007f80, ABSOLUTE)

    Execution Region ER$$.bss.ARM.__at_0x10000000 (Exec base: 0x10000000, Load base: 0x10000000, Size: 0x00007f80, Max: 0x00007f80, ABSOLUTE, UNINIT)

    Exec Addr    Load Addr    Size         Type   Attr      Idx    E Section Name        Object

    0x10000000        -       0x00007f80   Zero   RW          103    .bss.ARM.__at_0x10000000  ram_mgmt.o


==============================================================================

Image component sizes


      Code (inc. data)   RO Data    RW Data    ZI Data      Debug   Object Name

        90          0          0          0          0       2056   delay.o
       690          4          0          0        436      11777   main.o
      1212         12         43          0          0      11906   md.o
       126          0          0          0          0       5555   my_list.o
        22          0          4          0          0        868   platform_util.o
       848          0         24         28      97920      10401   ram_mgmt.o
      4600          0          0          0          0       5265   sha1.o
      2590          0        256          0          0       5265   sha256.o
        64         26        392          0       8192        832   startup_stm32l471xx.o
       146          0          0          8          4       8801   stm32l4xx_hal.o
       194          0          0          0          0      10523   stm32l4xx_hal_cortex.o
       714          0          0          0          0       7778   stm32l4xx_hal_dma.o
       512          0          0          0          0       5733   stm32l4xx_hal_gpio.o
       378          0          0          0          0      10426   stm32l4xx_hal_msp.o
       168          0          0          0          0       9388   stm32l4xx_hal_pwr_ex.o
      2820          0          0          0          0      12046   stm32l4xx_hal_rcc.o
      1620          8          0          0          0      14207   stm32l4xx_hal_rcc_ex.o
       588          0          0          0          0      59798   stm32l4xx_hal_tim.o
      5390         48         16          0          0      35611   stm32l4xx_hal_uart.o
         2          0          0          0          0       8878   stm32l4xx_hal_uart_ex.o
        74          0          0          0          0       4504   stm32l4xx_it.o
        18          0         72          4          0       2937   system_stm32l4xx.o
       364          0          0          0          4       7528   uart.o

    ----------------------------------------------------------------------
     23350         98        840         40     106624     252083   Object Totals
         0          0         32          0          0          0   (incl. Generated)
       120          0          1          0         68          0   (incl. Padding)

    ----------------------------------------------------------------------

      Code (inc. data)   RO Data    RW Data    ZI Data      Debug   Library Member Name

         8          0          0          0          0         68   __main.o
         0          0          0          0          0          0   __rtentry.o
        12          0          0          0          0          0   __rtentry2.o
         6          0          0          0          0          0   __rtentry4.o
        52          8          0          0          0          0   __scatter.o
        26          0          0          0          0          0   __scatter_copy.o
        28          0          0          0          0          0   __scatter_zi.o
        16          0          0          0          0         68   aeabi_memset.o
        40          0          0          0          0         80   calloc.o
        10          0          0          0          0         68   defsig_exit.o
        50          0          0          0          0         88   defsig_general.o
        80         58          0          0          0         76   defsig_rtmem_inner.o
        14          0          0          0          0         80   defsig_rtmem_outer.o
        18          0          0          0          0         80   exit.o
        94          0          0          0          0         80   h1_alloc.o
        52          0          0          0          0         68   h1_extend.o
        78          0          0          0          0         80   h1_free.o
        14          0          0          0          0         84   h1_init.o
         6          0          0          0          0        152   heapauxi.o
         4          0          0          0          0        136   hguard.o
         0          0          0          0          0          0   indicate_semi.o
       138          0          0          0          0        168   init_alloc.o
         2          0          0          0          0          0   libinit.o
        14          0          0          0          0          0   libinit2.o
         2          0          0          0          0          0   libshutdown.o
         2          0          0          0          0          0   libshutdown2.o
         8          4          0          0         96         68   libspace.o
       240          0          0          0          0        100   lludivv7m.o
         0          0          0          0          0          0   maybetermalloc1.o
        22          0          0          0          0         76   memset.o
         8          4          0          0          0         68   rt_heap_descriptor_intlibspace.o
        68          0          0          0          0         68   rt_memclr.o
        78          0          0          0          0         80   rt_memclr_w.o
       138          0          0          0          0         68   rt_memcpy_v6.o
       100          0          0          0          0         80   rt_memcpy_w.o
         2          0          0          0          0          0   rtexit.o
        10          0          0          0          0          0   rtexit2.o
        12          4          0          0          0         68   sys_exit.o
        74          0          0          0          0         80   sys_stackheap_outer.o
        14          0          0          0          0         76   sys_wrch.o
         2          0          0          0          0         68   use_no_semi.o
        26          0          0          0          0        116   fpinit.o

    ----------------------------------------------------------------------
      1578         78          0          0         96       2392   Library Totals
        10          0          0          0          0          0   (incl. Padding)

    ----------------------------------------------------------------------

      Code (inc. data)   RO Data    RW Data    ZI Data      Debug   Library Name

      1542         78          0          0         96       2276   c_w.l
        26          0          0          0          0        116   fz_wm.l

    ----------------------------------------------------------------------
      1578         78          0          0         96       2392   Library Totals

    ----------------------------------------------------------------------

==============================================================================


      Code (inc. data)   RO Data    RW Data    ZI Data      Debug   

     24928        176        840         40     106720     252807   Grand Totals
     24928        176        840         40     106720     252807   ELF Image Totals
     24928        176        840         40          0          0   ROM Totals

==============================================================================

    Total RO  Size (Code + RO Data)                25768 (  25.16kB)
    Total RW  Size (RW Data + ZI Data)            106760 ( 104.26kB)
    Total ROM Size (Code + RO Data + RW Data)      25808 (  25.20kB)

==============================================================================

