<html>
<body>
<pre>
<h1>µVision Build Log</h1>
<h2>Tool Versions:</h2>
IDE-Version: µVision V5.36.0.0
Copyright (C) 2021 ARM Ltd and ARM Germany GmbH. All rights reserved.
License Information: A A, A, LIC=21E4T-RL2CQ-2Z3W4-FY2FJ-9VMYP-H51ZX
 
Tool Versions:
Toolchain:       MDK-ARM Plus  Version: 5.36.0.0
Toolchain Path:  C:\Keil_v5\ARM\ARMCLANG\Bin
C Compiler:      ArmClang.exe V6.16
Assembler:       Armasm.exe V6.16
Linker/Locator:  ArmLink.exe V6.16
Library Manager: ArmAr.exe V6.16
Hex Converter:   FromElf.exe V6.16
CPU DLL:         SARMCM3.DLL V5.36.0.0
Dialog DLL:      DCM.DLL V1.17.3.0
Target DLL:      STLink\ST-LINKIII-KEIL_SWO.dll V3.0.9.0
Dialog DLL:      TCM.DLL V1.53.0.0
 
<h2>Project:</h2>
D:\Projects\Mbedtls\Mbedtls_H7_HMAC_SHA512\MDK-ARM\Mbedtls_H7.uvprojx
Project File Date:  11/25/2022

<h2>Output:</h2>
*** Using Compiler 'V6.16', folder: 'C:\Keil_v5\ARM\ARMCLANG\Bin'
Rebuild target 'Mbedtls_H7'
compiling my_list.c...
compiling atoi_itoa.c...
compiling ram_mgmt.c...
assembling startup_stm32h743xx.s...
compiling mbedtls.c...
compiling delay.c...
compiling hardware_rng.c...
compiling uart.c...
compiling main.c...
compiling stm32h7xx_hal_msp.c...
compiling stm32h7xx_it.c...
compiling stm32h7xx_hal_cortex.c...
compiling stm32h7xx_hal_flash.c...
compiling stm32h7xx_hal_flash_ex.c...
compiling stm32h7xx_hal_rcc_ex.c...
compiling stm32h7xx_hal_rcc.c...
compiling stm32h7xx_hal_gpio.c...
compiling stm32h7xx_hal_hsem.c...
compiling stm32h7xx_hal_dma_ex.c...
compiling stm32h7xx_hal_pwr.c...
compiling stm32h7xx_hal_mdma.c...
compiling stm32h7xx_hal.c...
compiling stm32h7xx_hal_pwr_ex.c...
compiling stm32h7xx_hal_dma.c...
compiling stm32h7xx_hal_i2c_ex.c...
compiling stm32h7xx_hal_exti.c...
compiling stm32h7xx_hal_rng.c...
compiling stm32h7xx_hal_rng_ex.c...
compiling aesni.c...
compiling arc4.c...
compiling system_stm32h7xx.c...
compiling stm32h7xx_hal_uart_ex.c...
compiling stm32h7xx_hal_i2c.c...
compiling aes.c...
compiling stm32h7xx_hal_tim_ex.c...
compiling asn1parse.c...
compiling stm32h7xx_hal_uart.c...
compiling asn1write.c...
compiling base64.c...
compiling blowfish.c...
compiling stm32h7xx_hal_tim.c...
compiling ccm.c...
compiling certs.c...
compiling chacha20.c...
compiling camellia.c...
compiling chachapoly.c...
compiling cipher_wrap.c...
compiling cipher.c...
compiling ctr_drbg.c...
compiling bignum.c...
compiling ecdh.c...
compiling dhm.c...
compiling des.c...
compiling ecdsa.c...
compiling entropy_poll.c...
compiling entropy.c...
compiling ecp_curves.c...
compiling hkdf.c...
compiling ecp.c...
compiling error.c...
compiling hmac_drbg.c...
compiling gcm.c...
compiling md.c...
compiling memory_buffer_alloc.c...
compiling md_wrap.c...
compiling md5.c...
compiling padlock.c...
compiling oid.c...
compiling pem.c...
compiling pkcs12.c...
compiling pk.c...
compiling pkcs5.c...
compiling pkwrite.c...
compiling platform.c...
compiling pk_wrap.c...
compiling pkparse.c...
compiling platform_util.c...
compiling poly1305.c...
compiling rsa_internal.c...
compiling ssl_cache.c...
compiling ssl_ciphersuites.c...
compiling sha1.c...
compiling ripemd160.c...
compiling sha256.c...
compiling sha512.c...
compiling ssl_cookie.c...
compiling rsa.c...
compiling ssl_ticket.c...
compiling ssl_cli.c...
compiling version_features.c...
compiling version.c...
compiling x509write_csr.c...
compiling x509write_crt.c...
compiling x509.c...
compiling x509_create.c...
compiling xtea.c...
compiling x509_csr.c...
compiling x509_crl.c...
compiling x509_crt.c...
compiling ssl_tls.c...
linking...
Program Size: Code=76164 RO-data=2188 RW-data=80 ZI-data=30282160  
FromELF: creating hex file...
"Mbedtls_H7\Mbedtls_H7.axf" - 0 Error(s), 0 Warning(s).

<h2>Software Packages used:</h2>

Package Vendor: ARM
                http://www.keil.com/pack/ARM.CMSIS.5.8.0.pack
                ARM.CMSIS.5.8.0
                CMSIS (Common Microcontroller Software Interface Standard)
   * Component: CORE Version: 5.5.0

Package Vendor: Keil
                http://www.keil.com/pack/Keil.STM32H7xx_DFP.3.0.0.pack
                Keil.STM32H7xx_DFP.3.0.0
                STMicroelectronics STM32H7 Series Device Support and Examples

<h2>Collection of Component include folders:</h2>
  .\RTE\_Mbedtls_H7
  C:\Users\cuiho\AppData\Local\Arm\Packs\ARM\CMSIS\5.8.0\CMSIS\Core\Include
  C:\Users\cuiho\AppData\Local\Arm\Packs\Keil\STM32H7xx_DFP\3.0.0\Drivers\CMSIS\Device\ST\STM32H7xx\Include

<h2>Collection of Component Files used:</h2>

   * Component: ARM::CMSIS:CORE:5.5.0
      Include file:  CMSIS\Core\Include\tz_context.h
Build Time Elapsed:  00:00:04
</pre>
</body>
</html>
