<html>
<body>
<pre>
<h1>µVision Build Log</h1>
<h2>Tool Versions:</h2>
IDE-Version: µVision V5.36.0.0
Copyright (C) 2021 ARM Ltd and ARM Germany GmbH. All rights reserved.
License Information: A A, A, LIC=21E4T-RL2CQ-2Z3W4-FY2FJ-9VMYP-H51ZX
 
Tool Versions:
Toolchain:       MDK-ARM Plus  Version: 5.36.0.0
Toolchain Path:  C:\Keil_v5\ARM\ARMCLANG\Bin
C Compiler:      ArmClang.exe V6.16
Assembler:       Armasm.exe V6.16
Linker/Locator:  ArmLink.exe V6.16
Library Manager: ArmAr.exe V6.16
Hex Converter:   FromElf.exe V6.16
CPU DLL:         SARMCM3.DLL V5.36.0.0
Dialog DLL:      DCM.DLL V1.17.3.0
Target DLL:      STLink\ST-LINKIII-KEIL_SWO.dll V3.0.9.0
Dialog DLL:      TCM.DLL V1.53.0.0
 
<h2>Project:</h2>
D:\Projects\Mbedtls\L4\Mbedtls_L4_RSA_SIG2048_SHA512\MDK-ARM\Mbedtls_L4.uvprojx
Project File Date:  11/15/2022

<h2>Output:</h2>
*** Using Compiler 'V6.16', folder: 'C:\Keil_v5\ARM\ARMCLANG\Bin'
Rebuild target 'Mbedtls_L4'
compiling stm32l4xx_hal_msp.c...
compiling my_list.c...
compiling atoi_itoa.c...
assembling startup_stm32l471xx.s...
compiling stm32l4xx_it.c...
compiling ram_mgmt.c...
compiling delay.c...
compiling uart.c...
compiling stm32l4xx_hal_i2c_ex.c...
compiling main.c...
compiling stm32l4xx_hal.c...
compiling stm32l4xx_hal_rcc.c...
compiling stm32l4xx_hal_flash.c...
compiling stm32l4xx_hal_flash_ramfunc.c...
compiling stm32l4xx_hal_rcc_ex.c...
compiling stm32l4xx_hal_dma_ex.c...
compiling stm32l4xx_hal_flash_ex.c...
compiling stm32l4xx_hal_tim_ex.c...
compiling stm32l4xx_hal_gpio.c...
compiling stm32l4xx_hal_dma.c...
compiling stm32l4xx_hal_pwr.c...
compiling stm32l4xx_hal_exti.c...
compiling stm32l4xx_hal_cortex.c...
compiling stm32l4xx_hal_pwr_ex.c...
compiling aria.c...
compiling system_stm32l4xx.c...
compiling camellia.c...
compiling stm32l4xx_hal_uart_ex.c...
compiling ccm.c...
compiling base64.c...
compiling chacha20.c...
compiling chachapoly.c...
compiling asn1write.c...
compiling asn1parse.c...
compiling cmac.c...
compiling cipher_wrap.c...
compiling debug.c...
compiling stm32l4xx_hal_tim.c...
compiling des.c...
compiling cipher.c...
compiling dhm.c...
compiling ecdh.c...
compiling ecdsa.c...
compiling ecjpake.c...
compiling ecp.c...
compiling ecp_curves.c...
compiling stm32l4xx_hal_uart.c...
compiling stm32l4xx_hal_i2c.c...
compiling constant_time.c...
compiling ctr_drbg.c...
compiling error.c...
compiling entropy_poll.c...
compiling hkdf.c...
compiling gcm.c...
compiling hmac_drbg.c...
compiling md5.c...
compiling memory_buffer_alloc.c...
compiling mps_reader.c...
compiling aes.c...
compiling md.c...
compiling entropy.c...
compiling mps_trace.c...
compiling net_sockets.c...
compiling nist_kw.c...
compiling pem.c...
compiling pk_wrap.c...
compiling pk.c...
compiling pkcs5.c...
compiling oid.c...
compiling pkcs12.c...
compiling platform.c...
compiling pkwrite.c...
compiling platform_util.c...
compiling poly1305.c...
compiling psa_crypto.c...
compiling pkparse.c...
compiling psa_crypto_aead.c...
compiling psa_crypto_cipher.c...
compiling psa_crypto_client.c...
compiling psa_crypto_ecp.c...
compiling psa_crypto_driver_wrappers.c...
compiling psa_crypto_hash.c...
compiling psa_crypto_mac.c...
compiling psa_crypto_rsa.c...
compiling psa_crypto_se.c...
compiling psa_crypto_slot_management.c...
compiling psa_crypto_storage.c...
compiling psa_its_file.c...
compiling ripemd160.c...
compiling ssl_cache.c...
compiling rsa_alt_helpers.c...
compiling ssl_ciphersuites.c...
compiling ssl_cli.c...
compiling ssl_cookie.c...
compiling ssl_debug_helpers_generated.c...
compiling ssl_msg.c...
compiling ssl_srv.c...
compiling ssl_ticket.c...
compiling ssl_tls.c...
compiling ssl_tls13_client.c...
compiling ssl_tls13_generic.c...
compiling ssl_tls13_keys.c...
compiling sha512.c...
compiling ssl_tls13_server.c...
compiling threading.c...
compiling sha256.c...
compiling sha1.c...
compiling timing.c...
compiling version.c...
compiling version_features.c...
compiling rsa.c...
compiling x509.c...
compiling x509_create.c...
compiling x509_crl.c...
compiling x509_crt.c...
compiling x509_csr.c...
compiling x509write_crt.c...
compiling x509write_csr.c...
compiling bignum.c...
linking...
Program Size: Code=64030 RO-data=2702 RW-data=40 ZI-data=123168  
FromELF: creating hex file...
"Mbedtls_L4\Mbedtls_L4.axf" - 0 Error(s), 0 Warning(s).

<h2>Software Packages used:</h2>

Package Vendor: ARM
                http://www.keil.com/pack/ARM.CMSIS.5.8.0.pack
                ARM.CMSIS.5.8.0
                CMSIS (Common Microcontroller Software Interface Standard)
   * Component: CORE Version: 5.5.0

Package Vendor: ARM
                https://www.keil.com/pack/ARM.mbedTLS.3.1.0.pack
                ARM.mbedTLS.3.1.0
                ARM mbed Cryptographic and SSL/TLS library
   * Component: mbed TLS Version: 3.1.0

Package Vendor: Keil
                http://www.keil.com/pack/Keil.STM32L4xx_DFP.2.6.1.pack
                Keil.STM32L4xx_DFP.2.6.1
                STMicroelectronics STM32L4 Series Device Support, Drivers and Examples

<h2>Collection of Component include folders:</h2>
  .\RTE\Security
  .\RTE\_Mbedtls_L4
  C:\Users\cuiho\AppData\Local\Arm\Packs\ARM\CMSIS\5.8.0\CMSIS\Core\Include
  C:\Users\cuiho\AppData\Local\Arm\Packs\ARM\mbedTLS\3.1.0\RTE\include
  C:\Users\cuiho\AppData\Local\Arm\Packs\ARM\mbedTLS\3.1.0\include
  C:\Users\cuiho\AppData\Local\Arm\Packs\Keil\STM32L4xx_DFP\2.6.1\Drivers\CMSIS\Device\ST\STM32L4xx\Include

<h2>Collection of Component Files used:</h2>

   * Component: ARM::CMSIS:CORE:5.5.0
      Include file:  CMSIS\Core\Include\tz_context.h

   * Component: ARM::Security:mbed TLS:3.1.0
      Source file:   library\aes.c
      Source file:   library\chachapoly.c
      Include file:  RTE\configs\mbedTLS_config.h
      Source file:   library\asn1write.c
      Source file:   library\camellia.c
      Source file:   library\aria.c
      Source file:   library\base64.c
      Source file:   library\cipher.c
      Source file:   library\asn1parse.c
      Include file:  RTE\configs\mbedTLS_crypto_config.h
      Source file:   library\bignum.c
      Source file:   library\chacha20.c
      Source file:   library\ccm.c
      Source file:   library\cipher_wrap.c
      Source file:   library\mps_trace.c
      Source file:   library\constant_time.c
      Source file:   library\ctr_drbg.c
      Source file:   library\ecjpake.c
      Source file:   library\cmac.c
      Source file:   library\mps_reader.c
      Source file:   library\nist_kw.c
      Source file:   library\hmac_drbg.c
      Source file:   library\ecp.c
      Source file:   library\md5.c
      Source file:   library\md.c
      Source file:   library\gcm.c
      Source file:   library\memory_buffer_alloc.c
      Source file:   library\oid.c
      Source file:   library\net_sockets.c
      Source file:   library\pem.c
      Source file:   library\hkdf.c
      Source file:   library\ecdh.c
      Source file:   library\des.c
      Source file:   library\ecp_curves.c
      Source file:   library\error.c
      Source file:   library\debug.c
      Source file:   library\ecdsa.c
      Source file:   library\entropy.c
      Source file:   library\pk_wrap.c
      Source file:   library\entropy_poll.c
      Source file:   library\pk.c
      Source file:   library\dhm.c
      Source file:   library\platform.c
      Source file:   library\ripemd160.c
      Source file:   library\sha1.c
      Source file:   library\pkcs12.c
      Source file:   library\psa_crypto_cipher.c
      Source file:   library\psa_crypto_driver_wrappers.c
      Source file:   library\psa_crypto_mac.c
      Source file:   library\rsa.c
      Source file:   library\rsa_alt_helpers.c
      Source file:   library\sha512.c
      Source file:   library\ssl_cache.c
      Source file:   library\ssl_cli.c
      Source file:   library\ssl_debug_helpers_generated.c
      Source file:   library\ssl_cookie.c
      Source file:   library\ssl_msg.c
      Source file:   library\psa_crypto_client.c
      Source file:   library\sha256.c
      Source file:   library\pkparse.c
      Source file:   library\ssl_ciphersuites.c
      Source file:   library\psa_crypto_aead.c
      Source file:   library\psa_crypto.c
      Source file:   library\psa_crypto_slot_management.c
      Source file:   library\platform_util.c
      Source file:   library\psa_crypto_hash.c
      Source file:   library\psa_crypto_rsa.c
      Source file:   library\pkcs5.c
      Source file:   library\pkwrite.c
      Source file:   library\psa_crypto_ecp.c
      Source file:   library\poly1305.c
      Source file:   library\psa_crypto_se.c
      Source file:   library\psa_crypto_storage.c
      Source file:   library\psa_its_file.c
      Source file:   library\ssl_ticket.c
      Source file:   library\timing.c
      Source file:   library\x509_create.c
      Source file:   library\ssl_tls13_server.c
      Source file:   library\ssl_tls13_client.c
      Source file:   library\threading.c
      Source file:   library\x509write_crt.c
      Source file:   library\ssl_tls13_keys.c
      Source file:   library\x509_crl.c
      Source file:   library\x509_crt.c
      Source file:   library\version.c
      Source file:   library\ssl_tls.c
      Source file:   library\ssl_srv.c
      Source file:   library\x509.c
      Source file:   library\ssl_tls13_generic.c
      Source file:   library\version_features.c
      Source file:   library\x509_csr.c
      Source file:   library\x509write_csr.c
Build Time Elapsed:  00:00:03
</pre>
</body>
</html>
