Component: ARM Compiler 6.16 Tool: armlink [5dfeaa00]

==============================================================================

Section Cross References

    startup_stm32l471xx.o(STACK) refers (Special) to heapauxi.o(.text) for __use_two_region_memory
    startup_stm32l471xx.o(HEAP) refers (Special) to heapauxi.o(.text) for __use_two_region_memory
    startup_stm32l471xx.o(RESET) refers (Special) to heapauxi.o(.text) for __use_two_region_memory
    startup_stm32l471xx.o(RESET) refers to startup_stm32l471xx.o(STACK) for __initial_sp
    startup_stm32l471xx.o(RESET) refers to startup_stm32l471xx.o(.text) for Reset_Handler
    startup_stm32l471xx.o(RESET) refers to stm32l4xx_it.o(.text.NMI_Handler) for NMI_Handler
    startup_stm32l471xx.o(RESET) refers to stm32l4xx_it.o(.text.HardFault_Handler) for HardFault_Handler
    startup_stm32l471xx.o(RESET) refers to stm32l4xx_it.o(.text.MemManage_Handler) for MemManage_Handler
    startup_stm32l471xx.o(RESET) refers to stm32l4xx_it.o(.text.BusFault_Handler) for BusFault_Handler
    startup_stm32l471xx.o(RESET) refers to stm32l4xx_it.o(.text.UsageFault_Handler) for UsageFault_Handler
    startup_stm32l471xx.o(RESET) refers to stm32l4xx_it.o(.text.SVC_Handler) for SVC_Handler
    startup_stm32l471xx.o(RESET) refers to stm32l4xx_it.o(.text.DebugMon_Handler) for DebugMon_Handler
    startup_stm32l471xx.o(RESET) refers to stm32l4xx_it.o(.text.PendSV_Handler) for PendSV_Handler
    startup_stm32l471xx.o(RESET) refers to stm32l4xx_it.o(.text.SysTick_Handler) for SysTick_Handler
    startup_stm32l471xx.o(RESET) refers to stm32l4xx_it.o(.text.DMA1_Channel4_IRQHandler) for DMA1_Channel4_IRQHandler
    startup_stm32l471xx.o(RESET) refers to stm32l4xx_it.o(.text.DMA1_Channel5_IRQHandler) for DMA1_Channel5_IRQHandler
    startup_stm32l471xx.o(RESET) refers to stm32l4xx_it.o(.text.USART1_IRQHandler) for USART1_IRQHandler
    startup_stm32l471xx.o(.text) refers (Special) to heapauxi.o(.text) for __use_two_region_memory
    startup_stm32l471xx.o(.text) refers to system_stm32l4xx.o(.text.SystemInit) for SystemInit
    startup_stm32l471xx.o(.text) refers to __main.o(!!!main) for __main
    startup_stm32l471xx.o(.text) refers to startup_stm32l471xx.o(HEAP) for Heap_Mem
    startup_stm32l471xx.o(.text) refers to startup_stm32l471xx.o(STACK) for Stack_Mem
    atoi_itoa.o(.text.my_atoi) refers to ram_mgmt.o(.text.my_free) for my_free
    atoi_itoa.o(.ARM.exidx.text.my_atoi) refers to atoi_itoa.o(.text.my_atoi) for [Anonymous Symbol]
    atoi_itoa.o(.text.my_atoi_ll) refers to ram_mgmt.o(.text.my_free) for my_free
    atoi_itoa.o(.ARM.exidx.text.my_atoi_ll) refers to atoi_itoa.o(.text.my_atoi_ll) for [Anonymous Symbol]
    atoi_itoa.o(.ARM.exidx.text.my_strlen) refers to atoi_itoa.o(.text.my_strlen) for [Anonymous Symbol]
    atoi_itoa.o(.text.my_strcpy) refers to ram_mgmt.o(.text.my_malloc) for my_malloc
    atoi_itoa.o(.text.my_strcpy) refers to ram_mgmt.o(.text.my_memclear) for my_memclear
    atoi_itoa.o(.text.my_strcpy) refers to ram_mgmt.o(.text.my_memcpy) for my_memcpy
    atoi_itoa.o(.ARM.exidx.text.my_strcpy) refers to atoi_itoa.o(.text.my_strcpy) for [Anonymous Symbol]
    atoi_itoa.o(.ARM.exidx.text.reverseCharArray) refers to atoi_itoa.o(.text.reverseCharArray) for [Anonymous Symbol]
    atoi_itoa.o(.text.reverseStr) refers to ram_mgmt.o(.text.my_malloc) for my_malloc
    atoi_itoa.o(.text.reverseStr) refers to ram_mgmt.o(.text.my_free) for my_free
    atoi_itoa.o(.ARM.exidx.text.reverseStr) refers to atoi_itoa.o(.text.reverseStr) for [Anonymous Symbol]
    atoi_itoa.o(.text.my_itoa) refers to ram_mgmt.o(.text.my_malloc) for my_malloc
    atoi_itoa.o(.ARM.exidx.text.my_itoa) refers to atoi_itoa.o(.text.my_itoa) for [Anonymous Symbol]
    atoi_itoa.o(.text.float2string) refers to atoi_itoa.o(.bss.float2string.string) for float2string.string
    atoi_itoa.o(.text.float2string) refers to atoi_itoa.o(.rodata.num2char) for num2char
    atoi_itoa.o(.ARM.exidx.text.float2string) refers to atoi_itoa.o(.text.float2string) for [Anonymous Symbol]
    delay.o(.text.delay_us) refers to main.o(.bss.htim17) for htim17
    delay.o(.text.delay_us) refers to stm32l4xx_hal_tim.o(.text.HAL_TIM_Base_Start) for HAL_TIM_Base_Start
    delay.o(.ARM.exidx.text.delay_us) refers to delay.o(.text.delay_us) for [Anonymous Symbol]
    delay.o(.text.delay_ms) refers to main.o(.bss.htim17) for htim17
    delay.o(.text.delay_ms) refers to stm32l4xx_hal_tim.o(.text.HAL_TIM_Base_Start) for HAL_TIM_Base_Start
    delay.o(.ARM.exidx.text.delay_ms) refers to delay.o(.text.delay_ms) for [Anonymous Symbol]
    my_list.o(.text.CreatList) refers to ram_mgmt.o(.text.my_malloc) for my_malloc
    my_list.o(.ARM.exidx.text.CreatList) refers to my_list.o(.text.CreatList) for [Anonymous Symbol]
    my_list.o(.ARM.exidx.text.isLast) refers to my_list.o(.text.isLast) for [Anonymous Symbol]
    my_list.o(.ARM.exidx.text.SearchList) refers to my_list.o(.text.SearchList) for [Anonymous Symbol]
[...]
    __rt_lib_init_signal_1                   0x08000221   Thumb Code     0  libinit2.o(.ARM.Collect$$libinit$$0000001D)
    __rt_lib_init_stdio_1                    0x08000221   Thumb Code     0  libinit2.o(.ARM.Collect$$libinit$$00000025)
    __rt_lib_init_user_alloc_1               0x08000221   Thumb Code     0  libinit2.o(.ARM.Collect$$libinit$$0000000C)
    __rt_lib_shutdown                        0x08000223   Thumb Code     0  libshutdown.o(.ARM.Collect$$libshutdown$$00000000)
    __rt_lib_shutdown_cpp_1                  0x08000225   Thumb Code     0  libshutdown2.o(.ARM.Collect$$libshutdown$$00000002)
    __rt_lib_shutdown_fp_trap_1              0x08000225   Thumb Code     0  libshutdown2.o(.ARM.Collect$$libshutdown$$00000007)
    __rt_lib_shutdown_heap_1                 0x08000225   Thumb Code     0  libshutdown2.o(.ARM.Collect$$libshutdown$$0000000F)
    __rt_lib_shutdown_return                 0x08000225   Thumb Code     0  libshutdown2.o(.ARM.Collect$$libshutdown$$00000010)
    __rt_lib_shutdown_signal_1               0x08000225   Thumb Code     0  libshutdown2.o(.ARM.Collect$$libshutdown$$0000000A)
    __rt_lib_shutdown_stdio_1                0x08000225   Thumb Code     0  libshutdown2.o(.ARM.Collect$$libshutdown$$00000004)
    __rt_lib_shutdown_user_alloc_1           0x08000225   Thumb Code     0  libshutdown2.o(.ARM.Collect$$libshutdown$$0000000C)
    __rt_entry                               0x08000227   Thumb Code     0  __rtentry.o(.ARM.Collect$$rtentry$$00000000)
    __rt_entry_presh_1                       0x08000227   Thumb Code     0  __rtentry2.o(.ARM.Collect$$rtentry$$00000002)
    __rt_entry_sh                            0x08000227   Thumb Code     0  __rtentry4.o(.ARM.Collect$$rtentry$$00000004)
    __rt_entry_li                            0x0800022d   Thumb Code     0  __rtentry2.o(.ARM.Collect$$rtentry$$0000000A)
    __rt_entry_postsh_1                      0x0800022d   Thumb Code     0  __rtentry2.o(.ARM.Collect$$rtentry$$00000009)
    __rt_entry_main                          0x08000231   Thumb Code     0  __rtentry2.o(.ARM.Collect$$rtentry$$0000000D)
    __rt_entry_postli_1                      0x08000231   Thumb Code     0  __rtentry2.o(.ARM.Collect$$rtentry$$0000000C)
    __rt_exit                                0x08000239   Thumb Code     0  rtexit.o(.ARM.Collect$$rtexit$$00000000)
    __rt_exit_ls                             0x0800023b   Thumb Code     0  rtexit2.o(.ARM.Collect$$rtexit$$00000003)
    __rt_exit_prels_1                        0x0800023b   Thumb Code     0  rtexit2.o(.ARM.Collect$$rtexit$$00000002)
    __rt_exit_exit                           0x0800023f   Thumb Code     0  rtexit2.o(.ARM.Collect$$rtexit$$00000004)
    Reset_Handler                            0x08000245   Thumb Code     8  startup_stm32l471xx.o(.text)
    ADC1_2_IRQHandler                        0x0800025f   Thumb Code     0  startup_stm32l471xx.o(.text)
    ADC3_IRQHandler                          0x0800025f   Thumb Code     0  startup_stm32l471xx.o(.text)
    CAN1_RX0_IRQHandler                      0x0800025f   Thumb Code     0  startup_stm32l471xx.o(.text)
    CAN1_RX1_IRQHandler                      0x0800025f   Thumb Code     0  startup_stm32l471xx.o(.text)
    CAN1_SCE_IRQHandler                      0x0800025f   Thumb Code     0  startup_stm32l471xx.o(.text)
    CAN1_TX_IRQHandler                       0x0800025f   Thumb Code     0  startup_stm32l471xx.o(.text)
    COMP_IRQHandler                          0x0800025f   Thumb Code     0  startup_stm32l471xx.o(.text)
    DFSDM1_FLT0_IRQHandler                   0x0800025f   Thumb Code     0  startup_stm32l471xx.o(.text)
    DFSDM1_FLT1_IRQHandler                   0x0800025f   Thumb Code     0  startup_stm32l471xx.o(.text)
    DFSDM1_FLT2_IRQHandler                   0x0800025f   Thumb Code     0  startup_stm32l471xx.o(.text)
    DFSDM1_FLT3_IRQHandler                   0x0800025f   Thumb Code     0  startup_stm32l471xx.o(.text)
    DMA1_Channel1_IRQHandler                 0x0800025f   Thumb Code     0  startup_stm32l471xx.o(.text)
    DMA1_Channel2_IRQHandler                 0x0800025f   Thumb Code     0  startup_stm32l471xx.o(.text)
    DMA1_Channel3_IRQHandler                 0x0800025f   Thumb Code     0  startup_stm32l471xx.o(.text)
    DMA1_Channel6_IRQHandler                 0x0800025f   Thumb Code     0  startup_stm32l471xx.o(.text)
    DMA1_Channel7_IRQHandler                 0x0800025f   Thumb Code     0  startup_stm32l471xx.o(.text)
    DMA2_Channel1_IRQHandler                 0x0800025f   Thumb Code     0  startup_stm32l471xx.o(.text)
    DMA2_Channel2_IRQHandler                 0x0800025f   Thumb Code     0  startup_stm32l471xx.o(.text)
    DMA2_Channel3_IRQHandler                 0x0800025f   Thumb Code     0  startup_stm32l471xx.o(.text)
    DMA2_Channel4_IRQHandler                 0x0800025f   Thumb Code     0  startup_stm32l471xx.o(.text)
    DMA2_Channel5_IRQHandler                 0x0800025f   Thumb Code     0  startup_stm32l471xx.o(.text)
    DMA2_Channel6_IRQHandler                 0x0800025f   Thumb Code     0  startup_stm32l471xx.o(.text)
    DMA2_Channel7_IRQHandler                 0x0800025f   Thumb Code     0  startup_stm32l471xx.o(.text)
    EXTI0_IRQHandler                         0x0800025f   Thumb Code     0  startup_stm32l471xx.o(.text)
    EXTI15_10_IRQHandler                     0x0800025f   Thumb Code     0  startup_stm32l471xx.o(.text)
    EXTI1_IRQHandler                         0x0800025f   Thumb Code     0  startup_stm32l471xx.o(.text)
    EXTI2_IRQHandler                         0x0800025f   Thumb Code     0  startup_stm32l471xx.o(.text)
    EXTI3_IRQHandler                         0x0800025f   Thumb Code     0  startup_stm32l471xx.o(.text)
    EXTI4_IRQHandler                         0x0800025f   Thumb Code     0  startup_stm32l471xx.o(.text)
    EXTI9_5_IRQHandler                       0x0800025f   Thumb Code     0  startup_stm32l471xx.o(.text)
    FLASH_IRQHandler                         0x0800025f   Thumb Code     0  startup_stm32l471xx.o(.text)
    FMC_IRQHandler                           0x0800025f   Thumb Code     0  startup_stm32l471xx.o(.text)
    FPU_IRQHandler                           0x0800025f   Thumb Code     0  startup_stm32l471xx.o(.text)
    I2C1_ER_IRQHandler                       0x0800025f   Thumb Code     0  startup_stm32l471xx.o(.text)
    I2C1_EV_IRQHandler                       0x0800025f   Thumb Code     0  startup_stm32l471xx.o(.text)
    I2C2_ER_IRQHandler                       0x0800025f   Thumb Code     0  startup_stm32l471xx.o(.text)
    I2C2_EV_IRQHandler                       0x0800025f   Thumb Code     0  startup_stm32l471xx.o(.text)
    I2C3_ER_IRQHandler                       0x0800025f   Thumb Code     0  startup_stm32l471xx.o(.text)
    I2C3_EV_IRQHandler                       0x0800025f   Thumb Code     0  startup_stm32l471xx.o(.text)
    LPTIM1_IRQHandler                        0x0800025f   Thumb Code     0  startup_stm32l471xx.o(.text)
    LPTIM2_IRQHandler                        0x0800025f   Thumb Code     0  startup_stm32l471xx.o(.text)
    LPUART1_IRQHandler                       0x0800025f   Thumb Code     0  startup_stm32l471xx.o(.text)
    PVD_PVM_IRQHandler                       0x0800025f   Thumb Code     0  startup_stm32l471xx.o(.text)
    QUADSPI_IRQHandler                       0x0800025f   Thumb Code     0  startup_stm32l471xx.o(.text)
    RCC_IRQHandler                           0x0800025f   Thumb Code     0  startup_stm32l471xx.o(.text)
    RNG_IRQHandler                           0x0800025f   Thumb Code     0  startup_stm32l471xx.o(.text)
    RTC_Alarm_IRQHandler                     0x0800025f   Thumb Code     0  startup_stm32l471xx.o(.text)
    RTC_WKUP_IRQHandler                      0x0800025f   Thumb Code     0  startup_stm32l471xx.o(.text)
    SAI1_IRQHandler                          0x0800025f   Thumb Code     0  startup_stm32l471xx.o(.text)
    SAI2_IRQHandler                          0x0800025f   Thumb Code     0  startup_stm32l471xx.o(.text)
    SDMMC1_IRQHandler                        0x0800025f   Thumb Code     0  startup_stm32l471xx.o(.text)
    SPI1_IRQHandler                          0x0800025f   Thumb Code     0  startup_stm32l471xx.o(.text)
    SPI2_IRQHandler                          0x0800025f   Thumb Code     0  startup_stm32l471xx.o(.text)
    SPI3_IRQHandler                          0x0800025f   Thumb Code     0  startup_stm32l471xx.o(.text)
    SWPMI1_IRQHandler                        0x0800025f   Thumb Code     0  startup_stm32l471xx.o(.text)
    TAMP_STAMP_IRQHandler                    0x0800025f   Thumb Code     0  startup_stm32l471xx.o(.text)
    TIM1_BRK_TIM15_IRQHandler                0x0800025f   Thumb Code     0  startup_stm32l471xx.o(.text)
    TIM1_CC_IRQHandler                       0x0800025f   Thumb Code     0  startup_stm32l471xx.o(.text)
    TIM1_TRG_COM_TIM17_IRQHandler            0x0800025f   Thumb Code     0  startup_stm32l471xx.o(.text)
    TIM1_UP_TIM16_IRQHandler                 0x0800025f   Thumb Code     0  startup_stm32l471xx.o(.text)
    TIM2_IRQHandler                          0x0800025f   Thumb Code     0  startup_stm32l471xx.o(.text)
    TIM3_IRQHandler                          0x0800025f   Thumb Code     0  startup_stm32l471xx.o(.text)
    TIM4_IRQHandler                          0x0800025f   Thumb Code     0  startup_stm32l471xx.o(.text)
    TIM5_IRQHandler                          0x0800025f   Thumb Code     0  startup_stm32l471xx.o(.text)
    TIM6_DAC_IRQHandler                      0x0800025f   Thumb Code     0  startup_stm32l471xx.o(.text)
    TIM7_IRQHandler                          0x0800025f   Thumb Code     0  startup_stm32l471xx.o(.text)
    TIM8_BRK_IRQHandler                      0x0800025f   Thumb Code     0  startup_stm32l471xx.o(.text)
    TIM8_CC_IRQHandler                       0x0800025f   Thumb Code     0  startup_stm32l471xx.o(.text)
    TIM8_TRG_COM_IRQHandler                  0x0800025f   Thumb Code     0  startup_stm32l471xx.o(.text)
    TIM8_UP_IRQHandler                       0x0800025f   Thumb Code     0  startup_stm32l471xx.o(.text)
    TSC_IRQHandler                           0x0800025f   Thumb Code     0  startup_stm32l471xx.o(.text)
    UART4_IRQHandler                         0x0800025f   Thumb Code     0  startup_stm32l471xx.o(.text)
    UART5_IRQHandler                         0x0800025f   Thumb Code     0  startup_stm32l471xx.o(.text)
    USART2_IRQHandler                        0x0800025f   Thumb Code     0  startup_stm32l471xx.o(.text)
    USART3_IRQHandler                        0x0800025f   Thumb Code     0  startup_stm32l471xx.o(.text)
    WWDG_IRQHandler                          0x0800025f   Thumb Code     0  startup_stm32l471xx.o(.text)
    __user_initial_stackheap                 0x08000261   Thumb Code     0  startup_stm32l471xx.o(.text)
    calloc                                   0x08000285   Thumb Code    40  calloc.o(.text)
    free                                     0x080002ad   Thumb Code    78  h1_free.o(.text)
    __aeabi_uldivmod                         0x080002fb   Thumb Code     0  lludivv7m.o(.text)
    _ll_udiv                                 0x080002fb   Thumb Code   240  lludivv7m.o(.text)
    _printf_pre_padding                      0x080003eb   Thumb Code    44  _printf_pad.o(.text)
    _printf_post_padding                     0x08000417   Thumb Code    34  _printf_pad.o(.text)
    _printf_int_dec                          0x08000439   Thumb Code   104  _printf_dec.o(.text)
    _printf_int_hex                          0x080004b1   Thumb Code    84  _printf_hex_int.o(.text)
    _printf_longlong_hex                     0x080004b1   Thumb Code     0  _printf_hex_int.o(.text)
    strstr                                   0x08000509   Thumb Code    36  strstr.o(.text)
    memcmp                                   0x0800052d   Thumb Code    88  memcmp.o(.text)
    strlen                                   0x08000585   Thumb Code    62  strlen.o(.text)
    __aeabi_memcpy                           0x080005c3   Thumb Code     0  rt_memcpy_v6.o(.text)
    __rt_memcpy                              0x080005c3   Thumb Code   138  rt_memcpy_v6.o(.text)
    _memcpy_lastbytes                        0x08000629   Thumb Code     0  rt_memcpy_v6.o(.text)
    __aeabi_memcpy4                          0x0800064d   Thumb Code     0  rt_memcpy_w.o(.text)
    __aeabi_memcpy8                          0x0800064d   Thumb Code     0  rt_memcpy_w.o(.text)
    __rt_memcpy_w                            0x0800064d   Thumb Code   100  rt_memcpy_w.o(.text)
    _memcpy_lastbytes_aligned                0x08000695   Thumb Code     0  rt_memcpy_w.o(.text)
    memset                                   0x080006b1   Thumb Code    22  memset.o(.text)
    __aeabi_memset                           0x080006c7   Thumb Code    16  aeabi_memset.o(.text)
    __aeabi_memclr                           0x080006d7   Thumb Code     0  rt_memclr.o(.text)
    __rt_memclr                              0x080006d7   Thumb Code     0  rt_memclr.o(.text)
    _memset                                  0x080006db   Thumb Code    64  rt_memclr.o(.text)
    __aeabi_memclr4                          0x0800071b   Thumb Code     0  rt_memclr_w.o(.text)
    __aeabi_memclr8                          0x0800071b   Thumb Code     0  rt_memclr_w.o(.text)
    __rt_memclr_w                            0x0800071b   Thumb Code     0  rt_memclr_w.o(.text)
    _memset_w                                0x0800071f   Thumb Code    74  rt_memclr_w.o(.text)
    __use_two_region_memory                  0x08000769   Thumb Code     2  heapauxi.o(.text)
    __rt_heap_escrow                         0x0800076b   Thumb Code     2  heapauxi.o(.text)
    __rt_heap_expand                         0x0800076d   Thumb Code     2  heapauxi.o(.text)
    __rt_heap_descriptor                     0x08000771   Thumb Code     8  rt_heap_descriptor_intlibspace.o(.text)
    __use_no_heap                            0x08000779   Thumb Code     2  hguard.o(.text)
    __heap$guard                             0x0800077b   Thumb Code     2  hguard.o(.text)
    _terminate_user_alloc                    0x0800077d   Thumb Code     2  init_alloc.o(.text)
    _init_user_alloc                         0x0800077f   Thumb Code     2  init_alloc.o(.text)
    __Heap_Full                              0x08000781   Thumb Code    34  init_alloc.o(.text)
    __Heap_Broken                            0x080007a3   Thumb Code     6  init_alloc.o(.text)
    _init_alloc                              0x080007a9   Thumb Code    94  init_alloc.o(.text)
    malloc                                   0x08000807   Thumb Code    94  h1_alloc.o(.text)
    _printf_int_common                       0x08000865   Thumb Code   178  _printf_intcommon.o(.text)
    __user_libspace                          0x08000919   Thumb Code     8  libspace.o(.text)
    __user_perproc_libspace                  0x08000919   Thumb Code     0  libspace.o(.text)
    __user_perthread_libspace                0x08000919   Thumb Code     0  libspace.o(.text)
    __Heap_Initialize                        0x08000921   Thumb Code    10  h1_init.o(.text)
    _maybe_terminate_alloc                   0x08000921   Thumb Code     0  maybetermalloc1.o(.text)
    __Heap_DescSize                          0x0800092b   Thumb Code     4  h1_init.o(.text)
    __Heap_ProvideMemory                     0x0800092f   Thumb Code    52  h1_extend.o(.text)
    __rt_SIGRTMEM                            0x08000963   Thumb Code    14  defsig_rtmem_outer.o(.text)
    __user_setup_stackheap                   0x08000971   Thumb Code    74  sys_stackheap_outer.o(.text)
    exit                                     0x080009bb   Thumb Code    18  exit.o(.text)
    __sig_exit                               0x080009cd   Thumb Code    10  defsig_exit.o(.text)
    __rt_SIGRTMEM_inner                      0x080009d9   Thumb Code    22  defsig_rtmem_inner.o(.text)
    _sys_exit                                0x08000a29   Thumb Code     8  sys_exit.o(.text)
    __I$use$semihosting                      0x08000a35   Thumb Code     0  use_no_semi.o(.text)
    __use_no_semihosting_swi                 0x08000a35   Thumb Code     2  use_no_semi.o(.text)
    __default_signal_display                 0x08000a37   Thumb Code    50  defsig_general.o(.text)
    __semihosting_library_function           0x08000a37   Thumb Code     0  indicate_semi.o(.text)
    _ttywrch                                 0x08000a69   Thumb Code    14  sys_wrch.o(.text)
    AppendList                               0x08000a79   Thumb Code    90  my_list.o(.text.AppendList)
    BusFault_Handler                         0x08000ad5   Thumb Code     2  stm32l4xx_it.o(.text.BusFault_Handler)
    DMA1_Channel4_IRQHandler                 0x08000ad9   Thumb Code    12  stm32l4xx_it.o(.text.DMA1_Channel4_IRQHandler)
    DMA1_Channel5_IRQHandler                 0x08000ae5   Thumb Code    12  stm32l4xx_it.o(.text.DMA1_Channel5_IRQHandler)
    DebugMon_Handler                         0x08000af1   Thumb Code     2  stm32l4xx_it.o(.text.DebugMon_Handler)
    Error_Handler                            0x08000af5   Thumb Code    10  main.o(.text.Error_Handler)
    HAL_DMA_Abort                            0x08000b09   Thumb Code    74  stm32l4xx_hal_dma.o(.text.HAL_DMA_Abort)
    HAL_DMA_Abort_IT                         0x08000b55   Thumb Code    90  stm32l4xx_hal_dma.o(.text.HAL_DMA_Abort_IT)
    HAL_DMA_GetError                         0x08000bb1   Thumb Code     4  stm32l4xx_hal_dma.o(.text.HAL_DMA_GetError)
    HAL_DMA_IRQHandler                       0x08000bb5   Thumb Code   178  stm32l4xx_hal_dma.o(.text.HAL_DMA_IRQHandler)
    HAL_DMA_Init                             0x08000c69   Thumb Code   204  stm32l4xx_hal_dma.o(.text.HAL_DMA_Init)
    HAL_DMA_Start_IT                         0x08000d35   Thumb Code   164  stm32l4xx_hal_dma.o(.text.HAL_DMA_Start_IT)
    HAL_GPIO_Init                            0x08000dd9   Thumb Code   506  stm32l4xx_hal_gpio.o(.text.HAL_GPIO_Init)
    HAL_GetTick                              0x08000fd9   Thumb Code    12  stm32l4xx_hal.o(.text.HAL_GetTick)
    HAL_IncTick                              0x08000fe5   Thumb Code    26  stm32l4xx_hal.o(.text.HAL_IncTick)
    HAL_Init                                 0x08001001   Thumb Code    30  stm32l4xx_hal.o(.text.HAL_Init)
    HAL_InitTick                             0x08001021   Thumb Code    78  stm32l4xx_hal.o(.text.HAL_InitTick)
    HAL_MspInit                              0x08001071   Thumb Code    50  stm32l4xx_hal_msp.o(.text.HAL_MspInit)
    HAL_NVIC_EnableIRQ                       0x080010a5   Thumb Code    32  stm32l4xx_hal_cortex.o(.text.HAL_NVIC_EnableIRQ)
    HAL_NVIC_SetPriority                     0x080010c5   Thumb Code    86  stm32l4xx_hal_cortex.o(.text.HAL_NVIC_SetPriority)
    HAL_NVIC_SetPriorityGrouping             0x0800111d   Thumb Code    32  stm32l4xx_hal_cortex.o(.text.HAL_NVIC_SetPriorityGrouping)
    HAL_PWREx_ControlVoltageScaling          0x0800113d   Thumb Code   152  stm32l4xx_hal_pwr_ex.o(.text.HAL_PWREx_ControlVoltageScaling)
    HAL_PWREx_GetVoltageRange                0x080011d5   Thumb Code    16  stm32l4xx_hal_pwr_ex.o(.text.HAL_PWREx_GetVoltageRange)
    HAL_RCCEx_PeriphCLKConfig                0x080011e5   Thumb Code   928  stm32l4xx_hal_rcc_ex.o(.text.HAL_RCCEx_PeriphCLKConfig)
    HAL_RCC_ClockConfig                      0x08001585   Thumb Code   634  stm32l4xx_hal_rcc.o(.text.HAL_RCC_ClockConfig)
    HAL_RCC_GetPCLK1Freq                     0x08001801   Thumb Code    42  stm32l4xx_hal_rcc.o(.text.HAL_RCC_GetPCLK1Freq)
    HAL_RCC_GetPCLK2Freq                     0x0800182d   Thumb Code    42  stm32l4xx_hal_rcc.o(.text.HAL_RCC_GetPCLK2Freq)
    HAL_RCC_GetSysClockFreq                  0x08001859   Thumb Code   194  stm32l4xx_hal_rcc.o(.text.HAL_RCC_GetSysClockFreq)
    HAL_RCC_OscConfig                        0x0800191d   Thumb Code  1908  stm32l4xx_hal_rcc.o(.text.HAL_RCC_OscConfig)
    HAL_SYSTICK_Config                       0x08002091   Thumb Code    44  stm32l4xx_hal_cortex.o(.text.HAL_SYSTICK_Config)
    HAL_TIM_Base_Init                        0x080020bd   Thumb Code    98  stm32l4xx_hal_tim.o(.text.HAL_TIM_Base_Init)
    HAL_TIM_Base_MspInit                     0x08002121   Thumb Code    50  stm32l4xx_hal_msp.o(.text.HAL_TIM_Base_MspInit)
    HAL_TIM_Base_Start                       0x08002155   Thumb Code   172  stm32l4xx_hal_tim.o(.text.HAL_TIM_Base_Start)
    HAL_UARTEx_RxEventCallback               0x08002201   Thumb Code     2  stm32l4xx_hal_uart.o(.text.HAL_UARTEx_RxEventCallback)
    HAL_UARTEx_WakeupCallback                0x08002205   Thumb Code     2  stm32l4xx_hal_uart_ex.o(.text.HAL_UARTEx_WakeupCallback)
    HAL_UART_DMAStop                         0x08002209   Thumb Code   578  stm32l4xx_hal_uart.o(.text.HAL_UART_DMAStop)
    HAL_UART_ErrorCallback                   0x0800244d   Thumb Code     2  stm32l4xx_hal_uart.o(.text.HAL_UART_ErrorCallback)
    HAL_UART_IRQHandler                      0x08002451   Thumb Code  1506  stm32l4xx_hal_uart.o(.text.HAL_UART_IRQHandler)
    HAL_UART_Init                            0x08002a35   Thumb Code   194  stm32l4xx_hal_uart.o(.text.HAL_UART_Init)
    HAL_UART_MspInit                         0x08002af9   Thumb Code   278  stm32l4xx_hal_msp.o(.text.HAL_UART_MspInit)
    HAL_UART_Receive_DMA                     0x08002c11   Thumb Code   508  stm32l4xx_hal_uart.o(.text.HAL_UART_Receive_DMA)
    HAL_UART_RxCpltCallback                  0x08002e0d   Thumb Code     2  stm32l4xx_hal_uart.o(.text.HAL_UART_RxCpltCallback)
    HAL_UART_RxHalfCpltCallback              0x08002e11   Thumb Code     2  stm32l4xx_hal_uart.o(.text.HAL_UART_RxHalfCpltCallback)
    HAL_UART_Transmit_DMA                    0x08002e15   Thumb Code   246  stm32l4xx_hal_uart.o(.text.HAL_UART_Transmit_DMA)
    HAL_UART_TxCpltCallback                  0x08002f0d   Thumb Code    38  uart.o(.text.HAL_UART_TxCpltCallback)
    HAL_UART_TxHalfCpltCallback              0x08002f35   Thumb Code     2  stm32l4xx_hal_uart.o(.text.HAL_UART_TxHalfCpltCallback)
    HardFault_Handler                        0x08002f39   Thumb Code     2  stm32l4xx_it.o(.text.HardFault_Handler)
    MemManage_Handler                        0x08002f3d   Thumb Code     2  stm32l4xx_it.o(.text.MemManage_Handler)
    NMI_Handler                              0x08002f41   Thumb Code     2  stm32l4xx_it.o(.text.NMI_Handler)
    PendSV_Handler                           0x08002f45   Thumb Code     2  stm32l4xx_it.o(.text.PendSV_Handler)
    SVC_Handler                              0x08003201   Thumb Code     2  stm32l4xx_it.o(.text.SVC_Handler)
    SearchList                               0x08003205   Thumb Code    36  my_list.o(.text.SearchList)
    SysTick_Handler                          0x08003229   Thumb Code     4  stm32l4xx_it.o(.text.SysTick_Handler)
    SystemInit                               0x0800322d   Thumb Code    18  system_stm32l4xx.o(.text.SystemInit)
    TIM_Base_SetConfig                       0x08003241   Thumb Code   318  stm32l4xx_hal_tim.o(.text.TIM_Base_SetConfig)
    UART_AdvFeatureConfig                    0x08003381   Thumb Code   232  stm32l4xx_hal_uart.o(.text.UART_AdvFeatureConfig)
    UART_SendNumData                         0x08003831   Thumb Code    56  uart.o(.text.UART_SendNumData)
    UART_SetConfig                           0x08003869   Thumb Code   612  stm32l4xx_hal_uart.o(.text.UART_SetConfig)
    UART_StaInit                             0x08003add   Thumb Code   106  uart.o(.text.UART_StaInit)
    UART_WaitOnFlagUntilTimeout              0x08003b49   Thumb Code   524  stm32l4xx_hal_uart.o(.text.UART_WaitOnFlagUntilTimeout)
    UART_WaitOnRevNumData                    0x08003d55   Thumb Code    94  uart.o(.text.UART_WaitOnRevNumData)
    USART1_IRQHandler                        0x08003db5   Thumb Code    30  stm32l4xx_it.o(.text.USART1_IRQHandler)
    UsageFault_Handler                       0x08003dd5   Thumb Code     2  stm32l4xx_it.o(.text.UsageFault_Handler)
    delay_ms                                 0x08003dd9   Thumb Code    90  delay.o(.text.delay_ms)
    main                                     0x08003e35   Thumb Code   816  main.o(.text.main)
    mbedtls_asn1_get_alg                     0x08004181   Thumb Code   314  asn1parse.o(.text.mbedtls_asn1_get_alg)
    mbedtls_asn1_get_bitstring_null          0x080042bd   Thumb Code    80  asn1parse.o(.text.mbedtls_asn1_get_bitstring_null)
    mbedtls_asn1_get_len                     0x0800430d   Thumb Code   182  asn1parse.o(.text.mbedtls_asn1_get_len)
    mbedtls_asn1_get_tag                     0x080043c5   Thumb Code    50  asn1parse.o(.text.mbedtls_asn1_get_tag)
    mbedtls_base64_decode                    0x080043f9   Thumb Code   498  base64.o(.text.mbedtls_base64_decode)
    mbedtls_ct_base64_dec_value              0x080045f1   Thumb Code   110  constant_time.o(.text.mbedtls_ct_base64_dec_value)
    mbedtls_ct_memcmp                        0x08004661   Thumb Code   228  constant_time.o(.text.mbedtls_ct_memcmp)
    mbedtls_ct_mpi_uint_cond_assign          0x08004745   Thumb Code   248  constant_time.o(.text.mbedtls_ct_mpi_uint_cond_assign)
    mbedtls_ct_rsaes_pkcs1_v15_unpadding     0x08004845   Thumb Code   814  constant_time.o(.text.mbedtls_ct_rsaes_pkcs1_v15_unpadding)
    mbedtls_ct_size_bool_eq                  0x08004b79   Thumb Code    12  constant_time.o(.text.mbedtls_ct_size_bool_eq)
    mbedtls_internal_sha1_process            0x08004b85   Thumb Code  4154  sha1.o(.text.mbedtls_internal_sha1_process)
    mbedtls_internal_sha256_process          0x08005bc5   Thumb Code  1972  sha256.o(.text.mbedtls_internal_sha256_process)
    mbedtls_internal_sha512_process          0x08006381   Thumb Code  2648  sha512.o(.text.mbedtls_internal_sha512_process)
    mbedtls_md                               0x08006de1   Thumb Code    96  md.o(.text.mbedtls_md)
    mbedtls_md_finish                        0x08006e41   Thumb Code    58  md.o(.text.mbedtls_md_finish)
    mbedtls_md_free                          0x08006e7d   Thumb Code    98  md.o(.text.mbedtls_md_free)
    mbedtls_md_get_size                      0x08006ee1   Thumb Code    10  md.o(.text.mbedtls_md_get_size)
    mbedtls_md_info_from_type                0x08006eed   Thumb Code    20  md.o(.text.mbedtls_md_info_from_type)
    mbedtls_md_init                          0x08006f15   Thumb Code    10  md.o(.text.mbedtls_md_init)
    mbedtls_md_setup                         0x08006f21   Thumb Code   152  md.o(.text.mbedtls_md_setup)
    mbedtls_md_starts                        0x08006fb9   Thumb Code    76  md.o(.text.mbedtls_md_starts)
    mbedtls_md_update                        0x08007005   Thumb Code    62  md.o(.text.mbedtls_md_update)
    mbedtls_mpi_add_abs                      0x08007045   Thumb Code   648  bignum.o(.text.mbedtls_mpi_add_abs)
    mbedtls_mpi_add_int                      0x080072d5   Thumb Code    48  bignum.o(.text.mbedtls_mpi_add_int)
    mbedtls_mpi_add_mpi                      0x08007305   Thumb Code   312  bignum.o(.text.mbedtls_mpi_add_mpi)
    mbedtls_mpi_bitlen                       0x0800743d   Thumb Code   234  bignum.o(.text.mbedtls_mpi_bitlen)
    mbedtls_mpi_cmp_int                      0x08007529   Thumb Code   216  bignum.o(.text.mbedtls_mpi_cmp_int)
    mbedtls_mpi_cmp_mpi                      0x08007601   Thumb Code   320  bignum.o(.text.mbedtls_mpi_cmp_mpi)
    mbedtls_mpi_copy                         0x08007741   Thumb Code   248  bignum.o(.text.mbedtls_mpi_copy)
    mbedtls_mpi_div_mpi                      0x08007839   Thumb Code  2422  bignum.o(.text.mbedtls_mpi_div_mpi)
    mbedtls_mpi_exp_mod                      0x080081b5   Thumb Code  2716  bignum.o(.text.mbedtls_mpi_exp_mod)
    mbedtls_mpi_fill_random                  0x08008c59   Thumb Code   322  bignum.o(.text.mbedtls_mpi_fill_random)
    mbedtls_mpi_free                         0x08008d9d   Thumb Code    44  bignum.o(.text.mbedtls_mpi_free)
    mbedtls_mpi_gcd                          0x08008dc9   Thumb Code   932  bignum.o(.text.mbedtls_mpi_gcd)
    mbedtls_mpi_get_bit                      0x08009175   Thumb Code    32  bignum.o(.text.mbedtls_mpi_get_bit)
    mbedtls_mpi_grow                         0x08009195   Thumb Code   100  bignum.o(.text.mbedtls_mpi_grow)
    mbedtls_mpi_init                         0x080091f9   Thumb Code    12  bignum.o(.text.mbedtls_mpi_init)
    mbedtls_mpi_inv_mod                      0x08009205   Thumb Code  3074  bignum.o(.text.mbedtls_mpi_inv_mod)
    mbedtls_mpi_is_prime_ext                 0x08009e0d   Thumb Code   780  bignum.o(.text.mbedtls_mpi_is_prime_ext)
    mbedtls_mpi_lsb                          0x0800a121   Thumb Code   398  bignum.o(.text.mbedtls_mpi_lsb)
    mbedtls_mpi_lset                         0x0800a2b1   Thumb Code    94  bignum.o(.text.mbedtls_mpi_lset)
    mbedtls_mpi_mod_mpi                      0x0800a311   Thumb Code   430  bignum.o(.text.mbedtls_mpi_mod_mpi)
    mbedtls_mpi_mul_int                      0x0800a4c1   Thumb Code   310  bignum.o(.text.mbedtls_mpi_mul_int)
    mbedtls_mpi_mul_mpi                      0x0800a5fd   Thumb Code   646  bignum.o(.text.mbedtls_mpi_mul_mpi)
    mbedtls_mpi_read_binary                  0x0800a889   Thumb Code   264  bignum.o(.text.mbedtls_mpi_read_binary)
    mbedtls_mpi_safe_cond_assign             0x0800a991   Thumb Code   378  constant_time.o(.text.mbedtls_mpi_safe_cond_assign)
    mbedtls_mpi_shift_l                      0x0800ab11   Thumb Code   640  bignum.o(.text.mbedtls_mpi_shift_l)
    mbedtls_mpi_shift_r                      0x0800ad99   Thumb Code   504  bignum.o(.text.mbedtls_mpi_shift_r)
    mbedtls_mpi_size                         0x0800af91   Thumb Code   238  bignum.o(.text.mbedtls_mpi_size)
    mbedtls_mpi_sub_abs                      0x0800b081   Thumb Code   880  bignum.o(.text.mbedtls_mpi_sub_abs)
    mbedtls_mpi_sub_int                      0x0800b3f9   Thumb Code    48  bignum.o(.text.mbedtls_mpi_sub_int)
    mbedtls_mpi_sub_mpi                      0x0800b429   Thumb Code   308  bignum.o(.text.mbedtls_mpi_sub_mpi)
    mbedtls_mpi_write_binary                 0x0800b55d   Thumb Code   402  bignum.o(.text.mbedtls_mpi_write_binary)
    mbedtls_oid_get_oid_by_md                0x0800b6f1   Thumb Code    40  oid.o(.text.mbedtls_oid_get_oid_by_md)
    mbedtls_oid_get_pk_alg                   0x0800b741   Thumb Code   134  oid.o(.text.mbedtls_oid_get_pk_alg)
    mbedtls_pem_free                         0x0800b7c9   Thumb Code    38  pem.o(.text.mbedtls_pem_free)
    mbedtls_pem_init                         0x0800b7f1   Thumb Code    10  pem.o(.text.mbedtls_pem_init)
    mbedtls_pem_read_buffer                  0x0800b7fd   Thumb Code   324  pem.o(.text.mbedtls_pem_read_buffer)
    mbedtls_pk_free                          0x0800b961   Thumb Code    32  pk.o(.text.mbedtls_pk_free)
    mbedtls_pk_info_from_type                0x0800b981   Thumb Code    18  pk.o(.text.mbedtls_pk_info_from_type)
    mbedtls_pk_init                          0x0800b995   Thumb Code     8  pk.o(.text.mbedtls_pk_init)
    mbedtls_pk_parse_public_key              0x0800b99d   Thumb Code   348  pkparse.o(.text.mbedtls_pk_parse_public_key)
    mbedtls_pk_parse_subpubkey               0x0800bb79   Thumb Code   258  pkparse.o(.text.mbedtls_pk_parse_subpubkey)
    mbedtls_pk_setup                         0x0800bc7d   Thumb Code    50  pk.o(.text.mbedtls_pk_setup)
    mbedtls_pk_verify                        0x0800bcb1   Thumb Code    82  pk.o(.text.mbedtls_pk_verify)
    mbedtls_platform_zeroize                 0x0800bd05   Thumb Code    22  platform_util.o(.text.mbedtls_platform_zeroize)
    mbedtls_rsa_check_pub_priv               0x0800bd1d   Thumb Code   154  rsa.o(.text.mbedtls_rsa_check_pub_priv)
    mbedtls_rsa_check_pubkey                 0x0800bdbd   Thumb Code   124  rsa.o(.text.mbedtls_rsa_check_pubkey)
    mbedtls_rsa_complete                     0x0800be39   Thumb Code   454  rsa.o(.text.mbedtls_rsa_complete)
    mbedtls_rsa_deduce_crt                   0x0800c011   Thumb Code   116  rsa_alt_helpers.o(.text.mbedtls_rsa_deduce_crt)
    mbedtls_rsa_deduce_primes                0x0800c085   Thumb Code   500  rsa_alt_helpers.o(.text.mbedtls_rsa_deduce_primes)
    mbedtls_rsa_deduce_private_exponent      0x0800c2b9   Thumb Code   196  rsa_alt_helpers.o(.text.mbedtls_rsa_deduce_private_exponent)
    mbedtls_rsa_free                         0x0800c37d   Thumb Code   116  rsa.o(.text.mbedtls_rsa_free)
    mbedtls_rsa_get_len                      0x0800c3f1   Thumb Code     4  rsa.o(.text.mbedtls_rsa_get_len)
    mbedtls_rsa_import_raw                   0x0800c3f5   Thumb Code   104  rsa.o(.text.mbedtls_rsa_import_raw)
    mbedtls_rsa_init                         0x0800c45d   Thumb Code    10  rsa.o(.text.mbedtls_rsa_init)
    mbedtls_rsa_pkcs1_decrypt                0x0800c469   Thumb Code   144  rsa.o(.text.mbedtls_rsa_pkcs1_decrypt)
    mbedtls_rsa_pkcs1_encrypt                0x0800c4f9   Thumb Code   230  rsa.o(.text.mbedtls_rsa_pkcs1_encrypt)
    mbedtls_rsa_pkcs1_sign                   0x0800c5f1   Thumb Code    72  rsa.o(.text.mbedtls_rsa_pkcs1_sign)
    mbedtls_rsa_pkcs1_verify                 0x0800c639   Thumb Code    80  rsa.o(.text.mbedtls_rsa_pkcs1_verify)
    mbedtls_rsa_private                      0x0800c689   Thumb Code   936  rsa.o(.text.mbedtls_rsa_private)
    mbedtls_rsa_public                       0x0800ca39   Thumb Code   198  rsa.o(.text.mbedtls_rsa_public)
    mbedtls_rsa_rsaes_oaep_decrypt           0x0800cb01   Thumb Code   708  rsa.o(.text.mbedtls_rsa_rsaes_oaep_decrypt)
    mbedtls_rsa_rsaes_oaep_encrypt           0x0800cdcd   Thumb Code   300  rsa.o(.text.mbedtls_rsa_rsaes_oaep_encrypt)
    mbedtls_rsa_rsassa_pkcs1_v15_sign        0x0800cf01   Thumb Code   246  rsa.o(.text.mbedtls_rsa_rsassa_pkcs1_v15_sign)
    mbedtls_rsa_rsassa_pkcs1_v15_verify      0x0800cffd   Thumb Code   156  rsa.o(.text.mbedtls_rsa_rsassa_pkcs1_v15_verify)
    mbedtls_rsa_rsassa_pss_verify_ext        0x0800d099   Thumb Code   522  rsa.o(.text.mbedtls_rsa_rsassa_pss_verify_ext)
    mbedtls_rsa_validate_crt                 0x0800d2a9   Thumb Code   318  rsa_alt_helpers.o(.text.mbedtls_rsa_validate_crt)
    mbedtls_rsa_validate_params              0x0800d3e9   Thumb Code   512  rsa_alt_helpers.o(.text.mbedtls_rsa_validate_params)
    mbedtls_sha1                             0x0800d5f1   Thumb Code   142  sha1.o(.text.mbedtls_sha1)
    mbedtls_sha1_finish                      0x0800d681   Thumb Code   228  sha1.o(.text.mbedtls_sha1_finish)
    mbedtls_sha1_free                        0x0800d765   Thumb Code    12  sha1.o(.text.mbedtls_sha1_free)
    mbedtls_sha1_init                        0x0800d771   Thumb Code    10  sha1.o(.text.mbedtls_sha1_init)
    mbedtls_sha1_starts                      0x0800d77d   Thumb Code    64  sha1.o(.text.mbedtls_sha1_starts)
    mbedtls_sha1_update                      0x0800d7bd   Thumb Code   126  sha1.o(.text.mbedtls_sha1_update)
    mbedtls_sha256                           0x0800d83d   Thumb Code   250  sha256.o(.text.mbedtls_sha256)
    mbedtls_sha256_finish                    0x0800d939   Thumb Code   298  sha256.o(.text.mbedtls_sha256_finish)
    mbedtls_sha256_free                      0x0800da65   Thumb Code    12  sha256.o(.text.mbedtls_sha256_free)
    mbedtls_sha256_init                      0x0800da71   Thumb Code    10  sha256.o(.text.mbedtls_sha256_init)
    mbedtls_sha256_starts                    0x0800da7d   Thumb Code   166  sha256.o(.text.mbedtls_sha256_starts)
    mbedtls_sha256_update                    0x0800db25   Thumb Code   126  sha256.o(.text.mbedtls_sha256_update)
    mbedtls_sha512                           0x0800dba5   Thumb Code   422  sha512.o(.text.mbedtls_sha512)
    mbedtls_sha512_finish                    0x0800dd51   Thumb Code   630  sha512.o(.text.mbedtls_sha512_finish)
    mbedtls_sha512_free                      0x0800dfc9   Thumb Code    12  sha512.o(.text.mbedtls_sha512_free)
    mbedtls_sha512_init                      0x0800dfd5   Thumb Code    10  sha512.o(.text.mbedtls_sha512_init)
    mbedtls_sha512_starts                    0x0800dfe1   Thumb Code   348  sha512.o(.text.mbedtls_sha512_starts)
    mbedtls_sha512_update                    0x0800e145   Thumb Code   154  sha512.o(.text.mbedtls_sha512_update)
    myUART_IRQ_Handler                       0x0800f1fd   Thumb Code    64  uart.o(.text.myUART_IRQ_Handler)
    my_free                                  0x0800f23d   Thumb Code   198  ram_mgmt.o(.text.my_free)
    my_malloc                                0x0800f305   Thumb Code   296  ram_mgmt.o(.text.my_malloc)
    my_mem_init                              0x0800f42d   Thumb Code    52  ram_mgmt.o(.text.my_mem_init)
    my_mem_perused                           0x0800f461   Thumb Code   168  ram_mgmt.o(.text.my_mem_perused)
    my_memclear                              0x0800f509   Thumb Code    20  ram_mgmt.o(.text.my_memclear)
    my_memcpy                                0x0800f51d   Thumb Code   114  ram_mgmt.o(.text.my_memcpy)
    _fp_init                                 0x0800fb8d   Thumb Code    26  fpinit.o(x$fpl$fpinit)
    __fplib_config_fpu_vfp                   0x0800fba5   Thumb Code     0  fpinit.o(x$fpl$fpinit)
    __fplib_config_pureend_doubles           0x0800fba5   Thumb Code     0  fpinit.o(x$fpl$fpinit)
    AHBPrescTable                            0x0800fbce   Data          16  system_stm32l4xx.o(.rodata.AHBPrescTable)
    APBPrescTable                            0x0800fbde   Data           8  system_stm32l4xx.o(.rodata.APBPrescTable)
    MSIRangeTable                            0x0800ff68   Data          48  system_stm32l4xx.o(.rodata.MSIRangeTable)
    mbedtls_rsa_info                         0x0800ffa8   Data          48  pk_wrap.o(.rodata.mbedtls_rsa_info)
    mbedtls_sha1_info                        0x0800ffd8   Data           8  md.o(.rodata.mbedtls_sha1_info)
    mbedtls_sha224_info                      0x0800ffe0   Data           8  md.o(.rodata.mbedtls_sha224_info)
    mbedtls_sha256_info                      0x0800ffe8   Data           8  md.o(.rodata.mbedtls_sha256_info)
    mbedtls_sha384_info                      0x0800fff0   Data           8  md.o(.rodata.mbedtls_sha384_info)
    mbedtls_sha512_info                      0x0800fff8   Data           8  md.o(.rodata.mbedtls_sha512_info)
    memblksize                               0x08010000   Data           8  ram_mgmt.o(.rodata.memblksize)
    memsize                                  0x0801000c   Data           8  ram_mgmt.o(.rodata.memsize)
    memtblsize                               0x08010014   Data           8  ram_mgmt.o(.rodata.memtblsize)
    Region$$Table$$Base                      0x0801048c   Number         0  anon$$obj.o(Region$$Table)
    Region$$Table$$Limit                     0x080104ac   Number         0  anon$$obj.o(Region$$Table)
    mem2base                                 0x10000000   Data       30720  ram_mgmt.o(.bss.ARM.__at_0x10000000)
    mem2mapbase                              0x10007800   Data        1920  ram_mgmt.o(.bss.ARM.__at_0x10000000)
    uwTickFreq                               0x20000000   Data           1  stm32l4xx_hal.o(.data..L_MergedGlobals)
    uwTickPrio                               0x20000004   Data           4  stm32l4xx_hal.o(.data..L_MergedGlobals)
    SystemCoreClock                          0x20000008   Data           4  system_stm32l4xx.o(.data.SystemCoreClock)
    mallco_dev                               0x2000000c   Data          28  ram_mgmt.o(.data.mallco_dev)
    __libspace_start                         0x20000040   Data          96  libspace.o(.bss)
    __temporary_stack_top$libspace           0x200000a0   Data           0  libspace.o(.bss)
    rcv_flag                                 0x200000a0   Data           1  main.o(.bss..L_MergedGlobals)
    rcv_data                                 0x200000a4   Data           4  main.o(.bss..L_MergedGlobals)
    pub_key                                  0x200000a8   Data           4  main.o(.bss..L_MergedGlobals)
    sig                                      0x200000ac   Data           4  main.o(.bss..L_MergedGlobals)
    msg                                      0x200000b0   Data           4  main.o(.bss..L_MergedGlobals)
    rcv_pub_key_len                          0x200000b4   Data           4  main.o(.bss..L_MergedGlobals)
    pub_key_len                              0x200000b8   Data           4  main.o(.bss..L_MergedGlobals)
    sig_len                                  0x200000bc   Data           4  main.o(.bss..L_MergedGlobals)
    msg_len                                  0x200000c0   Data           4  main.o(.bss..L_MergedGlobals)
    data_pkg_len                             0x200000c4   Data           4  main.o(.bss..L_MergedGlobals)
    res                                      0x200000c8   Data           4  main.o(.bss..L_MergedGlobals)
    uart1_sta                                0x200000cc   Data          24  main.o(.bss..L_MergedGlobals)
    hash                                     0x200000e4   Data          32  main.o(.bss..L_MergedGlobals)
    hdma_usart1_rx                           0x20000104   Data          72  main.o(.bss.hdma_usart1_rx)
    hdma_usart1_tx                           0x2000014c   Data          72  main.o(.bss.hdma_usart1_tx)
    htim17                                   0x20000194   Data          76  main.o(.bss.htim17)
    huart1                                   0x200001e0   Data         132  main.o(.bss.huart1)
    mem1base                                 0x20000280   Data       61440  ram_mgmt.o(.bss.mem1base)
    mem1mapbase                              0x2000f280   Data        3840  ram_mgmt.o(.bss.mem1mapbase)
    uwTick                                   0x20010184   Data           4  stm32l4xx_hal.o(.bss.uwTick)



==============================================================================

Memory Map of the image

  Image Entry point : 0x08000189

  Load Region LR_IROM1 (Base: 0x08000000, Size: 0x00010500, Max: 0x00100000, ABSOLUTE)

    Execution Region ER_IROM1 (Exec base: 0x08000000, Load base: 0x08000000, Size: 0x000104ac, Max: 0x00100000, ABSOLUTE)

    Exec Addr    Load Addr    Size         Type   Attr      Idx    E Section Name        Object

    0x08000000   0x08000000   0x00000188   Data   RO            3    RESET               startup_stm32l471xx.o
    0x08000188   0x08000188   0x00000008   Code   RO         2572  * !!!main             c_w.l(__main.o)
    0x08000190   0x08000190   0x00000034   Code   RO         2885    !!!scatter          c_w.l(__scatter.o)
    0x080001c4   0x080001c4   0x0000001a   Code   RO         2887    !!handler_copy      c_w.l(__scatter_copy.o)
    0x080001de   0x080001de   0x00000002   PAD
    0x080001e0   0x080001e0   0x0000001c   Code   RO         2889    !!handler_zi        c_w.l(__scatter_zi.o)
    0x080001fc   0x080001fc   0x00000000   Code   RO         2536    .ARM.Collect$$_printf_percent$$00000000  c_w.l(_printf_percent.o)
    0x080001fc   0x080001fc   0x00000006   Code   RO         2534    .ARM.Collect$$_printf_percent$$00000009  c_w.l(_printf_d.o)
    0x08000202   0x08000202   0x00000006   Code   RO         2535    .ARM.Collect$$_printf_percent$$0000000A  c_w.l(_printf_u.o)
    0x08000208   0x08000208   0x00000006   Code   RO         2533    .ARM.Collect$$_printf_percent$$0000000C  c_w.l(_printf_x.o)
    0x0800020e   0x0800020e   0x00000004   Code   RO         2618    .ARM.Collect$$_printf_percent$$00000017  c_w.l(_printf_percent_end.o)
    0x08000212   0x08000212   0x00000002   Code   RO         2800    .ARM.Collect$$libinit$$00000000  c_w.l(libinit.o)
    0x08000214   0x08000214   0x00000004   Code   RO         2633    .ARM.Collect$$libinit$$00000001  c_w.l(libinit2.o)
    0x08000218   0x08000218   0x00000000   Code   RO         2636    .ARM.Collect$$libinit$$00000004  c_w.l(libinit2.o)
    0x08000218   0x08000218   0x00000008   Code   RO         2637    .ARM.Collect$$libinit$$00000005  c_w.l(libinit2.o)
    0x08000220   0x08000220   0x00000000   Code   RO         2639    .ARM.Collect$$libinit$$0000000A  c_w.l(libinit2.o)
    0x08000220   0x08000220   0x00000000   Code   RO         2641    .ARM.Collect$$libinit$$0000000C  c_w.l(libinit2.o)
    0x08000220   0x08000220   0x00000000   Code   RO         2643    .ARM.Collect$$libinit$$0000000E  c_w.l(libinit2.o)
    0x08000220   0x08000220   0x00000000   Code   RO         2646    .ARM.Collect$$libinit$$00000011  c_w.l(libinit2.o)
    0x08000220   0x08000220   0x00000000   Code   RO         2648    .ARM.Collect$$libinit$$00000013  c_w.l(libinit2.o)
    0x08000220   0x08000220   0x00000000   Code   RO         2650    .ARM.Collect$$libinit$$00000015  c_w.l(libinit2.o)
    0x08000220   0x08000220   0x00000000   Code   RO         2652    .ARM.Collect$$libinit$$00000017  c_w.l(libinit2.o)
    0x08000220   0x08000220   0x00000000   Code   RO         2654    .ARM.Collect$$libinit$$00000019  c_w.l(libinit2.o)
    0x08000220   0x08000220   0x00000000   Code   RO         2656    .ARM.Collect$$libinit$$0000001B  c_w.l(libinit2.o)
    0x08000220   0x08000220   0x00000000   Code   RO         2658    .ARM.Collect$$libinit$$0000001D  c_w.l(libinit2.o)
    0x08000220   0x08000220   0x00000000   Code   RO         2660    .ARM.Collect$$libinit$$0000001F  c_w.l(libinit2.o)
    0x08000220   0x08000220   0x00000000   Code   RO         2662    .ARM.Collect$$libinit$$00000021  c_w.l(libinit2.o)
    0x08000220   0x08000220   0x00000000   Code   RO         2664    .ARM.Collect$$libinit$$00000023  c_w.l(libinit2.o)
    0x08000220   0x08000220   0x00000000   Code   RO         2666    .ARM.Collect$$libinit$$00000025  c_w.l(libinit2.o)
    0x08000220   0x08000220   0x00000000   Code   RO         2670    .ARM.Collect$$libinit$$0000002C  c_w.l(libinit2.o)
    0x08000220   0x08000220   0x00000000   Code   RO         2672    .ARM.Collect$$libinit$$0000002E  c_w.l(libinit2.o)
    0x08000220   0x08000220   0x00000000   Code   RO         2674    .ARM.Collect$$libinit$$00000030  c_w.l(libinit2.o)
    0x08000220   0x08000220   0x00000000   Code   RO         2676    .ARM.Collect$$libinit$$00000032  c_w.l(libinit2.o)
    0x08000220   0x08000220   0x00000002   Code   RO         2677    .ARM.Collect$$libinit$$00000033  c_w.l(libinit2.o)
    0x08000222   0x08000222   0x00000002   Code   RO         2882    .ARM.Collect$$libshutdown$$00000000  c_w.l(libshutdown.o)
    0x08000224   0x08000224   0x00000000   Code   RO         2802    .ARM.Collect$$libshutdown$$00000002  c_w.l(libshutdown2.o)
    0x08000224   0x08000224   0x00000000   Code   RO         2804    .ARM.Collect$$libshutdown$$00000004  c_w.l(libshutdown2.o)
    0x08000224   0x08000224   0x00000000   Code   RO         2807    .ARM.Collect$$libshutdown$$00000007  c_w.l(libshutdown2.o)
    0x08000224   0x08000224   0x00000000   Code   RO         2810    .ARM.Collect$$libshutdown$$0000000A  c_w.l(libshutdown2.o)
    0x08000224   0x08000224   0x00000000   Code   RO         2812    .ARM.Collect$$libshutdown$$0000000C  c_w.l(libshutdown2.o)
    0x08000224   0x08000224   0x00000000   Code   RO         2815    .ARM.Collect$$libshutdown$$0000000F  c_w.l(libshutdown2.o)
    0x08000224   0x08000224   0x00000002   Code   RO         2816    .ARM.Collect$$libshutdown$$00000010  c_w.l(libshutdown2.o)
    0x08000226   0x08000226   0x00000000   Code   RO         2576    .ARM.Collect$$rtentry$$00000000  c_w.l(__rtentry.o)
    0x08000226   0x08000226   0x00000000   Code   RO         2682    .ARM.Collect$$rtentry$$00000002  c_w.l(__rtentry2.o)
    0x08000226   0x08000226   0x00000006   Code   RO         2694    .ARM.Collect$$rtentry$$00000004  c_w.l(__rtentry4.o)
    0x0800022c   0x0800022c   0x00000000   Code   RO         2684    .ARM.Collect$$rtentry$$00000009  c_w.l(__rtentry2.o)
    0x0800022c   0x0800022c   0x00000004   Code   RO         2685    .ARM.Collect$$rtentry$$0000000A  c_w.l(__rtentry2.o)
    0x08000230   0x08000230   0x00000000   Code   RO         2687    .ARM.Collect$$rtentry$$0000000C  c_w.l(__rtentry2.o)
    0x08000230   0x08000230   0x00000008   Code   RO         2688    .ARM.Collect$$rtentry$$0000000D  c_w.l(__rtentry2.o)
    0x08000238   0x08000238   0x00000002   Code   RO         2824    .ARM.Collect$$rtexit$$00000000  c_w.l(rtexit.o)
    0x0800023a   0x0800023a   0x00000000   Code   RO         2853    .ARM.Collect$$rtexit$$00000002  c_w.l(rtexit2.o)
    0x0800023a   0x0800023a   0x00000004   Code   RO         2854    .ARM.Collect$$rtexit$$00000003  c_w.l(rtexit2.o)
    0x0800023e   0x0800023e   0x00000006   Code   RO         2855    .ARM.Collect$$rtexit$$00000004  c_w.l(rtexit2.o)
    0x08000244   0x08000244   0x00000040   Code   RO            4    .text               startup_stm32l471xx.o
    0x08000284   0x08000284   0x00000028   Code   RO         2417    .text               c_w.l(calloc.o)
    0x080002ac   0x080002ac   0x0000004e   Code   RO         2419    .text               c_w.l(h1_free.o)
    0x080002fa   0x080002fa   0x000000f0   Code   RO         2473    .text               c_w.l(lludivv7m.o)
    0x080003ea   0x080003ea   0x0000004e   Code   RO         2485    .text               c_w.l(_printf_pad.o)
    0x08000438   0x08000438   0x00000078   Code   RO         2489    .text               c_w.l(_printf_dec.o)
    0x080004b0   0x080004b0   0x00000058   Code   RO         2494    .text               c_w.l(_printf_hex_int.o)
    0x08000508   0x08000508   0x00000024   Code   RO         2546    .text               c_w.l(strstr.o)
    0x0800052c   0x0800052c   0x00000058   Code   RO         2548    .text               c_w.l(memcmp.o)
    0x08000584   0x08000584   0x0000003e   Code   RO         2550    .text               c_w.l(strlen.o)
    0x080005c2   0x080005c2   0x0000008a   Code   RO         2552    .text               c_w.l(rt_memcpy_v6.o)
    0x0800064c   0x0800064c   0x00000064   Code   RO         2556    .text               c_w.l(rt_memcpy_w.o)
    0x080006b0   0x080006b0   0x00000016   Code   RO         2558    .text               c_w.l(memset.o)
    0x080006c6   0x080006c6   0x00000010   Code   RO         2560    .text               c_w.l(aeabi_memset.o)
    0x080006d6   0x080006d6   0x00000044   Code   RO         2564    .text               c_w.l(rt_memclr.o)
    0x0800071a   0x0800071a   0x0000004e   Code   RO         2566    .text               c_w.l(rt_memclr_w.o)
    0x08000768   0x08000768   0x00000006   Code   RO         2570    .text               c_w.l(heapauxi.o)
    0x0800076e   0x0800076e   0x00000002   PAD
    0x08000770   0x08000770   0x00000008   Code   RO         2584    .text               c_w.l(rt_heap_descriptor_intlibspace.o)
    0x08000778   0x08000778   0x00000004   Code   RO         2586    .text               c_w.l(hguard.o)
    0x0800077c   0x0800077c   0x0000008a   Code   RO         2588    .text               c_w.l(init_alloc.o)
    0x08000806   0x08000806   0x0000005e   Code   RO         2594    .text               c_w.l(h1_alloc.o)
    0x08000864   0x08000864   0x000000b2   Code   RO         2606    .text               c_w.l(_printf_intcommon.o)
    0x08000916   0x08000916   0x00000002   PAD
    0x08000918   0x08000918   0x00000008   Code   RO         2678    .text               c_w.l(libspace.o)
    0x08000920   0x08000920   0x00000000   Code   RO         2698    .text               c_w.l(maybetermalloc1.o)
    0x08000920   0x08000920   0x0000000e   Code   RO         2700    .text               c_w.l(h1_init.o)
    0x0800092e   0x0800092e   0x00000034   Code   RO         2702    .text               c_w.l(h1_extend.o)
    0x08000962   0x08000962   0x0000000e   Code   RO         2720    .text               c_w.l(defsig_rtmem_outer.o)
    0x08000970   0x08000970   0x0000004a   Code   RO         2746    .text               c_w.l(sys_stackheap_outer.o)
    0x080009ba   0x080009ba   0x00000012   Code   RO         2775    .text               c_w.l(exit.o)
    0x080009cc   0x080009cc   0x0000000a   Code   RO         2777    .text               c_w.l(defsig_exit.o)
    0x080009d6   0x080009d6   0x00000002   PAD
    0x080009d8   0x080009d8   0x00000050   Code   RO         2787    .text               c_w.l(defsig_rtmem_inner.o)
    0x08000a28   0x08000a28   0x0000000c   Code   RO         2817    .text               c_w.l(sys_exit.o)
    0x08000a34   0x08000a34   0x00000002   Code   RO         2821    .text               c_w.l(use_no_semi.o)
    0x08000a36   0x08000a36   0x00000000   Code   RO         2823    .text               c_w.l(indicate_semi.o)
    0x08000a36   0x08000a36   0x00000032   Code   RO         2842    .text               c_w.l(defsig_general.o)
    0x08000a68   0x08000a68   0x0000000e   Code   RO         2848    .text               c_w.l(sys_wrch.o)
    0x08000a76   0x08000a76   0x00000002   PAD
    0x08000a78   0x08000a78   0x0000005a   Code   RO           57    .text.AppendList    my_list.o
    0x08000ad2   0x08000ad2   0x00000002   PAD
    0x08000ad4   0x08000ad4   0x00000002   Code   RO          174    .text.BusFault_Handler  stm32l4xx_it.o
    0x08000ad6   0x08000ad6   0x00000002   PAD
    0x08000ad8   0x08000ad8   0x0000000c   Code   RO          186    .text.DMA1_Channel4_IRQHandler  stm32l4xx_it.o
    0x08000ae4   0x08000ae4   0x0000000c   Code   RO          188    .text.DMA1_Channel5_IRQHandler  stm32l4xx_it.o
    0x08000af0   0x08000af0   0x00000002   Code   RO          180    .text.DebugMon_Handler  stm32l4xx_it.o
    0x08000af2   0x08000af2   0x00000002   PAD
    0x08000af4   0x08000af4   0x0000000a   Code   RO          152    .text.Error_Handler  main.o
    0x08000afe   0x08000afe   0x00000002   PAD
    0x08000b00   0x08000b00   0x00000006   Code   RO          126    .text.GetContent    uart.o
    0x08000b06   0x08000b06   0x00000002   PAD
    0x08000b08   0x08000b08   0x0000004a   Code   RO          969    .text.HAL_DMA_Abort  stm32l4xx_hal_dma.o
    0x08000b52   0x08000b52   0x00000002   PAD
    0x08000b54   0x08000b54   0x0000005a   Code   RO          971    .text.HAL_DMA_Abort_IT  stm32l4xx_hal_dma.o
    0x08000bae   0x08000bae   0x00000002   PAD
    0x08000bb0   0x08000bb0   0x00000004   Code   RO          983    .text.HAL_DMA_GetError  stm32l4xx_hal_dma.o
    0x08000bb4   0x08000bb4   0x000000b2   Code   RO          975    .text.HAL_DMA_IRQHandler  stm32l4xx_hal_dma.o
    0x08000c66   0x08000c66   0x00000002   PAD
    0x08000c68   0x08000c68   0x000000cc   Code   RO          961    .text.HAL_DMA_Init  stm32l4xx_hal_dma.o
    0x08000d34   0x08000d34   0x000000a4   Code   RO          967    .text.HAL_DMA_Start_IT  stm32l4xx_hal_dma.o
    0x08000dd8   0x08000dd8   0x00000200   Code   RO          937    .text.HAL_GPIO_Init  stm32l4xx_hal_gpio.o
    0x08000fd8   0x08000fd8   0x0000000c   Code   RO          554    .text.HAL_GetTick   stm32l4xx_hal.o
    0x08000fe4   0x08000fe4   0x0000001a   Code   RO          552    .text.HAL_IncTick   stm32l4xx_hal.o
    0x08000ffe   0x08000ffe   0x00000002   PAD
    0x08001000   0x08001000   0x0000001e   Code   RO          542    .text.HAL_Init      stm32l4xx_hal.o
    0x0800101e   0x0800101e   0x00000002   PAD
    0x08001020   0x08001020   0x0000004e   Code   RO          544    .text.HAL_InitTick  stm32l4xx_hal.o
    0x0800106e   0x0800106e   0x00000002   PAD
    0x08001070   0x08001070   0x00000032   Code   RO          199    .text.HAL_MspInit   stm32l4xx_hal_msp.o
    0x080010a2   0x080010a2   0x00000002   PAD
    0x080010a4   0x080010a4   0x00000020   Code   RO         1114    .text.HAL_NVIC_EnableIRQ  stm32l4xx_hal_cortex.o
    0x080010c4   0x080010c4   0x00000056   Code   RO         1112    .text.HAL_NVIC_SetPriority  stm32l4xx_hal_cortex.o
    0x0800111a   0x0800111a   0x00000002   PAD
    0x0800111c   0x0800111c   0x00000020   Code   RO         1110    .text.HAL_NVIC_SetPriorityGrouping  stm32l4xx_hal_cortex.o
    0x0800113c   0x0800113c   0x00000098   Code   RO         1036    .text.HAL_PWREx_ControlVoltageScaling  stm32l4xx_hal_pwr_ex.o
    0x080011d4   0x080011d4   0x00000010   Code   RO         1034    .text.HAL_PWREx_GetVoltageRange  stm32l4xx_hal_pwr_ex.o
    0x080011e4   0x080011e4   0x000003a0   Code   RO          823    .text.HAL_RCCEx_PeriphCLKConfig  stm32l4xx_hal_rcc_ex.o
    0x08001584   0x08001584   0x0000027a   Code   RO          793    .text.HAL_RCC_ClockConfig  stm32l4xx_hal_rcc.o
    0x080017fe   0x080017fe   0x00000002   PAD
    0x08001800   0x08001800   0x0000002a   Code   RO          799    .text.HAL_RCC_GetPCLK1Freq  stm32l4xx_hal_rcc.o
    0x0800182a   0x0800182a   0x00000002   PAD
    0x0800182c   0x0800182c   0x0000002a   Code   RO          801    .text.HAL_RCC_GetPCLK2Freq  stm32l4xx_hal_rcc.o
    0x08001856   0x08001856   0x00000002   PAD
    0x08001858   0x08001858   0x000000c2   Code   RO          791    .text.HAL_RCC_GetSysClockFreq  stm32l4xx_hal_rcc.o
    0x0800191a   0x0800191a   0x00000002   PAD
    0x0800191c   0x0800191c   0x00000774   Code   RO          789    .text.HAL_RCC_OscConfig  stm32l4xx_hal_rcc.o
    0x08002090   0x08002090   0x0000002c   Code   RO         1122    .text.HAL_SYSTICK_Config  stm32l4xx_hal_cortex.o
    0x080020bc   0x080020bc   0x00000062   Code   RO          217    .text.HAL_TIM_Base_Init  stm32l4xx_hal_tim.o
    0x0800211e   0x0800211e   0x00000002   PAD
    0x08002120   0x08002120   0x00000032   Code   RO          201    .text.HAL_TIM_Base_MspInit  stm32l4xx_hal_msp.o
    0x08002152   0x08002152   0x00000002   PAD
    0x08002154   0x08002154   0x000000ac   Code   RO          227    .text.HAL_TIM_Base_Start  stm32l4xx_hal_tim.o
    0x08002200   0x08002200   0x00000002   Code   RO         1268    .text.HAL_UARTEx_RxEventCallback  stm32l4xx_hal_uart.o
    0x08002202   0x08002202   0x00000002   PAD
    0x08002204   0x08002204   0x00000002   Code   RO         1319    .text.HAL_UARTEx_WakeupCallback  stm32l4xx_hal_uart_ex.o
    0x08002206   0x08002206   0x00000002   PAD
    0x08002208   0x08002208   0x00000242   Code   RO         1234    .text.HAL_UART_DMAStop  stm32l4xx_hal_uart.o
    0x0800244a   0x0800244a   0x00000002   PAD
    0x0800244c   0x0800244c   0x00000002   Code   RO         1266    .text.HAL_UART_ErrorCallback  stm32l4xx_hal_uart.o
    0x0800244e   0x0800244e   0x00000002   PAD
    0x08002450   0x08002450   0x000005e2   Code   RO         1262    .text.HAL_UART_IRQHandler  stm32l4xx_hal_uart.o
    0x08002a32   0x08002a32   0x00000002   PAD
    0x08002a34   0x08002a34   0x000000c2   Code   RO         1182    .text.HAL_UART_Init  stm32l4xx_hal_uart.o
    0x08002af6   0x08002af6   0x00000002   PAD
    0x08002af8   0x08002af8   0x00000116   Code   RO          205    .text.HAL_UART_MspInit  stm32l4xx_hal_msp.o
    0x08002c0e   0x08002c0e   0x00000002   PAD
    0x08002c10   0x08002c10   0x000001fc   Code   RO         1226    .text.HAL_UART_Receive_DMA  stm32l4xx_hal_uart.o
    0x08002e0c   0x08002e0c   0x00000002   Code   RO         1274    .text.HAL_UART_RxCpltCallback  stm32l4xx_hal_uart.o
    0x08002e0e   0x08002e0e   0x00000002   PAD
    0x08002e10   0x08002e10   0x00000002   Code   RO         1276    .text.HAL_UART_RxHalfCpltCallback  stm32l4xx_hal_uart.o
    0x08002e12   0x08002e12   0x00000002   PAD
    0x08002e14   0x08002e14   0x000000f6   Code   RO         1218    .text.HAL_UART_Transmit_DMA  stm32l4xx_hal_uart.o
    0x08002f0a   0x08002f0a   0x00000002   PAD
    0x08002f0c   0x08002f0c   0x00000026   Code   RO          124    .text.HAL_UART_TxCpltCallback  uart.o
    0x08002f32   0x08002f32   0x00000002   PAD
    0x08002f34   0x08002f34   0x00000002   Code   RO         1272    .text.HAL_UART_TxHalfCpltCallback  stm32l4xx_hal_uart.o
    0x08002f36   0x08002f36   0x00000002   PAD
    0x08002f38   0x08002f38   0x00000002   Code   RO          170    .text.HardFault_Handler  stm32l4xx_it.o
    0x08002f3a   0x08002f3a   0x00000002   PAD
    0x08002f3c   0x08002f3c   0x00000002   Code   RO          172    .text.MemManage_Handler  stm32l4xx_it.o
    0x08002f3e   0x08002f3e   0x00000002   PAD
    0x08002f40   0x08002f40   0x00000002   Code   RO          168    .text.NMI_Handler   stm32l4xx_it.o
    0x08002f42   0x08002f42   0x00000002   PAD
    0x08002f44   0x08002f44   0x00000002   Code   RO          182    .text.PendSV_Handler  stm32l4xx_it.o
    0x08002f46   0x08002f46   0x00000002   PAD
    0x08002f48   0x08002f48   0x0000016e   Code   RO          825    .text.RCCEx_PLLSAI1_Config  stm32l4xx_hal_rcc_ex.o
    0x080030b6   0x080030b6   0x00000002   PAD
    0x080030b8   0x080030b8   0x00000146   Code   RO          827    .text.RCCEx_PLLSAI2_Config  stm32l4xx_hal_rcc_ex.o
    0x080031fe   0x080031fe   0x00000002   PAD
    0x08003200   0x08003200   0x00000002   Code   RO          178    .text.SVC_Handler   stm32l4xx_it.o
    0x08003202   0x08003202   0x00000002   PAD
    0x08003204   0x08003204   0x00000024   Code   RO           53    .text.SearchList    my_list.o
    0x08003228   0x08003228   0x00000004   Code   RO          184    .text.SysTick_Handler  stm32l4xx_it.o
    0x0800322c   0x0800322c   0x00000012   Code   RO         1347    .text.SystemInit    system_stm32l4xx.o
    0x0800323e   0x0800323e   0x00000002   PAD
    0x08003240   0x08003240   0x0000013e   Code   RO          221    .text.TIM_Base_SetConfig  stm32l4xx_hal_tim.o
    0x0800337e   0x0800337e   0x00000002   PAD
    0x08003380   0x08003380   0x000000e8   Code   RO         1188    .text.UART_AdvFeatureConfig  stm32l4xx_hal_uart.o
    0x08003468   0x08003468   0x00000010   Code   RO         1264    .text.UART_DMAAbortOnError  stm32l4xx_hal_uart.o
    0x08003478   0x08003478   0x0000018c   Code   RO         1224    .text.UART_DMAError  stm32l4xx_hal_uart.o
    0x08003604   0x08003604   0x0000015c   Code   RO         1304    .text.UART_DMAReceiveCplt  stm32l4xx_hal_uart.o
    0x08003760   0x08003760   0x00000016   Code   RO         1306    .text.UART_DMARxHalfCplt  stm32l4xx_hal_uart.o
    0x08003776   0x08003776   0x00000002   PAD
    0x08003778   0x08003778   0x000000b0   Code   RO         1220    .text.UART_DMATransmitCplt  stm32l4xx_hal_uart.o
    0x08003828   0x08003828   0x00000006   Code   RO         1222    .text.UART_DMATxHalfCplt  stm32l4xx_hal_uart.o
    0x0800382e   0x0800382e   0x00000002   PAD
    0x08003830   0x08003830   0x00000038   Code   RO          122    .text.UART_SendNumData  uart.o
    0x08003868   0x08003868   0x00000274   Code   RO         1186    .text.UART_SetConfig  stm32l4xx_hal_uart.o
    0x08003adc   0x08003adc   0x0000006a   Code   RO          114    .text.UART_StaInit  uart.o
    0x08003b46   0x08003b46   0x00000002   PAD
    0x08003b48   0x08003b48   0x0000020c   Code   RO         1204    .text.UART_WaitOnFlagUntilTimeout  stm32l4xx_hal_uart.o
    0x08003d54   0x08003d54   0x0000005e   Code   RO          132    .text.UART_WaitOnRevNumData  uart.o
    0x08003db2   0x08003db2   0x00000002   PAD
    0x08003db4   0x08003db4   0x0000001e   Code   RO          190    .text.USART1_IRQHandler  stm32l4xx_it.o
    0x08003dd2   0x08003dd2   0x00000002   PAD
    0x08003dd4   0x08003dd4   0x00000002   Code   RO          176    .text.UsageFault_Handler  stm32l4xx_it.o
    0x08003dd6   0x08003dd6   0x00000002   PAD
    0x08003dd8   0x08003dd8   0x0000005a   Code   RO           39    .text.delay_ms      delay.o
    0x08003e32   0x08003e32   0x00000002   PAD
    0x08003e34   0x08003e34   0x0000034c   Code   RO          148    .text.main          main.o
    0x08004180   0x08004180   0x0000013a   Code   RO         1463    .text.mbedtls_asn1_get_alg  asn1parse.o
    0x080042ba   0x080042ba   0x00000002   PAD
    0x080042bc   0x080042bc   0x00000050   Code   RO         1455    .text.mbedtls_asn1_get_bitstring_null  asn1parse.o
    0x0800430c   0x0800430c   0x000000b6   Code   RO         1439    .text.mbedtls_asn1_get_len  asn1parse.o
    0x080043c2   0x080043c2   0x00000002   PAD
    0x080043c4   0x080043c4   0x00000032   Code   RO         1441    .text.mbedtls_asn1_get_tag  asn1parse.o
    0x080043f6   0x080043f6   0x00000002   PAD
    0x080043f8   0x080043f8   0x000001f8   Code   RO         1527    .text.mbedtls_base64_decode  base64.o
    0x080045f0   0x080045f0   0x0000006e   Code   RO         1781    .text.mbedtls_ct_base64_dec_value  constant_time.o
    0x0800465e   0x0800465e   0x00000002   PAD
    0x08004660   0x08004660   0x000000e4   Code   RO         1765    .text.mbedtls_ct_memcmp  constant_time.o
    0x08004744   0x08004744   0x000000fe   Code   RO         1777    .text.mbedtls_ct_mpi_uint_cond_assign  constant_time.o
    0x08004842   0x08004842   0x00000002   PAD
    0x08004844   0x08004844   0x00000334   Code   RO         1789    .text.mbedtls_ct_rsaes_pkcs1_v15_unpadding  constant_time.o
    0x08004b78   0x08004b78   0x0000000c   Code   RO         1771    .text.mbedtls_ct_size_bool_eq  constant_time.o
    0x08004b84   0x08004b84   0x00001040   Code   RO         2310    .text.mbedtls_internal_sha1_process  sha1.o
    0x08005bc4   0x08005bc4   0x000007ba   Code   RO         2339    .text.mbedtls_internal_sha256_process  sha256.o
    0x0800637e   0x0800637e   0x00000002   PAD
    0x08006380   0x08006380   0x00000a5e   Code   RO         2369    .text.mbedtls_internal_sha512_process  sha512.o
    0x08006dde   0x08006dde   0x00000002   PAD
    0x08006de0   0x08006de0   0x00000060   Code   RO         1906    .text.mbedtls_md    md.o
    0x08006e40   0x08006e40   0x0000003a   Code   RO         1904    .text.mbedtls_md_finish  md.o
    0x08006e7a   0x08006e7a   0x00000002   PAD
    0x08006e7c   0x08006e7c   0x00000062   Code   RO         1894    .text.mbedtls_md_free  md.o
    0x08006ede   0x08006ede   0x00000002   PAD
    0x08006ee0   0x08006ee0   0x0000000a   Code   RO         1920    .text.mbedtls_md_get_size  md.o
    0x08006eea   0x08006eea   0x00000002   PAD
    0x08006eec   0x08006eec   0x00000028   Code   RO         1890    .text.mbedtls_md_info_from_type  md.o
    0x08006f14   0x08006f14   0x0000000a   Code   RO         1892    .text.mbedtls_md_init  md.o
    0x08006f1e   0x08006f1e   0x00000002   PAD
    0x08006f20   0x08006f20   0x00000098   Code   RO         1898    .text.mbedtls_md_setup  md.o
    0x08006fb8   0x08006fb8   0x0000004c   Code   RO         1900    .text.mbedtls_md_starts  md.o
    0x08007004   0x08007004   0x0000003e   Code   RO         1902    .text.mbedtls_md_update  md.o
    0x08007042   0x08007042   0x00000002   PAD
    0x08007044   0x08007044   0x0000028e   Code   RO         1594    .text.mbedtls_mpi_add_abs  bignum.o
    0x080072d2   0x080072d2   0x00000002   PAD
    0x080072d4   0x080072d4   0x00000030   Code   RO         1572    .text.mbedtls_mpi_add_int  bignum.o
    0x08007304   0x08007304   0x00000138   Code   RO         1598    .text.mbedtls_mpi_add_mpi  bignum.o
    0x0800743c   0x0800743c   0x000000ea   Code   RO         1562    .text.mbedtls_mpi_bitlen  bignum.o
    0x08007526   0x08007526   0x00000002   PAD
    0x08007528   0x08007528   0x000000d8   Code   RO         1592    .text.mbedtls_mpi_cmp_int  bignum.o
    0x08007600   0x08007600   0x00000140   Code   RO         1590    .text.mbedtls_mpi_cmp_mpi  bignum.o
    0x08007740   0x08007740   0x000000f8   Code   RO         1550    .text.mbedtls_mpi_copy  bignum.o
    0x08007838   0x08007838   0x0000097c   Code   RO         1608    .text.mbedtls_mpi_div_mpi  bignum.o
    0x080081b4   0x080081b4   0x00000aa2   Code   RO         1616    .text.mbedtls_mpi_exp_mod  bignum.o
    0x08008c56   0x08008c56   0x00000002   PAD
    0x08008c58   0x08008c58   0x00000142   Code   RO         1622    .text.mbedtls_mpi_fill_random  bignum.o
    0x08008d9a   0x08008d9a   0x00000002   PAD
    0x08008d9c   0x08008d9c   0x0000002c   Code   RO         1544    .text.mbedtls_mpi_free  bignum.o
    0x08008dc8   0x08008dc8   0x000003aa   Code   RO         1620    .text.mbedtls_mpi_gcd  bignum.o
    0x08009172   0x08009172   0x00000002   PAD
    0x08009174   0x08009174   0x00000020   Code   RO         1556    .text.mbedtls_mpi_get_bit  bignum.o
    0x08009194   0x08009194   0x00000064   Code   RO         1546    .text.mbedtls_mpi_grow  bignum.o
    0x080091f8   0x080091f8   0x0000000c   Code   RO         1542    .text.mbedtls_mpi_init  bignum.o
    0x08009204   0x08009204   0x00000c08   Code   RO         1626    .text.mbedtls_mpi_inv_mod  bignum.o
    0x08009e0c   0x08009e0c   0x00000312   Code   RO         1628    .text.mbedtls_mpi_is_prime_ext  bignum.o
    0x0800a11e   0x0800a11e   0x00000002   PAD
    0x0800a120   0x0800a120   0x0000018e   Code   RO         1560    .text.mbedtls_mpi_lsb  bignum.o
    0x0800a2ae   0x0800a2ae   0x00000002   PAD
    0x0800a2b0   0x0800a2b0   0x0000005e   Code   RO         1554    .text.mbedtls_mpi_lset  bignum.o
    0x0800a30e   0x0800a30e   0x00000002   PAD
    0x0800a310   0x0800a310   0x000001ae   Code   RO         1612    .text.mbedtls_mpi_mod_mpi  bignum.o
    0x0800a4be   0x0800a4be   0x00000002   PAD
    0x0800a4c0   0x0800a4c0   0x0000013c   Code   RO         1570    .text.mbedtls_mpi_mul_int  bignum.o
    0x0800a5fc   0x0800a5fc   0x0000028c   Code   RO         1604    .text.mbedtls_mpi_mul_mpi  bignum.o
    0x0800a888   0x0800a888   0x00000108   Code   RO         1578    .text.mbedtls_mpi_read_binary  bignum.o
    0x0800a990   0x0800a990   0x00000180   Code   RO         1783    .text.mbedtls_mpi_safe_cond_assign  constant_time.o
    0x0800ab10   0x0800ab10   0x00000286   Code   RO         1584    .text.mbedtls_mpi_shift_l  bignum.o
    0x0800ad96   0x0800ad96   0x00000002   PAD
    0x0800ad98   0x0800ad98   0x000001f8   Code   RO         1586    .text.mbedtls_mpi_shift_r  bignum.o
    0x0800af90   0x0800af90   0x000000ee   Code   RO         1564    .text.mbedtls_mpi_size  bignum.o
    0x0800b07e   0x0800b07e   0x00000002   PAD
    0x0800b080   0x0800b080   0x00000376   Code   RO         1596    .text.mbedtls_mpi_sub_abs  bignum.o
    0x0800b3f6   0x0800b3f6   0x00000002   PAD
    0x0800b3f8   0x0800b3f8   0x00000030   Code   RO         1602    .text.mbedtls_mpi_sub_int  bignum.o
    0x0800b428   0x0800b428   0x00000134   Code   RO         1600    .text.mbedtls_mpi_sub_mpi  bignum.o
    0x0800b55c   0x0800b55c   0x00000192   Code   RO         1582    .text.mbedtls_mpi_write_binary  bignum.o
    0x0800b6ee   0x0800b6ee   0x00000002   PAD
    0x0800b6f0   0x0800b6f0   0x00000050   Code   RO         1971    .text.mbedtls_oid_get_oid_by_md  oid.o
    0x0800b740   0x0800b740   0x00000086   Code   RO         1963    .text.mbedtls_oid_get_pk_alg  oid.o
    0x0800b7c6   0x0800b7c6   0x00000002   PAD
    0x0800b7c8   0x0800b7c8   0x00000026   Code   RO         2002    .text.mbedtls_pem_free  pem.o
    0x0800b7ee   0x0800b7ee   0x00000002   PAD
    0x0800b7f0   0x0800b7f0   0x0000000a   Code   RO         1998    .text.mbedtls_pem_init  pem.o
    0x0800b7fa   0x0800b7fa   0x00000002   PAD
    0x0800b7fc   0x0800b7fc   0x00000162   Code   RO         2000    .text.mbedtls_pem_read_buffer  pem.o
    0x0800b95e   0x0800b95e   0x00000002   PAD
    0x0800b960   0x0800b960   0x00000020   Code   RO         2016    .text.mbedtls_pk_free  pk.o
    0x0800b980   0x0800b980   0x00000012   Code   RO         2018    .text.mbedtls_pk_info_from_type  pk.o
    0x0800b992   0x0800b992   0x00000002   PAD
    0x0800b994   0x0800b994   0x00000008   Code   RO         2014    .text.mbedtls_pk_init  pk.o
    0x0800b99c   0x0800b99c   0x000001da   Code   RO         2146    .text.mbedtls_pk_parse_public_key  pkparse.o
    0x0800bb76   0x0800bb76   0x00000002   PAD
    0x0800bb78   0x0800bb78   0x00000102   Code   RO         2134    .text.mbedtls_pk_parse_subpubkey  pkparse.o
    0x0800bc7a   0x0800bc7a   0x00000002   PAD
    0x0800bc7c   0x0800bc7c   0x00000032   Code   RO         2020    .text.mbedtls_pk_setup  pk.o
    0x0800bcae   0x0800bcae   0x00000002   PAD
    0x0800bcb0   0x0800bcb0   0x00000052   Code   RO         2028    .text.mbedtls_pk_verify  pk.o
    0x0800bd02   0x0800bd02   0x00000002   PAD
    0x0800bd04   0x0800bd04   0x00000016   Code   RO         2176    .text.mbedtls_platform_zeroize  platform_util.o
    0x0800bd1a   0x0800bd1a   0x00000002   PAD
    0x0800bd1c   0x0800bd1c   0x000000a0   Code   RO         2229    .text.mbedtls_rsa_check_pub_priv  rsa.o
    0x0800bdbc   0x0800bdbc   0x0000007c   Code   RO         2227    .text.mbedtls_rsa_check_pubkey  rsa.o
    0x0800be38   0x0800be38   0x000001d6   Code   RO         2205    .text.mbedtls_rsa_complete  rsa.o
    0x0800c00e   0x0800c00e   0x00000002   PAD
    0x0800c010   0x0800c010   0x00000074   Code   RO         2288    .text.mbedtls_rsa_deduce_crt  rsa_alt_helpers.o
    0x0800c084   0x0800c084   0x00000232   Code   RO         2284    .text.mbedtls_rsa_deduce_primes  rsa_alt_helpers.o
    0x0800c2b6   0x0800c2b6   0x00000002   PAD
    0x0800c2b8   0x0800c2b8   0x000000c4   Code   RO         2286    .text.mbedtls_rsa_deduce_private_exponent  rsa_alt_helpers.o
    0x0800c37c   0x0800c37c   0x00000074   Code   RO         2225    .text.mbedtls_rsa_free  rsa.o
    0x0800c3f0   0x0800c3f0   0x00000004   Code   RO         2219    .text.mbedtls_rsa_get_len  rsa.o
    0x0800c3f4   0x0800c3f4   0x00000068   Code   RO         2203    .text.mbedtls_rsa_import_raw  rsa.o
    0x0800c45c   0x0800c45c   0x0000000a   Code   RO         2215    .text.mbedtls_rsa_init  rsa.o
    0x0800c466   0x0800c466   0x00000002   PAD
    0x0800c468   0x0800c468   0x00000090   Code   RO         2247    .text.mbedtls_rsa_pkcs1_decrypt  rsa.o
    0x0800c4f8   0x0800c4f8   0x000000f6   Code   RO         2241    .text.mbedtls_rsa_pkcs1_encrypt  rsa.o
    0x0800c5ee   0x0800c5ee   0x00000002   PAD
    0x0800c5f0   0x0800c5f0   0x00000048   Code   RO         2259    .text.mbedtls_rsa_pkcs1_sign  rsa.o
    0x0800c638   0x0800c638   0x00000050   Code   RO         2267    .text.mbedtls_rsa_pkcs1_verify  rsa.o
    0x0800c688   0x0800c688   0x000003ae   Code   RO         2233    .text.mbedtls_rsa_private  rsa.o
    0x0800ca36   0x0800ca36   0x00000002   PAD
    0x0800ca38   0x0800ca38   0x000000c6   Code   RO         2231    .text.mbedtls_rsa_public  rsa.o
    0x0800cafe   0x0800cafe   0x00000002   PAD
    0x0800cb00   0x0800cb00   0x000002ca   Code   RO         2243    .text.mbedtls_rsa_rsaes_oaep_decrypt  rsa.o
    0x0800cdca   0x0800cdca   0x00000002   PAD
    0x0800cdcc   0x0800cdcc   0x00000132   Code   RO         2235    .text.mbedtls_rsa_rsaes_oaep_encrypt  rsa.o
    0x0800cefe   0x0800cefe   0x00000002   PAD
    0x0800cf00   0x0800cf00   0x000000fc   Code   RO         2255    .text.mbedtls_rsa_rsassa_pkcs1_v15_sign  rsa.o
    0x0800cffc   0x0800cffc   0x0000009c   Code   RO         2265    .text.mbedtls_rsa_rsassa_pkcs1_v15_verify  rsa.o
    0x0800d098   0x0800d098   0x00000210   Code   RO         2261    .text.mbedtls_rsa_rsassa_pss_verify_ext  rsa.o
    0x0800d2a8   0x0800d2a8   0x0000013e   Code   RO         2292    .text.mbedtls_rsa_validate_crt  rsa_alt_helpers.o
    0x0800d3e6   0x0800d3e6   0x00000002   PAD
    0x0800d3e8   0x0800d3e8   0x00000206   Code   RO         2290    .text.mbedtls_rsa_validate_params  rsa_alt_helpers.o
    0x0800d5ee   0x0800d5ee   0x00000002   PAD
    0x0800d5f0   0x0800d5f0   0x0000008e   Code   RO         2316    .text.mbedtls_sha1  sha1.o
    0x0800d67e   0x0800d67e   0x00000002   PAD
    0x0800d680   0x0800d680   0x000000e4   Code   RO         2314    .text.mbedtls_sha1_finish  sha1.o
    0x0800d764   0x0800d764   0x0000000c   Code   RO         2304    .text.mbedtls_sha1_free  sha1.o
    0x0800d770   0x0800d770   0x0000000a   Code   RO         2302    .text.mbedtls_sha1_init  sha1.o
    0x0800d77a   0x0800d77a   0x00000002   PAD
    0x0800d77c   0x0800d77c   0x00000040   Code   RO         2308    .text.mbedtls_sha1_starts  sha1.o
    0x0800d7bc   0x0800d7bc   0x0000007e   Code   RO         2312    .text.mbedtls_sha1_update  sha1.o
    0x0800d83a   0x0800d83a   0x00000002   PAD
    0x0800d83c   0x0800d83c   0x000000fa   Code   RO         2345    .text.mbedtls_sha256  sha256.o
    0x0800d936   0x0800d936   0x00000002   PAD
    0x0800d938   0x0800d938   0x0000012a   Code   RO         2343    .text.mbedtls_sha256_finish  sha256.o
    0x0800da62   0x0800da62   0x00000002   PAD
    0x0800da64   0x0800da64   0x0000000c   Code   RO         2333    .text.mbedtls_sha256_free  sha256.o
    0x0800da70   0x0800da70   0x0000000a   Code   RO         2331    .text.mbedtls_sha256_init  sha256.o
    0x0800da7a   0x0800da7a   0x00000002   PAD
    0x0800da7c   0x0800da7c   0x000000a6   Code   RO         2337    .text.mbedtls_sha256_starts  sha256.o
    0x0800db22   0x0800db22   0x00000002   PAD
    0x0800db24   0x0800db24   0x0000007e   Code   RO         2341    .text.mbedtls_sha256_update  sha256.o
    0x0800dba2   0x0800dba2   0x00000002   PAD
    0x0800dba4   0x0800dba4   0x000001ac   Code   RO         2375    .text.mbedtls_sha512  sha512.o
    0x0800dd50   0x0800dd50   0x00000276   Code   RO         2373    .text.mbedtls_sha512_finish  sha512.o
    0x0800dfc6   0x0800dfc6   0x00000002   PAD
    0x0800dfc8   0x0800dfc8   0x0000000c   Code   RO         2363    .text.mbedtls_sha512_free  sha512.o
    0x0800dfd4   0x0800dfd4   0x0000000a   Code   RO         2361    .text.mbedtls_sha512_init  sha512.o
    0x0800dfde   0x0800dfde   0x00000002   PAD
    0x0800dfe0   0x0800dfe0   0x00000162   Code   RO         2367    .text.mbedtls_sha512_starts  sha512.o
    0x0800e142   0x0800e142   0x00000002   PAD
    0x0800e144   0x0800e144   0x0000009a   Code   RO         2371    .text.mbedtls_sha512_update  sha512.o
    0x0800e1de   0x0800e1de   0x00000002   PAD
    0x0800e1e0   0x0800e1e0   0x00000164   Code   RO         2237    .text.mgf_mask      rsa.o
    0x0800e344   0x0800e344   0x0000090c   Code   RO         1630    .text.mpi_miller_rabin  bignum.o
    0x0800ec50   0x0800ec50   0x0000021a   Code   RO         1618    .text.mpi_montmul   bignum.o
    0x0800ee6a   0x0800ee6a   0x00000002   PAD
    0x0800ee6c   0x0800ee6c   0x00000390   Code   RO         1606    .text.mpi_mul_hlp   bignum.o
    0x0800f1fc   0x0800f1fc   0x00000040   Code   RO          118    .text.myUART_IRQ_Handler  uart.o
    0x0800f23c   0x0800f23c   0x000000c6   Code   RO           89    .text.my_free       ram_mgmt.o
    0x0800f302   0x0800f302   0x00000002   PAD
    0x0800f304   0x0800f304   0x00000128   Code   RO           91    .text.my_malloc     ram_mgmt.o
    0x0800f42c   0x0800f42c   0x00000034   Code   RO           77    .text.my_mem_init   ram_mgmt.o
    0x0800f460   0x0800f460   0x000000a8   Code   RO           79    .text.my_mem_perused  ram_mgmt.o
    0x0800f508   0x0800f508   0x00000014   Code   RO           95    .text.my_memclear   ram_mgmt.o
    0x0800f51c   0x0800f51c   0x00000072   Code   RO           81    .text.my_memcpy     ram_mgmt.o
    0x0800f58e   0x0800f58e   0x00000002   PAD
    0x0800f590   0x0800f590   0x000000e0   Code   RO         2136    .text.pk_get_rsapubkey  pkparse.o
    0x0800f670   0x0800f670   0x00000018   Code   RO         2073    .text.rsa_alloc_wrap  pk_wrap.o
    0x0800f688   0x0800f688   0x00000014   Code   RO         2061    .text.rsa_can_do    pk_wrap.o
    0x0800f69c   0x0800f69c   0x000000bc   Code   RO         2207    .text.rsa_check_context  rsa.o
    0x0800f758   0x0800f758   0x00000004   Code   RO         2071    .text.rsa_check_pair_wrap  pk_wrap.o
    0x0800f75c   0x0800f75c   0x0000002c   Code   RO         2077    .text.rsa_debug     pk_wrap.o
    0x0800f788   0x0800f788   0x00000038   Code   RO         2067    .text.rsa_decrypt_wrap  pk_wrap.o
    0x0800f7c0   0x0800f7c0   0x00000044   Code   RO         2069    .text.rsa_encrypt_wrap  pk_wrap.o
    0x0800f804   0x0800f804   0x00000012   Code   RO         2075    .text.rsa_free_wrap  pk_wrap.o
    0x0800f816   0x0800f816   0x00000002   PAD
    0x0800f818   0x0800f818   0x0000000a   Code   RO         2059    .text.rsa_get_bitlen  pk_wrap.o
    0x0800f822   0x0800f822   0x00000002   PAD
    0x0800f824   0x0800f824   0x00000122   Code   RO         2257    .text.rsa_rsassa_pkcs1_v15_encode  rsa.o
    0x0800f946   0x0800f946   0x00000002   PAD
    0x0800f948   0x0800f948   0x000001a6   Code   RO         2251    .text.rsa_rsassa_pss_sign  rsa.o
    0x0800faee   0x0800faee   0x00000002   PAD
    0x0800faf0   0x0800faf0   0x00000046   Code   RO         2065    .text.rsa_sign_wrap  pk_wrap.o
    0x0800fb36   0x0800fb36   0x00000002   PAD
    0x0800fb38   0x0800fb38   0x00000054   Code   RO         2063    .text.rsa_verify_wrap  pk_wrap.o
    0x0800fb8c   0x0800fb8c   0x0000001a   Code   RO         2733    x$fpl$fpinit        fz_wm.l(fpinit.o)
    0x0800fba6   0x0800fba6   0x00000028   Data   RO         2495    .constdata          c_w.l(_printf_hex_int.o)
    0x0800fbce   0x0800fbce   0x00000010   Data   RO         1352    .rodata.AHBPrescTable  system_stm32l4xx.o
    0x0800fbde   0x0800fbde   0x00000008   Data   RO         1353    .rodata.APBPrescTable  system_stm32l4xx.o
    0x0800fbe6   0x0800fbe6   0x00000002   PAD
    0x0800fbe8   0x0800fbe8   0x00000100   Data   RO         2349    .rodata.K           sha256.o
    0x0800fce8   0x0800fce8   0x00000280   Data   RO         2379    .rodata.K           sha512.o
    0x0800ff68   0x0800ff68   0x00000030   Data   RO         1354    .rodata.MSIRangeTable  system_stm32l4xx.o
    0x0800ff98   0x0800ff98   0x00000010   Data   RO         1308    .rodata.cst16       stm32l4xx_hal_uart.o
    0x0800ffa8   0x0800ffa8   0x00000030   Data   RO         2094    .rodata.mbedtls_rsa_info  pk_wrap.o
    0x0800ffd8   0x0800ffd8   0x00000008   Data   RO         1927    .rodata.mbedtls_sha1_info  md.o
    0x0800ffe0   0x0800ffe0   0x00000008   Data   RO         1928    .rodata.mbedtls_sha224_info  md.o
    0x0800ffe8   0x0800ffe8   0x00000008   Data   RO         1929    .rodata.mbedtls_sha256_info  md.o
    0x0800fff0   0x0800fff0   0x00000008   Data   RO         1930    .rodata.mbedtls_sha384_info  md.o
    0x0800fff8   0x0800fff8   0x00000008   Data   RO         1931    .rodata.mbedtls_sha512_info  md.o
    0x08010000   0x08010000   0x00000008   Data   RO          100    .rodata.memblksize  ram_mgmt.o
    0x08010008   0x08010008   0x00000004   Data   RO         2178    .rodata.memset_func  platform_util.o
    0x0801000c   0x0801000c   0x00000008   Data   RO          101    .rodata.memsize     ram_mgmt.o
    0x08010014   0x08010014   0x00000008   Data   RO           99    .rodata.memtblsize  ram_mgmt.o
    0x0801001c   0x0801001c   0x00000078   Data   RO         1981    .rodata.oid_md_alg  oid.o
    0x08010094   0x08010094   0x00000050   Data   RO         1980    .rodata.oid_pk_alg  oid.o
    0x080100e4   0x080100e4   0x000002a0   Data   RO         1638    .rodata.small_prime  bignum.o
    0x08010384   0x08010384   0x00000021   Data   RO         1926    .rodata.str1.1      md.o
    0x080103a5   0x080103a5   0x000000e4   Data   RO         1983    .rodata.str1.1      oid.o
    0x08010489   0x08010489   0x00000003   PAD
    0x0801048c   0x0801048c   0x00000020   Data   RO         2884    Region$$Table       anon$$obj.o


    Execution Region RW_IRAM1 (Exec base: 0x20000000, Load base: 0x080104c0, Size: 0x00016188, Max: 0x00018000, ABSOLUTE)

    Exec Addr    Load Addr    Size         Type   Attr      Idx    E Section Name        Object

    0x20000000   0x080104c0   0x00000008   Data   RW          613    .data..L_MergedGlobals  stm32l4xx_hal.o
    0x20000008   0x080104c8   0x00000004   Data   RW         1351    .data.SystemCoreClock  system_stm32l4xx.o
    0x2000000c   0x080104cc   0x0000001c   Data   RW          105    .data.mallco_dev    ram_mgmt.o
    0x20000028   0x080104e8   0x00000018   PAD
    0x20000040        -       0x00000060   Zero   RW         2679    .bss                c_w.l(libspace.o)
    0x200000a0        -       0x00000064   Zero   RW          159    .bss..L_MergedGlobals  main.o
    0x20000104        -       0x00000048   Zero   RW          155    .bss.hdma_usart1_rx  main.o
    0x2000014c        -       0x00000048   Zero   RW          157    .bss.hdma_usart1_tx  main.o
    0x20000194        -       0x0000004c   Zero   RW          156    .bss.htim17         main.o
    0x200001e0        -       0x00000084   Zero   RW          154    .bss.huart1         main.o
    0x20000264   0x080104e8   0x0000001c   PAD
    0x20000280        -       0x0000f000   Zero   RW          102    .bss.mem1base       ram_mgmt.o
    0x2000f280        -       0x00000f00   Zero   RW          104    .bss.mem1mapbase    ram_mgmt.o
    0x20010180        -       0x00000004   Zero   RW          134    .bss.uartList       uart.o
    0x20010184        -       0x00000004   Zero   RW          612    .bss.uwTick         stm32l4xx_hal.o
    0x20010188        -       0x00004000   Zero   RW            2    HEAP                startup_stm32l471xx.o
    0x20014188        -       0x00002000   Zero   RW            1    STACK               startup_stm32l471xx.o



  Load Region LR$$.bss.ARM.__at_0x10000000 (Base: 0x10000000, Size: 0x00000000, Max: 0x00007f80, ABSOLUTE)

    Execution Region ER$$.bss.ARM.__at_0x10000000 (Exec base: 0x10000000, Load base: 0x10000000, Size: 0x00007f80, Max: 0x00007f80, ABSOLUTE, UNINIT)

    Exec Addr    Load Addr    Size         Type   Attr      Idx    E Section Name        Object

    0x10000000        -       0x00007f80   Zero   RW          103    .bss.ARM.__at_0x10000000  ram_mgmt.o


==============================================================================

Image component sizes


      Code (inc. data)   RO Data    RW Data    ZI Data      Debug   Object Name

       626         12          0          0          0      15815   asn1parse.o
       504          0          0          0          0       4005   base64.o
     21448          0        672          0          0     120627   bignum.o
      1808          0          0          0          0      15699   constant_time.o
        90          0          0          0          0       2063   delay.o
       854         28          0          0        452      12173   main.o
       602         56         73          0          0      10977   md.o
       126          0          0          0          0       5562   my_list.o
       214         40        428          0          0      13375   oid.o
       402         24          0          0          0       4333   pem.o
       190          0          0          0          0      12126   pk.o
       398         16         48          0          0      10272   pk_wrap.o
       956        120          0          0          0      15789   pkparse.o
        22          0          4          0          0        875   platform_util.o
       848          0         24         28      97920      10408   ram_mgmt.o
      5882          0          0          0          0      36270   rsa.o
      1710         56          0          0          0       5673   rsa_alt_helpers.o
      4742          0          0          0          0       8550   sha1.o
      2840          0        256          0          0       8201   sha256.o
      4242          0        640          0          0       7366   sha512.o
        64         26        392          0      24576        840   startup_stm32l471xx.o
       146          0          0          8          4       8808   stm32l4xx_hal.o
       194          0          0          0          0      10530   stm32l4xx_hal_cortex.o
       714          0          0          0          0       7785   stm32l4xx_hal_dma.o
       512          0          0          0          0       5740   stm32l4xx_hal_gpio.o
       378          0          0          0          0      10433   stm32l4xx_hal_msp.o
       168          0          0          0          0       9395   stm32l4xx_hal_pwr_ex.o
      2820          0          0          0          0      12053   stm32l4xx_hal_rcc.o
      1620          8          0          0          0      14214   stm32l4xx_hal_rcc_ex.o
       588          0          0          0          0      59805   stm32l4xx_hal_tim.o
      5390         48         16          0          0      35618   stm32l4xx_hal_uart.o
         2          0          0          0          0       8885   stm32l4xx_hal_uart_ex.o
        74          0          0          0          0       4511   stm32l4xx_it.o
        18          0         72          4          0       2944   system_stm32l4xx.o
       364          0          0          0          4       7535   uart.o

    ----------------------------------------------------------------------
     61780        434       2662         40     123008     519255   Object Totals
         0          0         32          0          0          0   (incl. Generated)
       224          0          5          0         52          0   (incl. Padding)

    ----------------------------------------------------------------------

      Code (inc. data)   RO Data    RW Data    ZI Data      Debug   Library Member Name

         8          0          0          0          0         68   __main.o
         0          0          0          0          0          0   __rtentry.o
        12          0          0          0          0          0   __rtentry2.o
         6          0          0          0          0          0   __rtentry4.o
        52          8          0          0          0          0   __scatter.o
        26          0          0          0          0          0   __scatter_copy.o
        28          0          0          0          0          0   __scatter_zi.o
         6          0          0          0          0          0   _printf_d.o
       120         16          0          0          0         92   _printf_dec.o
        88          4         40          0          0         88   _printf_hex_int.o
       178          0          0          0          0         88   _printf_intcommon.o
        78          0          0          0          0        108   _printf_pad.o
         0          0          0          0          0          0   _printf_percent.o
         4          0          0          0          0          0   _printf_percent_end.o
         6          0          0          0          0          0   _printf_u.o
         6          0          0          0          0          0   _printf_x.o
        16          0          0          0          0         68   aeabi_memset.o
        40          0          0          0          0         80   calloc.o
        10          0          0          0          0         68   defsig_exit.o
        50          0          0          0          0         88   defsig_general.o
        80         58          0          0          0         76   defsig_rtmem_inner.o
        14          0          0          0          0         80   defsig_rtmem_outer.o
        18          0          0          0          0         80   exit.o
        94          0          0          0          0         80   h1_alloc.o
        52          0          0          0          0         68   h1_extend.o
        78          0          0          0          0         80   h1_free.o
        14          0          0          0          0         84   h1_init.o
         6          0          0          0          0        152   heapauxi.o
         4          0          0          0          0        136   hguard.o
         0          0          0          0          0          0   indicate_semi.o
       138          0          0          0          0        168   init_alloc.o
         2          0          0          0          0          0   libinit.o
        14          0          0          0          0          0   libinit2.o
         2          0          0          0          0          0   libshutdown.o
         2          0          0          0          0          0   libshutdown2.o
         8          4          0          0         96         68   libspace.o
       240          0          0          0          0        100   lludivv7m.o
         0          0          0          0          0          0   maybetermalloc1.o
        88          0          0          0          0         76   memcmp.o
        22          0          0          0          0         76   memset.o
         8          4          0          0          0         68   rt_heap_descriptor_intlibspace.o
        68          0          0          0          0         68   rt_memclr.o
        78          0          0          0          0         80   rt_memclr_w.o
       138          0          0          0          0         68   rt_memcpy_v6.o
       100          0          0          0          0         80   rt_memcpy_w.o
         2          0          0          0          0          0   rtexit.o
        10          0          0          0          0          0   rtexit2.o
        62          0          0          0          0         76   strlen.o
        36          0          0          0          0         80   strstr.o
        12          4          0          0          0         68   sys_exit.o
        74          0          0          0          0         80   sys_stackheap_outer.o
        14          0          0          0          0         76   sys_wrch.o
         2          0          0          0          0         68   use_no_semi.o
        26          0          0          0          0        116   fpinit.o

    ----------------------------------------------------------------------
      2250         98         40          0         96       3000   Library Totals
        10          0          0          0          0          0   (incl. Padding)

    ----------------------------------------------------------------------

      Code (inc. data)   RO Data    RW Data    ZI Data      Debug   Library Name

      2214         98         40          0         96       2884   c_w.l
        26          0          0          0          0        116   fz_wm.l

    ----------------------------------------------------------------------
      2250         98         40          0         96       3000   Library Totals

    ----------------------------------------------------------------------

==============================================================================


      Code (inc. data)   RO Data    RW Data    ZI Data      Debug   

     64030        532       2702         40     123104     519983   Grand Totals
     64030        532       2702         40     123104     519983   ELF Image Totals
     64030        532       2702         40          0          0   ROM Totals

==============================================================================

    Total RO  Size (Code + RO Data)                66732 (  65.17kB)
    Total RW  Size (RW Data + ZI Data)            123144 ( 120.26kB)
    Total ROM Size (Code + RO Data + RW Data)      66772 (  65.21kB)

==============================================================================

